<!doctype html public "-//w3c//dtd html 4.0 transitional//en">
<html><head>
<title>Static Call Graph - [.\Objects\template.axf]</title></head>
<body><HR>
<H1>Static Call Graph for image .\Objects\template.axf</H1><HR>
<BR><P>#&#060CALLGRAPH&#062# ARM Linker, 5060750: Last Updated: Wed May 24 21:48:45 2023
<BR><P>
<H3>Maximum Stack Usage =        136 bytes + Unknown(Cycles, Untraceable Function Pointers)</H3><H3>
Call chain for Maximum Stack Depth:</H3>
main &rArr; read_hc_sr04 &rArr; __aeabi_dmul &rArr; _double_epilogue &rArr; _double_round
<P>
<H3>
Mutually Recursive functions
</H3> <LI><a href="#[1]">NMI_Handler</a>&nbsp;&nbsp;&nbsp;&rArr;&nbsp;&nbsp;&nbsp;<a href="#[1]">NMI_Handler</a><BR>
 <LI><a href="#[2]">HardFault_Handler</a>&nbsp;&nbsp;&nbsp;&rArr;&nbsp;&nbsp;&nbsp;<a href="#[2]">HardFault_Handler</a><BR>
 <LI><a href="#[3]">MemManage_Handler</a>&nbsp;&nbsp;&nbsp;&rArr;&nbsp;&nbsp;&nbsp;<a href="#[3]">MemManage_Handler</a><BR>
 <LI><a href="#[4]">BusFault_Handler</a>&nbsp;&nbsp;&nbsp;&rArr;&nbsp;&nbsp;&nbsp;<a href="#[4]">BusFault_Handler</a><BR>
 <LI><a href="#[5]">UsageFault_Handler</a>&nbsp;&nbsp;&nbsp;&rArr;&nbsp;&nbsp;&nbsp;<a href="#[5]">UsageFault_Handler</a><BR>
 <LI><a href="#[6]">SVC_Handler</a>&nbsp;&nbsp;&nbsp;&rArr;&nbsp;&nbsp;&nbsp;<a href="#[6]">SVC_Handler</a><BR>
 <LI><a href="#[7]">DebugMon_Handler</a>&nbsp;&nbsp;&nbsp;&rArr;&nbsp;&nbsp;&nbsp;<a href="#[7]">DebugMon_Handler</a><BR>
 <LI><a href="#[8]">PendSV_Handler</a>&nbsp;&nbsp;&nbsp;&rArr;&nbsp;&nbsp;&nbsp;<a href="#[8]">PendSV_Handler</a><BR>
 <LI><a href="#[9]">SysTick_Handler</a>&nbsp;&nbsp;&nbsp;&rArr;&nbsp;&nbsp;&nbsp;<a href="#[9]">SysTick_Handler</a><BR>
 <LI><a href="#[22]">ADC14_IRQHandler</a>&nbsp;&nbsp;&nbsp;&rArr;&nbsp;&nbsp;&nbsp;<a href="#[22]">ADC14_IRQHandler</a><BR>
</UL>
<P>
<H3>
Function Pointers
</H3><UL>
 <LI><a href="#[22]">ADC14_IRQHandler</a> from startup_msp432p401r_uvision.o(.text) referenced from startup_msp432p401r_uvision.o(RESET)
 <LI><a href="#[26]">AES256_IRQHandler</a> from startup_msp432p401r_uvision.o(.text) referenced from startup_msp432p401r_uvision.o(RESET)
 <LI><a href="#[4]">BusFault_Handler</a> from startup_msp432p401r_uvision.o(.text) referenced from startup_msp432p401r_uvision.o(RESET)
 <LI><a href="#[10]">COMP_E0_IRQHandler</a> from startup_msp432p401r_uvision.o(.text) referenced from startup_msp432p401r_uvision.o(RESET)
 <LI><a href="#[11]">COMP_E1_IRQHandler</a> from startup_msp432p401r_uvision.o(.text) referenced from startup_msp432p401r_uvision.o(RESET)
 <LI><a href="#[b]">CS_IRQHandler</a> from startup_msp432p401r_uvision.o(.text) referenced from startup_msp432p401r_uvision.o(RESET)
 <LI><a href="#[28]">DMA_ERR_IRQHandler</a> from startup_msp432p401r_uvision.o(.text) referenced from startup_msp432p401r_uvision.o(RESET)
 <LI><a href="#[2c]">DMA_INT0_IRQHandler</a> from startup_msp432p401r_uvision.o(.text) referenced from startup_msp432p401r_uvision.o(RESET)
 <LI><a href="#[2b]">DMA_INT1_IRQHandler</a> from startup_msp432p401r_uvision.o(.text) referenced from startup_msp432p401r_uvision.o(RESET)
 <LI><a href="#[2a]">DMA_INT2_IRQHandler</a> from startup_msp432p401r_uvision.o(.text) referenced from startup_msp432p401r_uvision.o(RESET)
 <LI><a href="#[29]">DMA_INT3_IRQHandler</a> from startup_msp432p401r_uvision.o(.text) referenced from startup_msp432p401r_uvision.o(RESET)
 <LI><a href="#[7]">DebugMon_Handler</a> from startup_msp432p401r_uvision.o(.text) referenced from startup_msp432p401r_uvision.o(RESET)
 <LI><a href="#[1a]">EUSCIA0_IRQHandler</a> from startup_msp432p401r_uvision.o(.text) referenced from startup_msp432p401r_uvision.o(RESET)
 <LI><a href="#[1b]">EUSCIA1_IRQHandler</a> from startup_msp432p401r_uvision.o(.text) referenced from startup_msp432p401r_uvision.o(RESET)
 <LI><a href="#[1c]">EUSCIA2_IRQHandler</a> from startup_msp432p401r_uvision.o(.text) referenced from startup_msp432p401r_uvision.o(RESET)
 <LI><a href="#[1d]">EUSCIA3_IRQHandler</a> from startup_msp432p401r_uvision.o(.text) referenced from startup_msp432p401r_uvision.o(RESET)
 <LI><a href="#[1e]">EUSCIB0_IRQHandler</a> from startup_msp432p401r_uvision.o(.text) referenced from startup_msp432p401r_uvision.o(RESET)
 <LI><a href="#[1f]">EUSCIB1_IRQHandler</a> from startup_msp432p401r_uvision.o(.text) referenced from startup_msp432p401r_uvision.o(RESET)
 <LI><a href="#[20]">EUSCIB2_IRQHandler</a> from startup_msp432p401r_uvision.o(.text) referenced from startup_msp432p401r_uvision.o(RESET)
 <LI><a href="#[21]">EUSCIB3_IRQHandler</a> from startup_msp432p401r_uvision.o(.text) referenced from startup_msp432p401r_uvision.o(RESET)
 <LI><a href="#[f]">FLCTL_IRQHandler</a> from startup_msp432p401r_uvision.o(.text) referenced from startup_msp432p401r_uvision.o(RESET)
 <LI><a href="#[e]">FPU_IRQHandler</a> from startup_msp432p401r_uvision.o(.text) referenced from startup_msp432p401r_uvision.o(RESET)
 <LI><a href="#[2]">HardFault_Handler</a> from startup_msp432p401r_uvision.o(.text) referenced from startup_msp432p401r_uvision.o(RESET)
 <LI><a href="#[3]">MemManage_Handler</a> from startup_msp432p401r_uvision.o(.text) referenced from startup_msp432p401r_uvision.o(RESET)
 <LI><a href="#[1]">NMI_Handler</a> from startup_msp432p401r_uvision.o(.text) referenced from startup_msp432p401r_uvision.o(RESET)
 <LI><a href="#[c]">PCM_IRQHandler</a> from startup_msp432p401r_uvision.o(.text) referenced from startup_msp432p401r_uvision.o(RESET)
 <LI><a href="#[2d]">PORT1_IRQHandler</a> from startup_msp432p401r_uvision.o(.text) referenced from startup_msp432p401r_uvision.o(RESET)
 <LI><a href="#[2e]">PORT2_IRQHandler</a> from hc-sr04.o(i.PORT2_IRQHandler) referenced from startup_msp432p401r_uvision.o(RESET)
 <LI><a href="#[2f]">PORT3_IRQHandler</a> from startup_msp432p401r_uvision.o(.text) referenced from startup_msp432p401r_uvision.o(RESET)
 <LI><a href="#[30]">PORT4_IRQHandler</a> from startup_msp432p401r_uvision.o(.text) referenced from startup_msp432p401r_uvision.o(RESET)
 <LI><a href="#[31]">PORT5_IRQHandler</a> from startup_msp432p401r_uvision.o(.text) referenced from startup_msp432p401r_uvision.o(RESET)
 <LI><a href="#[32]">PORT6_IRQHandler</a> from startup_msp432p401r_uvision.o(.text) referenced from startup_msp432p401r_uvision.o(RESET)
 <LI><a href="#[a]">PSS_IRQHandler</a> from startup_msp432p401r_uvision.o(.text) referenced from startup_msp432p401r_uvision.o(RESET)
 <LI><a href="#[8]">PendSV_Handler</a> from startup_msp432p401r_uvision.o(.text) referenced from startup_msp432p401r_uvision.o(RESET)
 <LI><a href="#[27]">RTC_C_IRQHandler</a> from startup_msp432p401r_uvision.o(.text) referenced from startup_msp432p401r_uvision.o(RESET)
 <LI><a href="#[0]">Reset_Handler</a> from startup_msp432p401r_uvision.o(.text) referenced from startup_msp432p401r_uvision.o(RESET)
 <LI><a href="#[6]">SVC_Handler</a> from startup_msp432p401r_uvision.o(.text) referenced from startup_msp432p401r_uvision.o(RESET)
 <LI><a href="#[9]">SysTick_Handler</a> from startup_msp432p401r_uvision.o(.text) referenced from startup_msp432p401r_uvision.o(RESET)
 <LI><a href="#[34]">SystemInit</a> from system_msp432p401r.o(i.SystemInit) referenced from startup_msp432p401r_uvision.o(.text)
 <LI><a href="#[23]">T32_INT1_IRQHandler</a> from startup_msp432p401r_uvision.o(.text) referenced from startup_msp432p401r_uvision.o(RESET)
 <LI><a href="#[24]">T32_INT2_IRQHandler</a> from startup_msp432p401r_uvision.o(.text) referenced from startup_msp432p401r_uvision.o(RESET)
 <LI><a href="#[25]">T32_INTC_IRQHandler</a> from startup_msp432p401r_uvision.o(.text) referenced from startup_msp432p401r_uvision.o(RESET)
 <LI><a href="#[12]">TA0_0_IRQHandler</a> from startup_msp432p401r_uvision.o(.text) referenced from startup_msp432p401r_uvision.o(RESET)
 <LI><a href="#[13]">TA0_N_IRQHandler</a> from hc-sr04.o(i.TA0_N_IRQHandler) referenced from startup_msp432p401r_uvision.o(RESET)
 <LI><a href="#[14]">TA1_0_IRQHandler</a> from startup_msp432p401r_uvision.o(.text) referenced from startup_msp432p401r_uvision.o(RESET)
 <LI><a href="#[15]">TA1_N_IRQHandler</a> from startup_msp432p401r_uvision.o(.text) referenced from startup_msp432p401r_uvision.o(RESET)
 <LI><a href="#[16]">TA2_0_IRQHandler</a> from startup_msp432p401r_uvision.o(.text) referenced from startup_msp432p401r_uvision.o(RESET)
 <LI><a href="#[17]">TA2_N_IRQHandler</a> from startup_msp432p401r_uvision.o(.text) referenced from startup_msp432p401r_uvision.o(RESET)
 <LI><a href="#[18]">TA3_0_IRQHandler</a> from startup_msp432p401r_uvision.o(.text) referenced from startup_msp432p401r_uvision.o(RESET)
 <LI><a href="#[19]">TA3_N_IRQHandler</a> from startup_msp432p401r_uvision.o(.text) referenced from startup_msp432p401r_uvision.o(RESET)
 <LI><a href="#[5]">UsageFault_Handler</a> from startup_msp432p401r_uvision.o(.text) referenced from startup_msp432p401r_uvision.o(RESET)
 <LI><a href="#[d]">WDT_A_IRQHandler</a> from startup_msp432p401r_uvision.o(.text) referenced from startup_msp432p401r_uvision.o(RESET)
 <LI><a href="#[35]">__main</a> from entry.o(.ARM.Collect$$$$00000000) referenced from startup_msp432p401r_uvision.o(.text)
 <LI><a href="#[36]">_sputc</a> from printfa.o(i._sputc) referenced from printfa.o(i.__0sprintf)
 <LI><a href="#[33]">main</a> from main.o(i.main) referenced from entry9a.o(.ARM.Collect$$$$0000000B)
</UL>
<P>
<H3>
Global Symbols
</H3>
<P><STRONG><a name="[35]"></a>__main</STRONG> (Thumb, 0 bytes, Stack size unknown bytes, entry.o(.ARM.Collect$$$$00000000))
<BR>[Address Reference Count : 1]<UL><LI> startup_msp432p401r_uvision.o(.text)
</UL>
<P><STRONG><a name="[73]"></a>_main_stk</STRONG> (Thumb, 0 bytes, Stack size unknown bytes, entry2.o(.ARM.Collect$$$$00000001))

<P><STRONG><a name="[37]"></a>_main_scatterload</STRONG> (Thumb, 0 bytes, Stack size unknown bytes, entry5.o(.ARM.Collect$$$$00000004))
<BR><BR>[Calls]<UL><LI><a href="#[38]">&gt;&gt;</a>&nbsp;&nbsp;&nbsp;__scatterload
</UL>

<P><STRONG><a name="[48]"></a>__main_after_scatterload</STRONG> (Thumb, 0 bytes, Stack size unknown bytes, entry5.o(.ARM.Collect$$$$00000004))
<BR><BR>[Called By]<UL><LI><a href="#[38]">&gt;&gt;</a>&nbsp;&nbsp;&nbsp;__scatterload
</UL>

<P><STRONG><a name="[74]"></a>_main_clock</STRONG> (Thumb, 0 bytes, Stack size unknown bytes, entry7b.o(.ARM.Collect$$$$00000008))

<P><STRONG><a name="[75]"></a>_main_cpp_init</STRONG> (Thumb, 0 bytes, Stack size unknown bytes, entry8b.o(.ARM.Collect$$$$0000000A))

<P><STRONG><a name="[76]"></a>_main_init</STRONG> (Thumb, 0 bytes, Stack size unknown bytes, entry9a.o(.ARM.Collect$$$$0000000B))

<P><STRONG><a name="[77]"></a>__rt_final_cpp</STRONG> (Thumb, 0 bytes, Stack size unknown bytes, entry10a.o(.ARM.Collect$$$$0000000D))

<P><STRONG><a name="[78]"></a>__rt_final_exit</STRONG> (Thumb, 0 bytes, Stack size unknown bytes, entry11a.o(.ARM.Collect$$$$0000000F))

<P><STRONG><a name="[0]"></a>Reset_Handler</STRONG> (Thumb, 8 bytes, Stack size 0 bytes, startup_msp432p401r_uvision.o(.text))
<BR>[Address Reference Count : 1]<UL><LI> startup_msp432p401r_uvision.o(RESET)
</UL>
<P><STRONG><a name="[1]"></a>NMI_Handler</STRONG> (Thumb, 2 bytes, Stack size 0 bytes, startup_msp432p401r_uvision.o(.text))
<BR><BR>[Calls]<UL><LI><a href="#[1]">&gt;&gt;</a>&nbsp;&nbsp;&nbsp;NMI_Handler
</UL>
<BR>[Called By]<UL><LI><a href="#[1]">&gt;&gt;</a>&nbsp;&nbsp;&nbsp;NMI_Handler
</UL>
<BR>[Address Reference Count : 1]<UL><LI> startup_msp432p401r_uvision.o(RESET)
</UL>
<P><STRONG><a name="[2]"></a>HardFault_Handler</STRONG> (Thumb, 2 bytes, Stack size 0 bytes, startup_msp432p401r_uvision.o(.text))
<BR><BR>[Calls]<UL><LI><a href="#[2]">&gt;&gt;</a>&nbsp;&nbsp;&nbsp;HardFault_Handler
</UL>
<BR>[Called By]<UL><LI><a href="#[2]">&gt;&gt;</a>&nbsp;&nbsp;&nbsp;HardFault_Handler
</UL>
<BR>[Address Reference Count : 1]<UL><LI> startup_msp432p401r_uvision.o(RESET)
</UL>
<P><STRONG><a name="[3]"></a>MemManage_Handler</STRONG> (Thumb, 2 bytes, Stack size 0 bytes, startup_msp432p401r_uvision.o(.text))
<BR><BR>[Calls]<UL><LI><a href="#[3]">&gt;&gt;</a>&nbsp;&nbsp;&nbsp;MemManage_Handler
</UL>
<BR>[Called By]<UL><LI><a href="#[3]">&gt;&gt;</a>&nbsp;&nbsp;&nbsp;MemManage_Handler
</UL>
<BR>[Address Reference Count : 1]<UL><LI> startup_msp432p401r_uvision.o(RESET)
</UL>
<P><STRONG><a name="[4]"></a>BusFault_Handler</STRONG> (Thumb, 2 bytes, Stack size 0 bytes, startup_msp432p401r_uvision.o(.text))
<BR><BR>[Calls]<UL><LI><a href="#[4]">&gt;&gt;</a>&nbsp;&nbsp;&nbsp;BusFault_Handler
</UL>
<BR>[Called By]<UL><LI><a href="#[4]">&gt;&gt;</a>&nbsp;&nbsp;&nbsp;BusFault_Handler
</UL>
<BR>[Address Reference Count : 1]<UL><LI> startup_msp432p401r_uvision.o(RESET)
</UL>
<P><STRONG><a name="[5]"></a>UsageFault_Handler</STRONG> (Thumb, 2 bytes, Stack size 0 bytes, startup_msp432p401r_uvision.o(.text))
<BR><BR>[Calls]<UL><LI><a href="#[5]">&gt;&gt;</a>&nbsp;&nbsp;&nbsp;UsageFault_Handler
</UL>
<BR>[Called By]<UL><LI><a href="#[5]">&gt;&gt;</a>&nbsp;&nbsp;&nbsp;UsageFault_Handler
</UL>
<BR>[Address Reference Count : 1]<UL><LI> startup_msp432p401r_uvision.o(RESET)
</UL>
<P><STRONG><a name="[6]"></a>SVC_Handler</STRONG> (Thumb, 2 bytes, Stack size 0 bytes, startup_msp432p401r_uvision.o(.text))
<BR><BR>[Calls]<UL><LI><a href="#[6]">&gt;&gt;</a>&nbsp;&nbsp;&nbsp;SVC_Handler
</UL>
<BR>[Called By]<UL><LI><a href="#[6]">&gt;&gt;</a>&nbsp;&nbsp;&nbsp;SVC_Handler
</UL>
<BR>[Address Reference Count : 1]<UL><LI> startup_msp432p401r_uvision.o(RESET)
</UL>
<P><STRONG><a name="[7]"></a>DebugMon_Handler</STRONG> (Thumb, 2 bytes, Stack size 0 bytes, startup_msp432p401r_uvision.o(.text))
<BR><BR>[Calls]<UL><LI><a href="#[7]">&gt;&gt;</a>&nbsp;&nbsp;&nbsp;DebugMon_Handler
</UL>
<BR>[Called By]<UL><LI><a href="#[7]">&gt;&gt;</a>&nbsp;&nbsp;&nbsp;DebugMon_Handler
</UL>
<BR>[Address Reference Count : 1]<UL><LI> startup_msp432p401r_uvision.o(RESET)
</UL>
<P><STRONG><a name="[8]"></a>PendSV_Handler</STRONG> (Thumb, 2 bytes, Stack size 0 bytes, startup_msp432p401r_uvision.o(.text))
<BR><BR>[Calls]<UL><LI><a href="#[8]">&gt;&gt;</a>&nbsp;&nbsp;&nbsp;PendSV_Handler
</UL>
<BR>[Called By]<UL><LI><a href="#[8]">&gt;&gt;</a>&nbsp;&nbsp;&nbsp;PendSV_Handler
</UL>
<BR>[Address Reference Count : 1]<UL><LI> startup_msp432p401r_uvision.o(RESET)
</UL>
<P><STRONG><a name="[9]"></a>SysTick_Handler</STRONG> (Thumb, 2 bytes, Stack size 0 bytes, startup_msp432p401r_uvision.o(.text))
<BR><BR>[Calls]<UL><LI><a href="#[9]">&gt;&gt;</a>&nbsp;&nbsp;&nbsp;SysTick_Handler
</UL>
<BR>[Called By]<UL><LI><a href="#[9]">&gt;&gt;</a>&nbsp;&nbsp;&nbsp;SysTick_Handler
</UL>
<BR>[Address Reference Count : 1]<UL><LI> startup_msp432p401r_uvision.o(RESET)
</UL>
<P><STRONG><a name="[22]"></a>ADC14_IRQHandler</STRONG> (Thumb, 0 bytes, Stack size 0 bytes, startup_msp432p401r_uvision.o(.text))
<BR><BR>[Calls]<UL><LI><a href="#[22]">&gt;&gt;</a>&nbsp;&nbsp;&nbsp;ADC14_IRQHandler
</UL>
<BR>[Called By]<UL><LI><a href="#[22]">&gt;&gt;</a>&nbsp;&nbsp;&nbsp;ADC14_IRQHandler
</UL>
<BR>[Address Reference Count : 1]<UL><LI> startup_msp432p401r_uvision.o(RESET)
</UL>
<P><STRONG><a name="[26]"></a>AES256_IRQHandler</STRONG> (Thumb, 0 bytes, Stack size 0 bytes, startup_msp432p401r_uvision.o(.text))
<BR>[Address Reference Count : 1]<UL><LI> startup_msp432p401r_uvision.o(RESET)
</UL>
<P><STRONG><a name="[10]"></a>COMP_E0_IRQHandler</STRONG> (Thumb, 0 bytes, Stack size 0 bytes, startup_msp432p401r_uvision.o(.text))
<BR>[Address Reference Count : 1]<UL><LI> startup_msp432p401r_uvision.o(RESET)
</UL>
<P><STRONG><a name="[11]"></a>COMP_E1_IRQHandler</STRONG> (Thumb, 0 bytes, Stack size 0 bytes, startup_msp432p401r_uvision.o(.text))
<BR>[Address Reference Count : 1]<UL><LI> startup_msp432p401r_uvision.o(RESET)
</UL>
<P><STRONG><a name="[b]"></a>CS_IRQHandler</STRONG> (Thumb, 0 bytes, Stack size 0 bytes, startup_msp432p401r_uvision.o(.text))
<BR>[Address Reference Count : 1]<UL><LI> startup_msp432p401r_uvision.o(RESET)
</UL>
<P><STRONG><a name="[28]"></a>DMA_ERR_IRQHandler</STRONG> (Thumb, 0 bytes, Stack size 0 bytes, startup_msp432p401r_uvision.o(.text))
<BR>[Address Reference Count : 1]<UL><LI> startup_msp432p401r_uvision.o(RESET)
</UL>
<P><STRONG><a name="[2c]"></a>DMA_INT0_IRQHandler</STRONG> (Thumb, 0 bytes, Stack size 0 bytes, startup_msp432p401r_uvision.o(.text))
<BR>[Address Reference Count : 1]<UL><LI> startup_msp432p401r_uvision.o(RESET)
</UL>
<P><STRONG><a name="[2b]"></a>DMA_INT1_IRQHandler</STRONG> (Thumb, 0 bytes, Stack size 0 bytes, startup_msp432p401r_uvision.o(.text))
<BR>[Address Reference Count : 1]<UL><LI> startup_msp432p401r_uvision.o(RESET)
</UL>
<P><STRONG><a name="[2a]"></a>DMA_INT2_IRQHandler</STRONG> (Thumb, 0 bytes, Stack size 0 bytes, startup_msp432p401r_uvision.o(.text))
<BR>[Address Reference Count : 1]<UL><LI> startup_msp432p401r_uvision.o(RESET)
</UL>
<P><STRONG><a name="[29]"></a>DMA_INT3_IRQHandler</STRONG> (Thumb, 0 bytes, Stack size 0 bytes, startup_msp432p401r_uvision.o(.text))
<BR>[Address Reference Count : 1]<UL><LI> startup_msp432p401r_uvision.o(RESET)
</UL>
<P><STRONG><a name="[1a]"></a>EUSCIA0_IRQHandler</STRONG> (Thumb, 0 bytes, Stack size 0 bytes, startup_msp432p401r_uvision.o(.text))
<BR>[Address Reference Count : 1]<UL><LI> startup_msp432p401r_uvision.o(RESET)
</UL>
<P><STRONG><a name="[1b]"></a>EUSCIA1_IRQHandler</STRONG> (Thumb, 0 bytes, Stack size 0 bytes, startup_msp432p401r_uvision.o(.text))
<BR>[Address Reference Count : 1]<UL><LI> startup_msp432p401r_uvision.o(RESET)
</UL>
<P><STRONG><a name="[1c]"></a>EUSCIA2_IRQHandler</STRONG> (Thumb, 0 bytes, Stack size 0 bytes, startup_msp432p401r_uvision.o(.text))
<BR>[Address Reference Count : 1]<UL><LI> startup_msp432p401r_uvision.o(RESET)
</UL>
<P><STRONG><a name="[1d]"></a>EUSCIA3_IRQHandler</STRONG> (Thumb, 0 bytes, Stack size 0 bytes, startup_msp432p401r_uvision.o(.text))
<BR>[Address Reference Count : 1]<UL><LI> startup_msp432p401r_uvision.o(RESET)
</UL>
<P><STRONG><a name="[1e]"></a>EUSCIB0_IRQHandler</STRONG> (Thumb, 0 bytes, Stack size 0 bytes, startup_msp432p401r_uvision.o(.text))
<BR>[Address Reference Count : 1]<UL><LI> startup_msp432p401r_uvision.o(RESET)
</UL>
<P><STRONG><a name="[1f]"></a>EUSCIB1_IRQHandler</STRONG> (Thumb, 0 bytes, Stack size 0 bytes, startup_msp432p401r_uvision.o(.text))
<BR>[Address Reference Count : 1]<UL><LI> startup_msp432p401r_uvision.o(RESET)
</UL>
<P><STRONG><a name="[20]"></a>EUSCIB2_IRQHandler</STRONG> (Thumb, 0 bytes, Stack size 0 bytes, startup_msp432p401r_uvision.o(.text))
<BR>[Address Reference Count : 1]<UL><LI> startup_msp432p401r_uvision.o(RESET)
</UL>
<P><STRONG><a name="[21]"></a>EUSCIB3_IRQHandler</STRONG> (Thumb, 0 bytes, Stack size 0 bytes, startup_msp432p401r_uvision.o(.text))
<BR>[Address Reference Count : 1]<UL><LI> startup_msp432p401r_uvision.o(RESET)
</UL>
<P><STRONG><a name="[f]"></a>FLCTL_IRQHandler</STRONG> (Thumb, 0 bytes, Stack size 0 bytes, startup_msp432p401r_uvision.o(.text))
<BR>[Address Reference Count : 1]<UL><LI> startup_msp432p401r_uvision.o(RESET)
</UL>
<P><STRONG><a name="[e]"></a>FPU_IRQHandler</STRONG> (Thumb, 0 bytes, Stack size 0 bytes, startup_msp432p401r_uvision.o(.text))
<BR>[Address Reference Count : 1]<UL><LI> startup_msp432p401r_uvision.o(RESET)
</UL>
<P><STRONG><a name="[c]"></a>PCM_IRQHandler</STRONG> (Thumb, 0 bytes, Stack size 0 bytes, startup_msp432p401r_uvision.o(.text))
<BR>[Address Reference Count : 1]<UL><LI> startup_msp432p401r_uvision.o(RESET)
</UL>
<P><STRONG><a name="[2d]"></a>PORT1_IRQHandler</STRONG> (Thumb, 0 bytes, Stack size 0 bytes, startup_msp432p401r_uvision.o(.text))
<BR>[Address Reference Count : 1]<UL><LI> startup_msp432p401r_uvision.o(RESET)
</UL>
<P><STRONG><a name="[2f]"></a>PORT3_IRQHandler</STRONG> (Thumb, 0 bytes, Stack size 0 bytes, startup_msp432p401r_uvision.o(.text))
<BR>[Address Reference Count : 1]<UL><LI> startup_msp432p401r_uvision.o(RESET)
</UL>
<P><STRONG><a name="[30]"></a>PORT4_IRQHandler</STRONG> (Thumb, 0 bytes, Stack size 0 bytes, startup_msp432p401r_uvision.o(.text))
<BR>[Address Reference Count : 1]<UL><LI> startup_msp432p401r_uvision.o(RESET)
</UL>
<P><STRONG><a name="[31]"></a>PORT5_IRQHandler</STRONG> (Thumb, 0 bytes, Stack size 0 bytes, startup_msp432p401r_uvision.o(.text))
<BR>[Address Reference Count : 1]<UL><LI> startup_msp432p401r_uvision.o(RESET)
</UL>
<P><STRONG><a name="[32]"></a>PORT6_IRQHandler</STRONG> (Thumb, 0 bytes, Stack size 0 bytes, startup_msp432p401r_uvision.o(.text))
<BR>[Address Reference Count : 1]<UL><LI> startup_msp432p401r_uvision.o(RESET)
</UL>
<P><STRONG><a name="[a]"></a>PSS_IRQHandler</STRONG> (Thumb, 0 bytes, Stack size 0 bytes, startup_msp432p401r_uvision.o(.text))
<BR>[Address Reference Count : 1]<UL><LI> startup_msp432p401r_uvision.o(RESET)
</UL>
<P><STRONG><a name="[27]"></a>RTC_C_IRQHandler</STRONG> (Thumb, 0 bytes, Stack size 0 bytes, startup_msp432p401r_uvision.o(.text))
<BR>[Address Reference Count : 1]<UL><LI> startup_msp432p401r_uvision.o(RESET)
</UL>
<P><STRONG><a name="[23]"></a>T32_INT1_IRQHandler</STRONG> (Thumb, 0 bytes, Stack size 0 bytes, startup_msp432p401r_uvision.o(.text))
<BR>[Address Reference Count : 1]<UL><LI> startup_msp432p401r_uvision.o(RESET)
</UL>
<P><STRONG><a name="[24]"></a>T32_INT2_IRQHandler</STRONG> (Thumb, 0 bytes, Stack size 0 bytes, startup_msp432p401r_uvision.o(.text))
<BR>[Address Reference Count : 1]<UL><LI> startup_msp432p401r_uvision.o(RESET)
</UL>
<P><STRONG><a name="[25]"></a>T32_INTC_IRQHandler</STRONG> (Thumb, 0 bytes, Stack size 0 bytes, startup_msp432p401r_uvision.o(.text))
<BR>[Address Reference Count : 1]<UL><LI> startup_msp432p401r_uvision.o(RESET)
</UL>
<P><STRONG><a name="[12]"></a>TA0_0_IRQHandler</STRONG> (Thumb, 0 bytes, Stack size 0 bytes, startup_msp432p401r_uvision.o(.text))
<BR>[Address Reference Count : 1]<UL><LI> startup_msp432p401r_uvision.o(RESET)
</UL>
<P><STRONG><a name="[14]"></a>TA1_0_IRQHandler</STRONG> (Thumb, 0 bytes, Stack size 0 bytes, startup_msp432p401r_uvision.o(.text))
<BR>[Address Reference Count : 1]<UL><LI> startup_msp432p401r_uvision.o(RESET)
</UL>
<P><STRONG><a name="[15]"></a>TA1_N_IRQHandler</STRONG> (Thumb, 0 bytes, Stack size 0 bytes, startup_msp432p401r_uvision.o(.text))
<BR>[Address Reference Count : 1]<UL><LI> startup_msp432p401r_uvision.o(RESET)
</UL>
<P><STRONG><a name="[16]"></a>TA2_0_IRQHandler</STRONG> (Thumb, 0 bytes, Stack size 0 bytes, startup_msp432p401r_uvision.o(.text))
<BR>[Address Reference Count : 1]<UL><LI> startup_msp432p401r_uvision.o(RESET)
</UL>
<P><STRONG><a name="[17]"></a>TA2_N_IRQHandler</STRONG> (Thumb, 0 bytes, Stack size 0 bytes, startup_msp432p401r_uvision.o(.text))
<BR>[Address Reference Count : 1]<UL><LI> startup_msp432p401r_uvision.o(RESET)
</UL>
<P><STRONG><a name="[18]"></a>TA3_0_IRQHandler</STRONG> (Thumb, 0 bytes, Stack size 0 bytes, startup_msp432p401r_uvision.o(.text))
<BR>[Address Reference Count : 1]<UL><LI> startup_msp432p401r_uvision.o(RESET)
</UL>
<P><STRONG><a name="[19]"></a>TA3_N_IRQHandler</STRONG> (Thumb, 0 bytes, Stack size 0 bytes, startup_msp432p401r_uvision.o(.text))
<BR>[Address Reference Count : 1]<UL><LI> startup_msp432p401r_uvision.o(RESET)
</UL>
<P><STRONG><a name="[d]"></a>WDT_A_IRQHandler</STRONG> (Thumb, 0 bytes, Stack size 0 bytes, startup_msp432p401r_uvision.o(.text))
<BR>[Address Reference Count : 1]<UL><LI> startup_msp432p401r_uvision.o(RESET)
</UL>
<P><STRONG><a name="[39]"></a>__aeabi_dmul</STRONG> (Thumb, 228 bytes, Stack size 48 bytes, dmul.o(.text))
<BR><BR>[Stack]<UL><LI>Max Depth = 88<LI>Call Chain = __aeabi_dmul &rArr; _double_epilogue &rArr; _double_round
</UL>
<BR>[Calls]<UL><LI><a href="#[3a]">&gt;&gt;</a>&nbsp;&nbsp;&nbsp;_double_epilogue
</UL>
<BR>[Called By]<UL><LI><a href="#[6f]">&gt;&gt;</a>&nbsp;&nbsp;&nbsp;read_hc_sr04
<LI><a href="#[5b]">&gt;&gt;</a>&nbsp;&nbsp;&nbsp;_fp_digits
</UL>

<P><STRONG><a name="[3b]"></a>__aeabi_ui2d</STRONG> (Thumb, 26 bytes, Stack size 16 bytes, dfltui.o(.text))
<BR><BR>[Stack]<UL><LI>Max Depth = 56<LI>Call Chain = __aeabi_ui2d &rArr; _double_epilogue &rArr; _double_round
</UL>
<BR>[Calls]<UL><LI><a href="#[3a]">&gt;&gt;</a>&nbsp;&nbsp;&nbsp;_double_epilogue
</UL>
<BR>[Called By]<UL><LI><a href="#[6f]">&gt;&gt;</a>&nbsp;&nbsp;&nbsp;read_hc_sr04
</UL>

<P><STRONG><a name="[70]"></a>__aeabi_f2d</STRONG> (Thumb, 38 bytes, Stack size 0 bytes, f2d.o(.text))
<BR><BR>[Called By]<UL><LI><a href="#[33]">&gt;&gt;</a>&nbsp;&nbsp;&nbsp;main
</UL>

<P><STRONG><a name="[3c]"></a>__aeabi_d2f</STRONG> (Thumb, 56 bytes, Stack size 8 bytes, d2f.o(.text))
<BR><BR>[Stack]<UL><LI>Max Depth = 8<LI>Call Chain = __aeabi_d2f
</UL>
<BR>[Calls]<UL><LI><a href="#[3d]">&gt;&gt;</a>&nbsp;&nbsp;&nbsp;_float_round
</UL>
<BR>[Called By]<UL><LI><a href="#[6f]">&gt;&gt;</a>&nbsp;&nbsp;&nbsp;read_hc_sr04
</UL>

<P><STRONG><a name="[79]"></a>__aeabi_uidiv</STRONG> (Thumb, 0 bytes, Stack size 12 bytes, uidiv.o(.text), UNUSED)

<P><STRONG><a name="[5f]"></a>__aeabi_uidivmod</STRONG> (Thumb, 44 bytes, Stack size 12 bytes, uidiv.o(.text), UNUSED)
<BR><BR>[Called By]<UL><LI><a href="#[5a]">&gt;&gt;</a>&nbsp;&nbsp;&nbsp;_printf_core
</UL>

<P><STRONG><a name="[3e]"></a>__aeabi_uldivmod</STRONG> (Thumb, 98 bytes, Stack size 40 bytes, uldiv.o(.text), UNUSED)
<BR><BR>[Calls]<UL><LI><a href="#[3f]">&gt;&gt;</a>&nbsp;&nbsp;&nbsp;__aeabi_llsr
<LI><a href="#[40]">&gt;&gt;</a>&nbsp;&nbsp;&nbsp;__aeabi_llsl
</UL>
<BR>[Called By]<UL><LI><a href="#[5a]">&gt;&gt;</a>&nbsp;&nbsp;&nbsp;_printf_core
<LI><a href="#[5b]">&gt;&gt;</a>&nbsp;&nbsp;&nbsp;_fp_digits
</UL>

<P><STRONG><a name="[7a]"></a>__I$use$fp</STRONG> (Thumb, 0 bytes, Stack size 0 bytes, iusefp.o(.text), UNUSED)

<P><STRONG><a name="[3d]"></a>_float_round</STRONG> (Thumb, 18 bytes, Stack size 0 bytes, fepilogue.o(.text))
<BR><BR>[Called By]<UL><LI><a href="#[3c]">&gt;&gt;</a>&nbsp;&nbsp;&nbsp;__aeabi_d2f
</UL>

<P><STRONG><a name="[7b]"></a>_float_epilogue</STRONG> (Thumb, 92 bytes, Stack size 4 bytes, fepilogue.o(.text), UNUSED)

<P><STRONG><a name="[41]"></a>_double_round</STRONG> (Thumb, 30 bytes, Stack size 8 bytes, depilogue.o(.text))
<BR><BR>[Stack]<UL><LI>Max Depth = 8<LI>Call Chain = _double_round
</UL>
<BR>[Called By]<UL><LI><a href="#[3a]">&gt;&gt;</a>&nbsp;&nbsp;&nbsp;_double_epilogue
<LI><a href="#[46]">&gt;&gt;</a>&nbsp;&nbsp;&nbsp;__aeabi_ddiv
<LI><a href="#[42]">&gt;&gt;</a>&nbsp;&nbsp;&nbsp;__aeabi_dadd
</UL>

<P><STRONG><a name="[3a]"></a>_double_epilogue</STRONG> (Thumb, 156 bytes, Stack size 32 bytes, depilogue.o(.text))
<BR><BR>[Stack]<UL><LI>Max Depth = 40<LI>Call Chain = _double_epilogue &rArr; _double_round
</UL>
<BR>[Calls]<UL><LI><a href="#[3f]">&gt;&gt;</a>&nbsp;&nbsp;&nbsp;__aeabi_llsr
<LI><a href="#[40]">&gt;&gt;</a>&nbsp;&nbsp;&nbsp;__aeabi_llsl
<LI><a href="#[41]">&gt;&gt;</a>&nbsp;&nbsp;&nbsp;_double_round
</UL>
<BR>[Called By]<UL><LI><a href="#[42]">&gt;&gt;</a>&nbsp;&nbsp;&nbsp;__aeabi_dadd
<LI><a href="#[3b]">&gt;&gt;</a>&nbsp;&nbsp;&nbsp;__aeabi_ui2d
<LI><a href="#[39]">&gt;&gt;</a>&nbsp;&nbsp;&nbsp;__aeabi_dmul
</UL>

<P><STRONG><a name="[42]"></a>__aeabi_dadd</STRONG> (Thumb, 322 bytes, Stack size 48 bytes, dadd.o(.text), UNUSED)
<BR><BR>[Calls]<UL><LI><a href="#[43]">&gt;&gt;</a>&nbsp;&nbsp;&nbsp;__aeabi_lasr
<LI><a href="#[40]">&gt;&gt;</a>&nbsp;&nbsp;&nbsp;__aeabi_llsl
<LI><a href="#[41]">&gt;&gt;</a>&nbsp;&nbsp;&nbsp;_double_round
<LI><a href="#[3a]">&gt;&gt;</a>&nbsp;&nbsp;&nbsp;_double_epilogue
</UL>
<BR>[Called By]<UL><LI><a href="#[45]">&gt;&gt;</a>&nbsp;&nbsp;&nbsp;__aeabi_drsub
<LI><a href="#[44]">&gt;&gt;</a>&nbsp;&nbsp;&nbsp;__aeabi_dsub
<LI><a href="#[5b]">&gt;&gt;</a>&nbsp;&nbsp;&nbsp;_fp_digits
</UL>

<P><STRONG><a name="[44]"></a>__aeabi_dsub</STRONG> (Thumb, 6 bytes, Stack size 0 bytes, dadd.o(.text), UNUSED)
<BR><BR>[Calls]<UL><LI><a href="#[42]">&gt;&gt;</a>&nbsp;&nbsp;&nbsp;__aeabi_dadd
</UL>

<P><STRONG><a name="[45]"></a>__aeabi_drsub</STRONG> (Thumb, 6 bytes, Stack size 0 bytes, dadd.o(.text), UNUSED)
<BR><BR>[Calls]<UL><LI><a href="#[42]">&gt;&gt;</a>&nbsp;&nbsp;&nbsp;__aeabi_dadd
</UL>

<P><STRONG><a name="[46]"></a>__aeabi_ddiv</STRONG> (Thumb, 222 bytes, Stack size 32 bytes, ddiv.o(.text), UNUSED)
<BR><BR>[Calls]<UL><LI><a href="#[41]">&gt;&gt;</a>&nbsp;&nbsp;&nbsp;_double_round
</UL>
<BR>[Called By]<UL><LI><a href="#[5b]">&gt;&gt;</a>&nbsp;&nbsp;&nbsp;_fp_digits
</UL>

<P><STRONG><a name="[47]"></a>__aeabi_d2ulz</STRONG> (Thumb, 48 bytes, Stack size 0 bytes, dfixul.o(.text), UNUSED)
<BR><BR>[Calls]<UL><LI><a href="#[3f]">&gt;&gt;</a>&nbsp;&nbsp;&nbsp;__aeabi_llsr
<LI><a href="#[40]">&gt;&gt;</a>&nbsp;&nbsp;&nbsp;__aeabi_llsl
</UL>
<BR>[Called By]<UL><LI><a href="#[5b]">&gt;&gt;</a>&nbsp;&nbsp;&nbsp;_fp_digits
</UL>

<P><STRONG><a name="[5c]"></a>__aeabi_cdrcmple</STRONG> (Thumb, 48 bytes, Stack size 0 bytes, cdrcmple.o(.text), UNUSED)
<BR><BR>[Called By]<UL><LI><a href="#[5b]">&gt;&gt;</a>&nbsp;&nbsp;&nbsp;_fp_digits
</UL>

<P><STRONG><a name="[38]"></a>__scatterload</STRONG> (Thumb, 28 bytes, Stack size 0 bytes, init.o(.text))
<BR><BR>[Calls]<UL><LI><a href="#[48]">&gt;&gt;</a>&nbsp;&nbsp;&nbsp;__main_after_scatterload
</UL>
<BR>[Called By]<UL><LI><a href="#[37]">&gt;&gt;</a>&nbsp;&nbsp;&nbsp;_main_scatterload
</UL>

<P><STRONG><a name="[7c]"></a>__scatterload_rt2</STRONG> (Thumb, 0 bytes, Stack size 0 bytes, init.o(.text), UNUSED)

<P><STRONG><a name="[40]"></a>__aeabi_llsl</STRONG> (Thumb, 30 bytes, Stack size 0 bytes, llshl.o(.text))
<BR><BR>[Called By]<UL><LI><a href="#[3e]">&gt;&gt;</a>&nbsp;&nbsp;&nbsp;__aeabi_uldivmod
<LI><a href="#[3a]">&gt;&gt;</a>&nbsp;&nbsp;&nbsp;_double_epilogue
<LI><a href="#[42]">&gt;&gt;</a>&nbsp;&nbsp;&nbsp;__aeabi_dadd
<LI><a href="#[47]">&gt;&gt;</a>&nbsp;&nbsp;&nbsp;__aeabi_d2ulz
</UL>

<P><STRONG><a name="[7d]"></a>_ll_shift_l</STRONG> (Thumb, 0 bytes, Stack size 0 bytes, llshl.o(.text), UNUSED)

<P><STRONG><a name="[3f]"></a>__aeabi_llsr</STRONG> (Thumb, 32 bytes, Stack size 0 bytes, llushr.o(.text))
<BR><BR>[Called By]<UL><LI><a href="#[3e]">&gt;&gt;</a>&nbsp;&nbsp;&nbsp;__aeabi_uldivmod
<LI><a href="#[3a]">&gt;&gt;</a>&nbsp;&nbsp;&nbsp;_double_epilogue
<LI><a href="#[47]">&gt;&gt;</a>&nbsp;&nbsp;&nbsp;__aeabi_d2ulz
</UL>

<P><STRONG><a name="[7e]"></a>_ll_ushift_r</STRONG> (Thumb, 0 bytes, Stack size 0 bytes, llushr.o(.text), UNUSED)

<P><STRONG><a name="[43]"></a>__aeabi_lasr</STRONG> (Thumb, 36 bytes, Stack size 0 bytes, llsshr.o(.text), UNUSED)
<BR><BR>[Called By]<UL><LI><a href="#[42]">&gt;&gt;</a>&nbsp;&nbsp;&nbsp;__aeabi_dadd
</UL>

<P><STRONG><a name="[7f]"></a>_ll_sshift_r</STRONG> (Thumb, 0 bytes, Stack size 0 bytes, llsshr.o(.text), UNUSED)

<P><STRONG><a name="[4b]"></a>CS_setDCOCenteredFrequency</STRONG> (Thumb, 30 bytes, Stack size 0 bytes, cs.o(i.CS_setDCOCenteredFrequency))
<BR><BR>[Called By]<UL><LI><a href="#[49]">&gt;&gt;</a>&nbsp;&nbsp;&nbsp;CS_setDCOFrequency
</UL>

<P><STRONG><a name="[49]"></a>CS_setDCOFrequency</STRONG> (Thumb, 308 bytes, Stack size 40 bytes, cs.o(i.CS_setDCOFrequency))
<BR><BR>[Stack]<UL><LI>Max Depth = 56<LI>Call Chain = CS_setDCOFrequency &rArr; SysCtl_getTLVInfo
</UL>
<BR>[Calls]<UL><LI><a href="#[4a]">&gt;&gt;</a>&nbsp;&nbsp;&nbsp;SysCtl_getTLVInfo
<LI><a href="#[4c]">&gt;&gt;</a>&nbsp;&nbsp;&nbsp;CS_tuneDCOFrequency
<LI><a href="#[4b]">&gt;&gt;</a>&nbsp;&nbsp;&nbsp;CS_setDCOCenteredFrequency
</UL>
<BR>[Called By]<UL><LI><a href="#[62]">&gt;&gt;</a>&nbsp;&nbsp;&nbsp;initSerial
</UL>

<P><STRONG><a name="[4c]"></a>CS_tuneDCOFrequency</STRONG> (Thumb, 74 bytes, Stack size 8 bytes, cs.o(i.CS_tuneDCOFrequency))
<BR><BR>[Stack]<UL><LI>Max Depth = 8<LI>Call Chain = CS_tuneDCOFrequency
</UL>
<BR>[Called By]<UL><LI><a href="#[49]">&gt;&gt;</a>&nbsp;&nbsp;&nbsp;CS_setDCOFrequency
</UL>

<P><STRONG><a name="[6b]"></a>Delay_Init</STRONG> (Thumb, 16 bytes, Stack size 0 bytes, delay.o(i.Delay_Init))
<BR><BR>[Called By]<UL><LI><a href="#[33]">&gt;&gt;</a>&nbsp;&nbsp;&nbsp;main
</UL>

<P><STRONG><a name="[4f]"></a>GPIO_clearInterruptFlag</STRONG> (Thumb, 14 bytes, Stack size 0 bytes, gpio.o(i.GPIO_clearInterruptFlag))
<BR><BR>[Called By]<UL><LI><a href="#[2e]">&gt;&gt;</a>&nbsp;&nbsp;&nbsp;PORT2_IRQHandler
</UL>

<P><STRONG><a name="[4d]"></a>GPIO_getEnabledInterruptStatus</STRONG> (Thumb, 80 bytes, Stack size 16 bytes, gpio.o(i.GPIO_getEnabledInterruptStatus))
<BR><BR>[Stack]<UL><LI>Max Depth = 16<LI>Call Chain = GPIO_getEnabledInterruptStatus
</UL>
<BR>[Calls]<UL><LI><a href="#[4e]">&gt;&gt;</a>&nbsp;&nbsp;&nbsp;GPIO_getInterruptStatus
</UL>
<BR>[Called By]<UL><LI><a href="#[2e]">&gt;&gt;</a>&nbsp;&nbsp;&nbsp;PORT2_IRQHandler
</UL>

<P><STRONG><a name="[6e]"></a>GPIO_getInputPinValue</STRONG> (Thumb, 26 bytes, Stack size 8 bytes, gpio.o(i.GPIO_getInputPinValue))
<BR><BR>[Stack]<UL><LI>Max Depth = 8<LI>Call Chain = GPIO_getInputPinValue
</UL>
<BR>[Called By]<UL><LI><a href="#[33]">&gt;&gt;</a>&nbsp;&nbsp;&nbsp;main
</UL>

<P><STRONG><a name="[4e]"></a>GPIO_getInterruptStatus</STRONG> (Thumb, 14 bytes, Stack size 0 bytes, gpio.o(i.GPIO_getInterruptStatus))
<BR><BR>[Called By]<UL><LI><a href="#[4d]">&gt;&gt;</a>&nbsp;&nbsp;&nbsp;GPIO_getEnabledInterruptStatus
</UL>

<P><STRONG><a name="[54]"></a>GPIO_setAsInputPinWithPullDownResistor</STRONG> (Thumb, 40 bytes, Stack size 0 bytes, gpio.o(i.GPIO_setAsInputPinWithPullDownResistor))
<BR><BR>[Called By]<UL><LI><a href="#[65]">&gt;&gt;</a>&nbsp;&nbsp;&nbsp;init_hc_sr04
<LI><a href="#[33]">&gt;&gt;</a>&nbsp;&nbsp;&nbsp;main
<LI><a href="#[13]">&gt;&gt;</a>&nbsp;&nbsp;&nbsp;TA0_N_IRQHandler
</UL>

<P><STRONG><a name="[66]"></a>GPIO_setAsOutputPin</STRONG> (Thumb, 28 bytes, Stack size 0 bytes, gpio.o(i.GPIO_setAsOutputPin))
<BR><BR>[Called By]<UL><LI><a href="#[65]">&gt;&gt;</a>&nbsp;&nbsp;&nbsp;init_hc_sr04
</UL>

<P><STRONG><a name="[50]"></a>GPIO_setAsPeripheralModuleFunctionInputPin</STRONG> (Thumb, 76 bytes, Stack size 8 bytes, gpio.o(i.GPIO_setAsPeripheralModuleFunctionInputPin))
<BR><BR>[Stack]<UL><LI>Max Depth = 8<LI>Call Chain = GPIO_setAsPeripheralModuleFunctionInputPin
</UL>
<BR>[Called By]<UL><LI><a href="#[33]">&gt;&gt;</a>&nbsp;&nbsp;&nbsp;main
<LI><a href="#[2e]">&gt;&gt;</a>&nbsp;&nbsp;&nbsp;PORT2_IRQHandler
</UL>

<P><STRONG><a name="[72]"></a>GPIO_setOutputHighOnPin</STRONG> (Thumb, 14 bytes, Stack size 0 bytes, gpio.o(i.GPIO_setOutputHighOnPin))
<BR><BR>[Called By]<UL><LI><a href="#[6d]">&gt;&gt;</a>&nbsp;&nbsp;&nbsp;trigger_measure
</UL>

<P><STRONG><a name="[67]"></a>GPIO_setOutputLowOnPin</STRONG> (Thumb, 14 bytes, Stack size 0 bytes, gpio.o(i.GPIO_setOutputLowOnPin))
<BR><BR>[Called By]<UL><LI><a href="#[6d]">&gt;&gt;</a>&nbsp;&nbsp;&nbsp;trigger_measure
<LI><a href="#[65]">&gt;&gt;</a>&nbsp;&nbsp;&nbsp;init_hc_sr04
</UL>

<P><STRONG><a name="[2e]"></a>PORT2_IRQHandler</STRONG> (Thumb, 44 bytes, Stack size 8 bytes, hc-sr04.o(i.PORT2_IRQHandler))
<BR><BR>[Stack]<UL><LI>Max Depth = 24<LI>Call Chain = PORT2_IRQHandler &rArr; GPIO_getEnabledInterruptStatus
</UL>
<BR>[Calls]<UL><LI><a href="#[51]">&gt;&gt;</a>&nbsp;&nbsp;&nbsp;Timer_A_startCounter
<LI><a href="#[50]">&gt;&gt;</a>&nbsp;&nbsp;&nbsp;GPIO_setAsPeripheralModuleFunctionInputPin
<LI><a href="#[4d]">&gt;&gt;</a>&nbsp;&nbsp;&nbsp;GPIO_getEnabledInterruptStatus
<LI><a href="#[4f]">&gt;&gt;</a>&nbsp;&nbsp;&nbsp;GPIO_clearInterruptFlag
</UL>
<BR>[Address Reference Count : 1]<UL><LI> startup_msp432p401r_uvision.o(RESET)
</UL>
<P><STRONG><a name="[4a]"></a>SysCtl_getTLVInfo</STRONG> (Thumb, 72 bytes, Stack size 16 bytes, sysctl.o(i.SysCtl_getTLVInfo))
<BR><BR>[Stack]<UL><LI>Max Depth = 16<LI>Call Chain = SysCtl_getTLVInfo
</UL>
<BR>[Called By]<UL><LI><a href="#[49]">&gt;&gt;</a>&nbsp;&nbsp;&nbsp;CS_setDCOFrequency
</UL>

<P><STRONG><a name="[34]"></a>SystemInit</STRONG> (Thumb, 86 bytes, Stack size 0 bytes, system_msp432p401r.o(i.SystemInit))
<BR>[Address Reference Count : 1]<UL><LI> startup_msp432p401r_uvision.o(.text)
</UL>
<P><STRONG><a name="[13]"></a>TA0_N_IRQHandler</STRONG> (Thumb, 52 bytes, Stack size 8 bytes, hc-sr04.o(i.TA0_N_IRQHandler))
<BR><BR>[Stack]<UL><LI>Max Depth = 20<LI>Call Chain = TA0_N_IRQHandler &rArr; Timer_A_clearCaptureCompareInterrupt
</UL>
<BR>[Calls]<UL><LI><a href="#[56]">&gt;&gt;</a>&nbsp;&nbsp;&nbsp;Timer_A_stopTimer
<LI><a href="#[53]">&gt;&gt;</a>&nbsp;&nbsp;&nbsp;Timer_A_getCaptureCompareCount
<LI><a href="#[55]">&gt;&gt;</a>&nbsp;&nbsp;&nbsp;Timer_A_clearTimer
<LI><a href="#[54]">&gt;&gt;</a>&nbsp;&nbsp;&nbsp;GPIO_setAsInputPinWithPullDownResistor
<LI><a href="#[52]">&gt;&gt;</a>&nbsp;&nbsp;&nbsp;Timer_A_clearCaptureCompareInterrupt
</UL>
<BR>[Address Reference Count : 1]<UL><LI> startup_msp432p401r_uvision.o(RESET)
</UL>
<P><STRONG><a name="[52]"></a>Timer_A_clearCaptureCompareInterrupt</STRONG> (Thumb, 30 bytes, Stack size 12 bytes, timer_a.o(i.Timer_A_clearCaptureCompareInterrupt))
<BR><BR>[Stack]<UL><LI>Max Depth = 12<LI>Call Chain = Timer_A_clearCaptureCompareInterrupt
</UL>
<BR>[Called By]<UL><LI><a href="#[13]">&gt;&gt;</a>&nbsp;&nbsp;&nbsp;TA0_N_IRQHandler
</UL>

<P><STRONG><a name="[55]"></a>Timer_A_clearTimer</STRONG> (Thumb, 14 bytes, Stack size 0 bytes, timer_a.o(i.Timer_A_clearTimer))
<BR><BR>[Called By]<UL><LI><a href="#[33]">&gt;&gt;</a>&nbsp;&nbsp;&nbsp;main
<LI><a href="#[13]">&gt;&gt;</a>&nbsp;&nbsp;&nbsp;TA0_N_IRQHandler
</UL>

<P><STRONG><a name="[57]"></a>Timer_A_configureContinuousMode</STRONG> (Thumb, 40 bytes, Stack size 16 bytes, timer_a.o(i.Timer_A_configureContinuousMode))
<BR><BR>[Stack]<UL><LI>Max Depth = 16<LI>Call Chain = Timer_A_configureContinuousMode
</UL>
<BR>[Calls]<UL><LI><a href="#[58]">&gt;&gt;</a>&nbsp;&nbsp;&nbsp;privateTimer_AProcessClockSourceDivider
</UL>
<BR>[Called By]<UL><LI><a href="#[65]">&gt;&gt;</a>&nbsp;&nbsp;&nbsp;init_hc_sr04
</UL>

<P><STRONG><a name="[53]"></a>Timer_A_getCaptureCompareCount</STRONG> (Thumb, 20 bytes, Stack size 0 bytes, timer_a.o(i.Timer_A_getCaptureCompareCount))
<BR><BR>[Called By]<UL><LI><a href="#[33]">&gt;&gt;</a>&nbsp;&nbsp;&nbsp;main
<LI><a href="#[13]">&gt;&gt;</a>&nbsp;&nbsp;&nbsp;TA0_N_IRQHandler
</UL>

<P><STRONG><a name="[68]"></a>Timer_A_initCapture</STRONG> (Thumb, 58 bytes, Stack size 12 bytes, timer_a.o(i.Timer_A_initCapture))
<BR><BR>[Stack]<UL><LI>Max Depth = 12<LI>Call Chain = Timer_A_initCapture
</UL>
<BR>[Called By]<UL><LI><a href="#[65]">&gt;&gt;</a>&nbsp;&nbsp;&nbsp;init_hc_sr04
</UL>

<P><STRONG><a name="[51]"></a>Timer_A_startCounter</STRONG> (Thumb, 8 bytes, Stack size 0 bytes, timer_a.o(i.Timer_A_startCounter))
<BR><BR>[Called By]<UL><LI><a href="#[33]">&gt;&gt;</a>&nbsp;&nbsp;&nbsp;main
<LI><a href="#[2e]">&gt;&gt;</a>&nbsp;&nbsp;&nbsp;PORT2_IRQHandler
</UL>

<P><STRONG><a name="[56]"></a>Timer_A_stopTimer</STRONG> (Thumb, 10 bytes, Stack size 0 bytes, timer_a.o(i.Timer_A_stopTimer))
<BR><BR>[Called By]<UL><LI><a href="#[33]">&gt;&gt;</a>&nbsp;&nbsp;&nbsp;main
<LI><a href="#[13]">&gt;&gt;</a>&nbsp;&nbsp;&nbsp;TA0_N_IRQHandler
</UL>

<P><STRONG><a name="[64]"></a>UART_enableModule</STRONG> (Thumb, 14 bytes, Stack size 0 bytes, uart.o(i.UART_enableModule))
<BR><BR>[Called By]<UL><LI><a href="#[62]">&gt;&gt;</a>&nbsp;&nbsp;&nbsp;initSerial
</UL>

<P><STRONG><a name="[63]"></a>UART_initModule</STRONG> (Thumb, 246 bytes, Stack size 12 bytes, uart.o(i.UART_initModule))
<BR><BR>[Stack]<UL><LI>Max Depth = 12<LI>Call Chain = UART_initModule
</UL>
<BR>[Called By]<UL><LI><a href="#[62]">&gt;&gt;</a>&nbsp;&nbsp;&nbsp;initSerial
</UL>

<P><STRONG><a name="[71]"></a>UART_transmitData</STRONG> (Thumb, 40 bytes, Stack size 0 bytes, uart.o(i.UART_transmitData))
<BR><BR>[Called By]<UL><LI><a href="#[6a]">&gt;&gt;</a>&nbsp;&nbsp;&nbsp;sendText
</UL>

<P><STRONG><a name="[6c]"></a>WDT_A_holdTimer</STRONG> (Thumb, 20 bytes, Stack size 0 bytes, wdt_a.o(i.WDT_A_holdTimer))
<BR><BR>[Called By]<UL><LI><a href="#[33]">&gt;&gt;</a>&nbsp;&nbsp;&nbsp;main
</UL>

<P><STRONG><a name="[59]"></a>__0sprintf</STRONG> (Thumb, 34 bytes, Stack size 24 bytes, printfa.o(i.__0sprintf), UNUSED)
<BR><BR>[Calls]<UL><LI><a href="#[36]">&gt;&gt;</a>&nbsp;&nbsp;&nbsp;_sputc
<LI><a href="#[5a]">&gt;&gt;</a>&nbsp;&nbsp;&nbsp;_printf_core
</UL>

<P><STRONG><a name="[80]"></a>__1sprintf</STRONG> (Thumb, 0 bytes, Stack size 24 bytes, printfa.o(i.__0sprintf), UNUSED)

<P><STRONG><a name="[69]"></a>__2sprintf</STRONG> (Thumb, 0 bytes, Stack size 24 bytes, printfa.o(i.__0sprintf))
<BR><BR>[Stack]<UL><LI>Max Depth = 24<LI>Call Chain = __2sprintf
</UL>
<BR>[Called By]<UL><LI><a href="#[65]">&gt;&gt;</a>&nbsp;&nbsp;&nbsp;init_hc_sr04
<LI><a href="#[33]">&gt;&gt;</a>&nbsp;&nbsp;&nbsp;main
</UL>

<P><STRONG><a name="[81]"></a>__c89sprintf</STRONG> (Thumb, 0 bytes, Stack size 24 bytes, printfa.o(i.__0sprintf), UNUSED)

<P><STRONG><a name="[82]"></a>sprintf</STRONG> (Thumb, 0 bytes, Stack size 24 bytes, printfa.o(i.__0sprintf), UNUSED)

<P><STRONG><a name="[83]"></a>__scatterload_copy</STRONG> (Thumb, 14 bytes, Stack size unknown bytes, handlers.o(i.__scatterload_copy), UNUSED)

<P><STRONG><a name="[84]"></a>__scatterload_null</STRONG> (Thumb, 2 bytes, Stack size unknown bytes, handlers.o(i.__scatterload_null), UNUSED)

<P><STRONG><a name="[85]"></a>__scatterload_zeroinit</STRONG> (Thumb, 14 bytes, Stack size unknown bytes, handlers.o(i.__scatterload_zeroinit), UNUSED)

<P><STRONG><a name="[60]"></a>delay_ms</STRONG> (Thumb, 28 bytes, Stack size 12 bytes, delay.o(i.delay_ms))
<BR><BR>[Stack]<UL><LI>Max Depth = 12<LI>Call Chain = delay_ms
</UL>
<BR>[Calls]<UL><LI><a href="#[61]">&gt;&gt;</a>&nbsp;&nbsp;&nbsp;delay_us
</UL>
<BR>[Called By]<UL><LI><a href="#[6d]">&gt;&gt;</a>&nbsp;&nbsp;&nbsp;trigger_measure
<LI><a href="#[33]">&gt;&gt;</a>&nbsp;&nbsp;&nbsp;main
</UL>

<P><STRONG><a name="[61]"></a>delay_us</STRONG> (Thumb, 72 bytes, Stack size 0 bytes, delay.o(i.delay_us))
<BR><BR>[Called By]<UL><LI><a href="#[60]">&gt;&gt;</a>&nbsp;&nbsp;&nbsp;delay_ms
</UL>

<P><STRONG><a name="[62]"></a>initSerial</STRONG> (Thumb, 38 bytes, Stack size 8 bytes, serial.o(i.initSerial))
<BR><BR>[Stack]<UL><LI>Max Depth = 64<LI>Call Chain = initSerial &rArr; CS_setDCOFrequency &rArr; SysCtl_getTLVInfo
</UL>
<BR>[Calls]<UL><LI><a href="#[49]">&gt;&gt;</a>&nbsp;&nbsp;&nbsp;CS_setDCOFrequency
<LI><a href="#[63]">&gt;&gt;</a>&nbsp;&nbsp;&nbsp;UART_initModule
<LI><a href="#[64]">&gt;&gt;</a>&nbsp;&nbsp;&nbsp;UART_enableModule
</UL>
<BR>[Called By]<UL><LI><a href="#[33]">&gt;&gt;</a>&nbsp;&nbsp;&nbsp;main
</UL>

<P><STRONG><a name="[65]"></a>init_hc_sr04</STRONG> (Thumb, 62 bytes, Stack size 8 bytes, hc-sr04.o(i.init_hc_sr04))
<BR><BR>[Stack]<UL><LI>Max Depth = 32<LI>Call Chain = init_hc_sr04 &rArr; __2sprintf
</UL>
<BR>[Calls]<UL><LI><a href="#[6a]">&gt;&gt;</a>&nbsp;&nbsp;&nbsp;sendText
<LI><a href="#[54]">&gt;&gt;</a>&nbsp;&nbsp;&nbsp;GPIO_setAsInputPinWithPullDownResistor
<LI><a href="#[67]">&gt;&gt;</a>&nbsp;&nbsp;&nbsp;GPIO_setOutputLowOnPin
<LI><a href="#[66]">&gt;&gt;</a>&nbsp;&nbsp;&nbsp;GPIO_setAsOutputPin
<LI><a href="#[68]">&gt;&gt;</a>&nbsp;&nbsp;&nbsp;Timer_A_initCapture
<LI><a href="#[57]">&gt;&gt;</a>&nbsp;&nbsp;&nbsp;Timer_A_configureContinuousMode
<LI><a href="#[69]">&gt;&gt;</a>&nbsp;&nbsp;&nbsp;__2sprintf
</UL>
<BR>[Called By]<UL><LI><a href="#[33]">&gt;&gt;</a>&nbsp;&nbsp;&nbsp;main
</UL>

<P><STRONG><a name="[33]"></a>main</STRONG> (Thumb, 174 bytes, Stack size 16 bytes, main.o(i.main))
<BR><BR>[Stack]<UL><LI>Max Depth = 136<LI>Call Chain = main &rArr; read_hc_sr04 &rArr; __aeabi_dmul &rArr; _double_epilogue &rArr; _double_round
</UL>
<BR>[Calls]<UL><LI><a href="#[6d]">&gt;&gt;</a>&nbsp;&nbsp;&nbsp;trigger_measure
<LI><a href="#[6a]">&gt;&gt;</a>&nbsp;&nbsp;&nbsp;sendText
<LI><a href="#[6f]">&gt;&gt;</a>&nbsp;&nbsp;&nbsp;read_hc_sr04
<LI><a href="#[65]">&gt;&gt;</a>&nbsp;&nbsp;&nbsp;init_hc_sr04
<LI><a href="#[62]">&gt;&gt;</a>&nbsp;&nbsp;&nbsp;initSerial
<LI><a href="#[60]">&gt;&gt;</a>&nbsp;&nbsp;&nbsp;delay_ms
<LI><a href="#[70]">&gt;&gt;</a>&nbsp;&nbsp;&nbsp;__aeabi_f2d
<LI><a href="#[6c]">&gt;&gt;</a>&nbsp;&nbsp;&nbsp;WDT_A_holdTimer
<LI><a href="#[56]">&gt;&gt;</a>&nbsp;&nbsp;&nbsp;Timer_A_stopTimer
<LI><a href="#[51]">&gt;&gt;</a>&nbsp;&nbsp;&nbsp;Timer_A_startCounter
<LI><a href="#[53]">&gt;&gt;</a>&nbsp;&nbsp;&nbsp;Timer_A_getCaptureCompareCount
<LI><a href="#[55]">&gt;&gt;</a>&nbsp;&nbsp;&nbsp;Timer_A_clearTimer
<LI><a href="#[50]">&gt;&gt;</a>&nbsp;&nbsp;&nbsp;GPIO_setAsPeripheralModuleFunctionInputPin
<LI><a href="#[54]">&gt;&gt;</a>&nbsp;&nbsp;&nbsp;GPIO_setAsInputPinWithPullDownResistor
<LI><a href="#[6e]">&gt;&gt;</a>&nbsp;&nbsp;&nbsp;GPIO_getInputPinValue
<LI><a href="#[6b]">&gt;&gt;</a>&nbsp;&nbsp;&nbsp;Delay_Init
<LI><a href="#[69]">&gt;&gt;</a>&nbsp;&nbsp;&nbsp;__2sprintf
</UL>
<BR>[Address Reference Count : 1]<UL><LI> entry9a.o(.ARM.Collect$$$$0000000B)
</UL>
<P><STRONG><a name="[6f]"></a>read_hc_sr04</STRONG> (Thumb, 52 bytes, Stack size 32 bytes, hc-sr04.o(i.read_hc_sr04))
<BR><BR>[Stack]<UL><LI>Max Depth = 120<LI>Call Chain = read_hc_sr04 &rArr; __aeabi_dmul &rArr; _double_epilogue &rArr; _double_round
</UL>
<BR>[Calls]<UL><LI><a href="#[3b]">&gt;&gt;</a>&nbsp;&nbsp;&nbsp;__aeabi_ui2d
<LI><a href="#[39]">&gt;&gt;</a>&nbsp;&nbsp;&nbsp;__aeabi_dmul
<LI><a href="#[3c]">&gt;&gt;</a>&nbsp;&nbsp;&nbsp;__aeabi_d2f
</UL>
<BR>[Called By]<UL><LI><a href="#[33]">&gt;&gt;</a>&nbsp;&nbsp;&nbsp;main
</UL>

<P><STRONG><a name="[6a]"></a>sendText</STRONG> (Thumb, 24 bytes, Stack size 8 bytes, serial.o(i.sendText))
<BR><BR>[Stack]<UL><LI>Max Depth = 8<LI>Call Chain = sendText
</UL>
<BR>[Calls]<UL><LI><a href="#[71]">&gt;&gt;</a>&nbsp;&nbsp;&nbsp;UART_transmitData
</UL>
<BR>[Called By]<UL><LI><a href="#[65]">&gt;&gt;</a>&nbsp;&nbsp;&nbsp;init_hc_sr04
<LI><a href="#[33]">&gt;&gt;</a>&nbsp;&nbsp;&nbsp;main
</UL>

<P><STRONG><a name="[6d]"></a>trigger_measure</STRONG> (Thumb, 26 bytes, Stack size 8 bytes, hc-sr04.o(i.trigger_measure))
<BR><BR>[Stack]<UL><LI>Max Depth = 20<LI>Call Chain = trigger_measure &rArr; delay_ms
</UL>
<BR>[Calls]<UL><LI><a href="#[60]">&gt;&gt;</a>&nbsp;&nbsp;&nbsp;delay_ms
<LI><a href="#[67]">&gt;&gt;</a>&nbsp;&nbsp;&nbsp;GPIO_setOutputLowOnPin
<LI><a href="#[72]">&gt;&gt;</a>&nbsp;&nbsp;&nbsp;GPIO_setOutputHighOnPin
</UL>
<BR>[Called By]<UL><LI><a href="#[33]">&gt;&gt;</a>&nbsp;&nbsp;&nbsp;main
</UL>
<P>
<H3>
Local Symbols
</H3>
<P><STRONG><a name="[58]"></a>privateTimer_AProcessClockSourceDivider</STRONG> (Thumb, 232 bytes, Stack size 0 bytes, timer_a.o(i.privateTimer_AProcessClockSourceDivider))
<BR><BR>[Called By]<UL><LI><a href="#[57]">&gt;&gt;</a>&nbsp;&nbsp;&nbsp;Timer_A_configureContinuousMode
</UL>

<P><STRONG><a name="[5b]"></a>_fp_digits</STRONG> (Thumb, 366 bytes, Stack size 64 bytes, printfa.o(i._fp_digits), UNUSED)
<BR><BR>[Calls]<UL><LI><a href="#[3e]">&gt;&gt;</a>&nbsp;&nbsp;&nbsp;__aeabi_uldivmod
<LI><a href="#[46]">&gt;&gt;</a>&nbsp;&nbsp;&nbsp;__aeabi_ddiv
<LI><a href="#[42]">&gt;&gt;</a>&nbsp;&nbsp;&nbsp;__aeabi_dadd
<LI><a href="#[47]">&gt;&gt;</a>&nbsp;&nbsp;&nbsp;__aeabi_d2ulz
<LI><a href="#[5c]">&gt;&gt;</a>&nbsp;&nbsp;&nbsp;__aeabi_cdrcmple
<LI><a href="#[39]">&gt;&gt;</a>&nbsp;&nbsp;&nbsp;__aeabi_dmul
</UL>
<BR>[Called By]<UL><LI><a href="#[5a]">&gt;&gt;</a>&nbsp;&nbsp;&nbsp;_printf_core
</UL>

<P><STRONG><a name="[5a]"></a>_printf_core</STRONG> (Thumb, 1744 bytes, Stack size 136 bytes, printfa.o(i._printf_core), UNUSED)
<BR><BR>[Calls]<UL><LI><a href="#[3e]">&gt;&gt;</a>&nbsp;&nbsp;&nbsp;__aeabi_uldivmod
<LI><a href="#[5f]">&gt;&gt;</a>&nbsp;&nbsp;&nbsp;__aeabi_uidivmod
<LI><a href="#[5d]">&gt;&gt;</a>&nbsp;&nbsp;&nbsp;_printf_pre_padding
<LI><a href="#[5e]">&gt;&gt;</a>&nbsp;&nbsp;&nbsp;_printf_post_padding
<LI><a href="#[5b]">&gt;&gt;</a>&nbsp;&nbsp;&nbsp;_fp_digits
</UL>
<BR>[Called By]<UL><LI><a href="#[59]">&gt;&gt;</a>&nbsp;&nbsp;&nbsp;__0sprintf
</UL>

<P><STRONG><a name="[5e]"></a>_printf_post_padding</STRONG> (Thumb, 36 bytes, Stack size 24 bytes, printfa.o(i._printf_post_padding), UNUSED)
<BR><BR>[Called By]<UL><LI><a href="#[5a]">&gt;&gt;</a>&nbsp;&nbsp;&nbsp;_printf_core
</UL>

<P><STRONG><a name="[5d]"></a>_printf_pre_padding</STRONG> (Thumb, 46 bytes, Stack size 24 bytes, printfa.o(i._printf_pre_padding), UNUSED)
<BR><BR>[Called By]<UL><LI><a href="#[5a]">&gt;&gt;</a>&nbsp;&nbsp;&nbsp;_printf_core
</UL>

<P><STRONG><a name="[36]"></a>_sputc</STRONG> (Thumb, 10 bytes, Stack size 0 bytes, printfa.o(i._sputc))
<BR><BR>[Called By]<UL><LI><a href="#[59]">&gt;&gt;</a>&nbsp;&nbsp;&nbsp;__0sprintf
</UL>
<BR>[Address Reference Count : 1]<UL><LI> printfa.o(i.__0sprintf)
</UL><P>
<H3>
Undefined Global Symbols
</H3><HR></body></html>
