<html>
<body>
<pre>
<h1>µVision Build Log</h1>
<h2>Tool Versions:</h2>
IDE-Version: ¦ÌVision V5.26.2.0
Copyright (C) 2018 ARM Ltd and ARM Germany GmbH. All rights reserved.
License Information: Ziang 1940918445@qq.com, WHU, LIC=EXJT4-FR8DN-EVM1R-KY4ZX-UFX8Y-EQIVY
 
Tool Versions:
Toolchain:       MDK-ARM Plus  Version: 5.26.2.0
Toolchain Path:  D:\Environment\keil\ARM\ARMCC\Bin
C Compiler:      Armcc.exe V5.06 update 6 (build 750)
Assembler:       Armasm.exe V5.06 update 6 (build 750)
Linker/Locator:  ArmLink.exe V5.06 update 6 (build 750)
Library Manager: ArmAr.exe V5.06 update 6 (build 750)
Hex Converter:   FromElf.exe V5.06 update 6 (build 750)
CPU DLL:         SARMCM3.DLL V5.26.2.0
Dialog DLL:      DCM.DLL V1.17.2.0
Target DLL:      CMSIS_AGDI.dll V1.30.6.0
Dialog DLL:      TCM.DLL V1.36.1.0
 
<h2>Project:</h2>
D:\code\stm32\msp\template\Keil\template.uvprojx
Project File Date:  05/24/2023

<h2>Output:</h2>
*** Using Compiler 'V5.06 update 6 (build 750)', folder: 'D:\Environment\keil\ARM\ARMCC\Bin'
Rebuild target 'template'
compiling adc14.c...
compiling aes256.c...
compiling fpu.c...
compiling comp_e.c...
compiling main.c...
compiling flash.c...
compiling crc32.c...
compiling cpu.c...
compiling cs.c...
compiling dma.c...
compiling flash_a.c...
compiling i2c.c...
compiling interrupt.c...
compiling gpio.c...
..\Lib\ti\devices\msp432p4xx\driverlib\gpio.c(52): warning:  #1296-D: extended constant initialiser used
      (uint32_t)P1,
..\Lib\ti\devices\msp432p4xx\driverlib\gpio.c(53): warning:  #1296-D: extended constant initialiser used
      (uint32_t)P1+1,
..\Lib\ti\devices\msp432p4xx\driverlib\gpio.c(54): warning:  #1296-D: extended constant initialiser used
      (uint32_t)P3,
..\Lib\ti\devices\msp432p4xx\driverlib\gpio.c(55): warning:  #1296-D: extended constant initialiser used
      (uint32_t)P3+1,
..\Lib\ti\devices\msp432p4xx\driverlib\gpio.c(56): warning:  #1296-D: extended constant initialiser used
      (uint32_t)P5,
..\Lib\ti\devices\msp432p4xx\driverlib\gpio.c(57): warning:  #1296-D: extended constant initialiser used
      (uint32_t)P5+1,
..\Lib\ti\devices\msp432p4xx\driverlib\gpio.c(58): warning:  #1296-D: extended constant initialiser used
      (uint32_t)P7,
..\Lib\ti\devices\msp432p4xx\driverlib\gpio.c(59): warning:  #1296-D: extended constant initialiser used
      (uint32_t)P7+1,
..\Lib\ti\devices\msp432p4xx\driverlib\gpio.c(60): warning:  #1296-D: extended constant initialiser used
      (uint32_t)P9,
..\Lib\ti\devices\msp432p4xx\driverlib\gpio.c(61): warning:  #1296-D: extended constant initialiser used
      (uint32_t)P9+1,
..\Lib\ti\devices\msp432p4xx\driverlib\gpio.c(62): warning:  #1296-D: extended constant initialiser used
      (uint32_t)PJ
..\Lib\ti\devices\msp432p4xx\driverlib\gpio.c: 11 warnings, 0 errors
compiling reset.c...
compiling pmap.c...
compiling ref_a.c...
compiling lcd_f.c...
compiling pss.c...
compiling mpu.c...
compiling pcm.c...
compiling spi.c...
assembling startup_msp432p401r_uvision.s...
compiling sysctl.c...
compiling sysctl_a.c...
compiling rtc_c.c...
compiling timer32.c...
compiling timer_a.c...
compiling systick.c...
compiling uart.c...
compiling wdt_a.c...
compiling system_msp432p401r.c...
compiling HC-SR04.c...
compiling Delay.c...
compiling Serial.c...
linking...
Program Size: Code=6396 RO-data=512 RW-data=12 ZI-data=548  
".\Objects\template.axf" - 0 Error(s), 11 Warning(s).

<h2>Software Packages used:</h2>

Package Vendor: TexasInstruments
                http://software-dl.ti.com/msp430/msp430_public_sw/mcu/msp430/msp432cmsis/latest/exports/TexasInstruments.MSP432P4xx_DFP.3.2.6.pack
                TexasInstruments.MSP432P4xx_DFP.3.2.6
                Device Family Pack for Texas Instruments SimpleLink(TM) MSP432 Series

<h2>Collection of Component include folders:</h2>
  .\RTE\_template
  D:\Environment\keil\ARM\PACK\TexasInstruments\MSP432P4xx_DFP\3.2.6\Device\Include

<h2>Collection of Component Files used:</h2>
Build Time Elapsed:  00:00:08
</pre>
</body>
</html>
