Component: ARM Compiler 5.06 update 6 (build 750) Tool: armlink [4d35ed]

==============================================================================

Section Cross References

    main.o(i.blink_entry) refers to wdt_a.o(i.WDT_A_holdTimer) for WDT_A_holdTimer
    main.o(i.blink_entry) refers to gpio.o(i.GPIO_setAsOutputPin) for GPIO_setAsOutputPin
    main.o(i.blink_entry) refers to gpio.o(i.GPIO_toggleOutputOnPin) for GPIO_toggleOutputOnPin
    main.o(i.blink_entry) refers to thread.o(i.rt_thread_mdelay) for rt_thread_mdelay
    main.o(i.main) refers to thread.o(i.rt_thread_create) for rt_thread_create
    main.o(i.main) refers to thread.o(i.rt_thread_startup) for rt_thread_startup
    main.o(i.main) refers to main.o(i.blink_entry) for blink_entry
    main.o(i.main) refers to main.o(.data) for blink_thread
    adc14.o(i.ADC14_configureConversionMemory) refers to adc14.o(i.ADCIsConversionRunning) for ADCIsConversionRunning
    adc14.o(i.ADC14_configureConversionMemory) refers to adc14.o(i._getIndexForMemRegister) for _getIndexForMemRegister
    adc14.o(i.ADC14_configureConversionMemory) refers to adc14.o(.constdata) for _ctlRegs
    adc14.o(i.ADC14_configureMultiSequenceMode) refers to adc14.o(i.ADCIsConversionRunning) for ADCIsConversionRunning
    adc14.o(i.ADC14_configureMultiSequenceMode) refers to adc14.o(i._getIndexForMemRegister) for _getIndexForMemRegister
    adc14.o(i.ADC14_configureMultiSequenceMode) refers to adc14.o(.constdata) for _ctlRegs
    adc14.o(i.ADC14_configureSingleSampleMode) refers to adc14.o(i.ADCIsConversionRunning) for ADCIsConversionRunning
    adc14.o(i.ADC14_configureSingleSampleMode) refers to adc14.o(i._getIndexForMemRegister) for _getIndexForMemRegister
    adc14.o(i.ADC14_disableComparatorWindow) refers to adc14.o(i.ADCIsConversionRunning) for ADCIsConversionRunning
    adc14.o(i.ADC14_disableComparatorWindow) refers to adc14.o(i._getIndexForMemRegister) for _getIndexForMemRegister
    adc14.o(i.ADC14_disableComparatorWindow) refers to adc14.o(.constdata) for _ctlRegs
    adc14.o(i.ADC14_disableModule) refers to adc14.o(i.ADCIsConversionRunning) for ADCIsConversionRunning
    adc14.o(i.ADC14_disableReferenceBurst) refers to adc14.o(i.ADCIsConversionRunning) for ADCIsConversionRunning
    adc14.o(i.ADC14_disableSampleTimer) refers to adc14.o(i.ADCIsConversionRunning) for ADCIsConversionRunning
    adc14.o(i.ADC14_enableComparatorWindow) refers to adc14.o(i.ADCIsConversionRunning) for ADCIsConversionRunning
    adc14.o(i.ADC14_enableComparatorWindow) refers to adc14.o(i._getIndexForMemRegister) for _getIndexForMemRegister
    adc14.o(i.ADC14_enableComparatorWindow) refers to adc14.o(.constdata) for _ctlRegs
    adc14.o(i.ADC14_enableConversion) refers to adc14.o(i.ADCIsConversionRunning) for ADCIsConversionRunning
    adc14.o(i.ADC14_enableReferenceBurst) refers to adc14.o(i.ADCIsConversionRunning) for ADCIsConversionRunning
    adc14.o(i.ADC14_enableSampleTimer) refers to adc14.o(i.ADCIsConversionRunning) for ADCIsConversionRunning
    adc14.o(i.ADC14_getEnabledInterruptStatus) refers to adc14.o(i.ADC14_getInterruptStatus) for ADC14_getInterruptStatus
    adc14.o(i.ADC14_getResult) refers to adc14.o(i._getIndexForMemRegister) for _getIndexForMemRegister
    adc14.o(i.ADC14_getResult) refers to adc14.o(.constdata) for _ctlRegs
    adc14.o(i.ADC14_getResultArray) refers to adc14.o(i._getIndexForMemRegister) for _getIndexForMemRegister
    adc14.o(i.ADC14_getResultArray) refers to adc14.o(.constdata) for _ctlRegs
    adc14.o(i.ADC14_initModule) refers to adc14.o(i.ADCIsConversionRunning) for ADCIsConversionRunning
    adc14.o(i.ADC14_registerInterrupt) refers to interrupt.o(i.Interrupt_registerInterrupt) for Interrupt_registerInterrupt
    adc14.o(i.ADC14_registerInterrupt) refers to interrupt.o(i.Interrupt_enableInterrupt) for Interrupt_enableInterrupt
    adc14.o(i.ADC14_setComparatorWindowValue) refers to adc14.o(i.ADCIsConversionRunning) for ADCIsConversionRunning
    adc14.o(i.ADC14_setPowerMode) refers to adc14.o(i.ADCIsConversionRunning) for ADCIsConversionRunning
    adc14.o(i.ADC14_setResultFormat) refers to adc14.o(i.ADCIsConversionRunning) for ADCIsConversionRunning
    adc14.o(i.ADC14_setSampleHoldTime) refers to adc14.o(i.ADCIsConversionRunning) for ADCIsConversionRunning
    adc14.o(i.ADC14_setSampleHoldTrigger) refers to adc14.o(i.ADCIsConversionRunning) for ADCIsConversionRunning
    adc14.o(i.ADC14_unregisterInterrupt) refers to interrupt.o(i.Interrupt_disableInterrupt) for Interrupt_disableInterrupt
    adc14.o(i.ADC14_unregisterInterrupt) refers to interrupt.o(i.Interrupt_unregisterInterrupt) for Interrupt_unregisterInterrupt
    aes256.o(i.AES256_getInterruptStatus) refers to aes256.o(i.AES256_getInterruptFlagStatus) for AES256_getInterruptFlagStatus
    aes256.o(i.AES256_registerInterrupt) refers to interrupt.o(i.Interrupt_registerInterrupt) for Interrupt_registerInterrupt
[...]
    Removing fpu.o(i.FPU_setRoundingMode), (20 bytes).
    Removing gpio.o(.rev16_text), (4 bytes).
    Removing gpio.o(.revsh_text), (4 bytes).
    Removing gpio.o(.rrx_text), (6 bytes).
    Removing gpio.o(i.GPIO_clearInterruptFlag), (20 bytes).
    Removing gpio.o(i.GPIO_disableInterrupt), (20 bytes).
    Removing gpio.o(i.GPIO_enableInterrupt), (20 bytes).
    Removing gpio.o(i.GPIO_getEnabledInterruptStatus), (84 bytes).
    Removing gpio.o(i.GPIO_getInputPinValue), (32 bytes).
    Removing gpio.o(i.GPIO_getInterruptStatus), (20 bytes).
    Removing gpio.o(i.GPIO_interruptEdgeSelect), (32 bytes).
    Removing gpio.o(i.GPIO_registerInterrupt), (32 bytes).
    Removing gpio.o(i.GPIO_setAsInputPin), (40 bytes).
    Removing gpio.o(i.GPIO_setAsInputPinWithPullDownResistor), (44 bytes).
    Removing gpio.o(i.GPIO_setAsInputPinWithPullUpResistor), (44 bytes).
    Removing gpio.o(i.GPIO_setAsPeripheralModuleFunctionInputPin), (80 bytes).
    Removing gpio.o(i.GPIO_setAsPeripheralModuleFunctionOutputPin), (80 bytes).
    Removing gpio.o(i.GPIO_setDriveStrengthHigh), (20 bytes).
    Removing gpio.o(i.GPIO_setDriveStrengthLow), (20 bytes).
    Removing gpio.o(i.GPIO_setOutputHighOnPin), (20 bytes).
    Removing gpio.o(i.GPIO_setOutputLowOnPin), (20 bytes).
    Removing gpio.o(i.GPIO_unregisterInterrupt), (28 bytes).
    Removing i2c.o(.rev16_text), (4 bytes).
    Removing i2c.o(.revsh_text), (4 bytes).
    Removing i2c.o(.rrx_text), (6 bytes).
    Removing i2c.o(i.I2C_clearInterruptFlag), (8 bytes).
    Removing i2c.o(i.I2C_disableInterrupt), (8 bytes).
    Removing i2c.o(i.I2C_disableModule), (14 bytes).
    Removing i2c.o(i.I2C_disableMultiMasterMode), (24 bytes).
    Removing i2c.o(i.I2C_enableInterrupt), (8 bytes).
    Removing i2c.o(i.I2C_enableModule), (14 bytes).
    Removing i2c.o(i.I2C_enableMultiMasterMode), (22 bytes).
    Removing i2c.o(i.I2C_getEnabledInterruptStatus), (14 bytes).
    Removing i2c.o(i.I2C_getInterruptStatus), (8 bytes).
    Removing i2c.o(i.I2C_getMode), (10 bytes).
    Removing i2c.o(i.I2C_getReceiveBufferAddressForDMA), (8 bytes).
    Removing i2c.o(i.I2C_getTransmitBufferAddressForDMA), (8 bytes).
    Removing i2c.o(i.I2C_initMaster), (64 bytes).
    Removing i2c.o(i.I2C_initSlave), (38 bytes).
    Removing i2c.o(i.I2C_isBusBusy), (18 bytes).
    Removing i2c.o(i.I2C_masterIsStartSent), (22 bytes).
    Removing i2c.o(i.I2C_masterIsStopSent), (14 bytes).
    Removing i2c.o(i.I2C_masterReceiveMultiByteFinish), (56 bytes).
    Removing i2c.o(i.I2C_masterReceiveMultiByteFinishWithTimeout), (82 bytes).
    Removing i2c.o(i.I2C_masterReceiveMultiByteNext), (8 bytes).
    Removing i2c.o(i.I2C_masterReceiveMultiByteStop), (14 bytes).
    Removing i2c.o(i.I2C_masterReceiveSingle), (44 bytes).
    Removing i2c.o(i.I2C_masterReceiveSingleByte), (88 bytes).
    Removing i2c.o(i.I2C_masterReceiveStart), (14 bytes).
    Removing i2c.o(i.I2C_masterSendMultiByteFinish), (110 bytes).
    Removing i2c.o(i.I2C_masterSendMultiByteFinishWithTimeout), (114 bytes).
    Removing i2c.o(i.I2C_masterSendMultiByteNext), (40 bytes).
    Removing i2c.o(i.I2C_masterSendMultiByteNextWithTimeout), (56 bytes).
    Removing i2c.o(i.I2C_masterSendMultiByteStart), (72 bytes).
    Removing i2c.o(i.I2C_masterSendMultiByteStartWithTimeout), (84 bytes).
    Removing i2c.o(i.I2C_masterSendMultiByteStop), (50 bytes).
    Removing i2c.o(i.I2C_masterSendMultiByteStopWithTimeout), (66 bytes).
    Removing i2c.o(i.I2C_masterSendSingleByte), (100 bytes).
    Removing i2c.o(i.I2C_masterSendSingleByteWithTimeout), (124 bytes).
    Removing i2c.o(i.I2C_masterSendStart), (14 bytes).
    Removing i2c.o(i.I2C_registerInterrupt), (108 bytes).
    Removing i2c.o(i.I2C_setMode), (12 bytes).
    Removing i2c.o(i.I2C_setSlaveAddress), (4 bytes).
    Removing i2c.o(i.I2C_setTimeout), (44 bytes).
    Removing i2c.o(i.I2C_slaveGetData), (8 bytes).
    Removing i2c.o(i.I2C_slavePutData), (4 bytes).
    Removing i2c.o(i.I2C_slaveSendNAK), (14 bytes).
    Removing i2c.o(i.I2C_unregisterInterrupt), (96 bytes).
    Removing interrupt.o(.rev16_text), (4 bytes).
    Removing interrupt.o(.revsh_text), (4 bytes).
    Removing interrupt.o(.rrx_text), (6 bytes).
    Removing interrupt.o(i.IntDefaultHandler), (4 bytes).
    Removing interrupt.o(i.Interrupt_disableInterrupt), (116 bytes).
    Removing interrupt.o(i.Interrupt_disableMaster), (16 bytes).
    Removing interrupt.o(i.Interrupt_disableSleepOnIsrExit), (20 bytes).
    Removing interrupt.o(i.Interrupt_enableInterrupt), (116 bytes).
    Removing interrupt.o(i.Interrupt_enableMaster), (16 bytes).
    Removing interrupt.o(i.Interrupt_enableSleepOnIsrExit), (20 bytes).
    Removing interrupt.o(i.Interrupt_getPriority), (28 bytes).
    Removing interrupt.o(i.Interrupt_getPriorityGrouping), (44 bytes).
    Removing interrupt.o(i.Interrupt_getPriorityMask), (10 bytes).
    Removing interrupt.o(i.Interrupt_getVectorTableAddress), (12 bytes).
    Removing interrupt.o(i.Interrupt_isEnabled), (116 bytes).
    Removing interrupt.o(i.Interrupt_pendInterrupt), (96 bytes).
    Removing interrupt.o(i.Interrupt_registerInterrupt), (60 bytes).
    Removing interrupt.o(i.Interrupt_setPriority), (52 bytes).
    Removing interrupt.o(i.Interrupt_setPriorityGrouping), (44 bytes).
    Removing interrupt.o(i.Interrupt_setPriorityMask), (12 bytes).
    Removing interrupt.o(i.Interrupt_setVectorTableAddress), (12 bytes).
    Removing interrupt.o(i.Interrupt_unpendInterrupt), (76 bytes).
    Removing interrupt.o(i.Interrupt_unregisterInterrupt), (20 bytes).
    Removing interrupt.o(.constdata), (144 bytes).
    Removing interrupt.o(vtable), (232 bytes).
    Removing lcd_f.o(.rev16_text), (4 bytes).
    Removing lcd_f.o(.revsh_text), (4 bytes).
    Removing lcd_f.o(.rrx_text), (6 bytes).
    Removing mpu.o(.rev16_text), (4 bytes).
    Removing mpu.o(.revsh_text), (4 bytes).
    Removing mpu.o(.rrx_text), (6 bytes).
    Removing mpu.o(i.MPU_disableInterrupt), (10 bytes).
    Removing mpu.o(i.MPU_disableModule), (20 bytes).
    Removing mpu.o(i.MPU_disableRegion), (28 bytes).
    Removing mpu.o(i.MPU_enableInterrupt), (10 bytes).
    Removing mpu.o(i.MPU_enableModule), (16 bytes).
    Removing mpu.o(i.MPU_enableRegion), (28 bytes).
    Removing mpu.o(i.MPU_getRegion), (28 bytes).
    Removing mpu.o(i.MPU_getRegionCount), (16 bytes).
    Removing mpu.o(i.MPU_registerInterrupt), (14 bytes).
    Removing mpu.o(i.MPU_setRegion), (32 bytes).
    Removing mpu.o(i.MPU_unregisterInterrupt), (10 bytes).
    Removing pcm.o(.rev16_text), (4 bytes).
    Removing pcm.o(.revsh_text), (4 bytes).
    Removing pcm.o(.rrx_text), (6 bytes).
    Removing pcm.o(i.PCM_clearInterruptFlag), (16 bytes).
    Removing pcm.o(i.PCM_disableInterrupt), (16 bytes).
    Removing pcm.o(i.PCM_disableRudeMode), (28 bytes).
    Removing pcm.o(i.PCM_enableInterrupt), (16 bytes).
    Removing pcm.o(i.PCM_enableRudeMode), (28 bytes).
    Removing pcm.o(i.PCM_getCoreVoltageLevel), (98 bytes).
    Removing pcm.o(i.PCM_getEnabledInterruptStatus), (20 bytes).
    Removing pcm.o(i.PCM_getInterruptStatus), (12 bytes).
    Removing pcm.o(i.PCM_getPowerMode), (88 bytes).
    Removing pcm.o(i.PCM_getPowerState), (16 bytes).
    Removing pcm.o(i.PCM_gotoLPM0), (40 bytes).
    Removing pcm.o(i.PCM_gotoLPM0InterruptSafe), (24 bytes).
    Removing pcm.o(i.PCM_gotoLPM3), (132 bytes).
    Removing pcm.o(i.PCM_gotoLPM3InterruptSafe), (24 bytes).
    Removing pcm.o(i.PCM_gotoLPM4), (16 bytes).
    Removing pcm.o(i.PCM_gotoLPM4InterruptSafe), (24 bytes).
    Removing pcm.o(i.PCM_registerInterrupt), (20 bytes).
    Removing pcm.o(i.PCM_setCoreVoltageLevel), (16 bytes).
    Removing pcm.o(i.PCM_setCoreVoltageLevelNonBlocking), (16 bytes).
    Removing pcm.o(i.PCM_setCoreVoltageLevelWithTimeout), (18 bytes).
    Removing pcm.o(i.PCM_setPowerMode), (16 bytes).
    Removing pcm.o(i.PCM_setPowerModeNonBlocking), (16 bytes).
    Removing pcm.o(i.PCM_setPowerModeWithTimeout), (18 bytes).
    Removing pcm.o(i.PCM_setPowerState), (16 bytes).
    Removing pcm.o(i.PCM_setPowerStateNonBlocking), (16 bytes).
    Removing pcm.o(i.PCM_setPowerStateWithTimeout), (18 bytes).
    Removing pcm.o(i.PCM_shutdownDevice), (84 bytes).
    Removing pcm.o(i.PCM_unregisterInterrupt), (16 bytes).
    Removing pcm.o(i.__PCM_setCoreVoltageLevelAdvanced), (208 bytes).
    Removing pcm.o(i.__PCM_setPowerModeAdvanced), (272 bytes).
    Removing pcm.o(i.__PCM_setPowerStateAdvanced), (540 bytes).
    Removing pmap.o(.rev16_text), (4 bytes).
    Removing pmap.o(.revsh_text), (4 bytes).
    Removing pmap.o(.rrx_text), (6 bytes).
    Removing pmap.o(i.PMAP_configurePorts), (56 bytes).
    Removing pss.o(.rev16_text), (4 bytes).
    Removing pss.o(.revsh_text), (4 bytes).
    Removing pss.o(.rrx_text), (6 bytes).
    Removing pss.o(i.PSS_clearInterruptFlag), (24 bytes).
    Removing pss.o(i.PSS_disableForcedDCDCOperation), (24 bytes).
    Removing pss.o(i.PSS_disableHighSide), (24 bytes).
    Removing pss.o(i.PSS_disableHighSideMonitor), (24 bytes).
    Removing pss.o(i.PSS_disableHighSidePinToggle), (24 bytes).
    Removing pss.o(i.PSS_disableInterrupt), (24 bytes).
    Removing pss.o(i.PSS_enableForcedDCDCOperation), (24 bytes).
    Removing pss.o(i.PSS_enableHighSide), (24 bytes).
    Removing pss.o(i.PSS_enableHighSideMonitor), (24 bytes).
    Removing pss.o(i.PSS_enableHighSidePinToggle), (56 bytes).
    Removing pss.o(i.PSS_enableInterrupt), (24 bytes).
    Removing pss.o(i.PSS_getHighSidePerformanceMode), (20 bytes).
    Removing pss.o(i.PSS_getHighSideVoltageTrigger), (16 bytes).
    Removing pss.o(i.PSS_getInterruptStatus), (12 bytes).
    Removing pss.o(i.PSS_registerInterrupt), (20 bytes).
    Removing pss.o(i.PSS_setHighSidePerformanceMode), (36 bytes).
    Removing pss.o(i.PSS_setHighSideVoltageTrigger), (48 bytes).
    Removing pss.o(i.PSS_unregisterInterrupt), (16 bytes).
    Removing pss.o(i.__PSSLock), (12 bytes).
    Removing pss.o(i.__PSSUnlock), (16 bytes).
    Removing ref_a.o(.rev16_text), (4 bytes).
    Removing ref_a.o(.revsh_text), (4 bytes).
    Removing ref_a.o(.rrx_text), (6 bytes).
    Removing ref_a.o(i.REF_A_disableReferenceVoltage), (18 bytes).
    Removing ref_a.o(i.REF_A_disableReferenceVoltageOutput), (18 bytes).
    Removing ref_a.o(i.REF_A_disableTempSensor), (18 bytes).
    Removing ref_a.o(i.REF_A_enableReferenceVoltage), (18 bytes).
    Removing ref_a.o(i.REF_A_enableReferenceVoltageOutput), (18 bytes).
    Removing ref_a.o(i.REF_A_enableTempSensor), (18 bytes).
    Removing ref_a.o(i.REF_A_getBandgapMode), (16 bytes).
    Removing ref_a.o(i.REF_A_getBufferedBandgapVoltageStatus), (26 bytes).
    Removing ref_a.o(i.REF_A_getVariableReferenceVoltageStatus), (26 bytes).
    Removing ref_a.o(i.REF_A_isBandgapActive), (26 bytes).
    Removing ref_a.o(i.REF_A_isRefGenActive), (26 bytes).
    Removing ref_a.o(i.REF_A_isRefGenBusy), (26 bytes).
    Removing ref_a.o(i.REF_A_setBufferedBandgapVoltageOneTimeTrigger), (18 bytes).
    Removing ref_a.o(i.REF_A_setReferenceVoltage), (20 bytes).
    Removing ref_a.o(i.REF_A_setReferenceVoltageOneTimeTrigger), (18 bytes).
    Removing reset.o(.rev16_text), (4 bytes).
    Removing reset.o(.revsh_text), (4 bytes).
    Removing reset.o(.rrx_text), (6 bytes).
    Removing reset.o(i.ResetCtl_clearHardResetSource), (16 bytes).
    Removing reset.o(i.ResetCtl_clearPCMFlags), (24 bytes).
    Removing reset.o(i.ResetCtl_clearPSSFlags), (24 bytes).
    Removing reset.o(i.ResetCtl_clearSoftResetSource), (16 bytes).
    Removing reset.o(i.ResetCtl_getHardResetSource), (12 bytes).
    Removing reset.o(i.ResetCtl_getPCMSource), (12 bytes).
    Removing reset.o(i.ResetCtl_getPSSSource), (12 bytes).
    Removing reset.o(i.ResetCtl_getSoftResetSource), (12 bytes).
    Removing reset.o(i.ResetCtl_initiateHardReset), (20 bytes).
    Removing reset.o(i.ResetCtl_initiateHardResetWithSource), (16 bytes).
    Removing reset.o(i.ResetCtl_initiateSoftReset), (20 bytes).
    Removing reset.o(i.ResetCtl_initiateSoftResetWithSource), (16 bytes).
    Removing rtc_c.o(.rev16_text), (4 bytes).
    Removing rtc_c.o(.revsh_text), (4 bytes).
    Removing rtc_c.o(.rrx_text), (6 bytes).
    Removing rtc_c.o(i.RTC_C_clearInterruptFlag), (96 bytes).
    Removing rtc_c.o(i.RTC_C_convertBCDToBinary), (16 bytes).
    Removing rtc_c.o(i.RTC_C_convertBinaryToBCD), (16 bytes).
    Removing rtc_c.o(i.RTC_C_definePrescaleEvent), (60 bytes).
    Removing rtc_c.o(i.RTC_C_disableInterrupt), (100 bytes).
    Removing rtc_c.o(i.RTC_C_enableInterrupt), (96 bytes).
    Removing rtc_c.o(i.RTC_C_getCalendarTime), (120 bytes).
    Removing rtc_c.o(i.RTC_C_getEnabledInterruptStatus), (132 bytes).
    Removing rtc_c.o(i.RTC_C_getInterruptStatus), (76 bytes).
    Removing rtc_c.o(i.RTC_C_getPrescaleValue), (32 bytes).
    Removing rtc_c.o(i.RTC_C_holdClock), (52 bytes).
    Removing rtc_c.o(i.RTC_C_initCalendar), (136 bytes).
    Removing rtc_c.o(i.RTC_C_registerInterrupt), (20 bytes).
    Removing rtc_c.o(i.RTC_C_setCalendarAlarm), (44 bytes).
    Removing rtc_c.o(i.RTC_C_setCalendarEvent), (52 bytes).
    Removing rtc_c.o(i.RTC_C_setCalibrationData), (48 bytes).
    Removing rtc_c.o(i.RTC_C_setCalibrationFrequency), (52 bytes).
    Removing rtc_c.o(i.RTC_C_setPrescaleValue), (84 bytes).
    Removing rtc_c.o(i.RTC_C_setTemperatureCompensation), (60 bytes).
    Removing rtc_c.o(i.RTC_C_startClock), (48 bytes).
    Removing rtc_c.o(i.RTC_C_unregisterInterrupt), (16 bytes).
    Removing spi.o(.rev16_text), (4 bytes).
    Removing spi.o(.revsh_text), (4 bytes).
    Removing spi.o(.rrx_text), (6 bytes).
    Removing spi.o(i.EUSCI_A_SPI_changeClockPhasePolarity), (36 bytes).
    Removing spi.o(i.EUSCI_A_SPI_clearInterruptFlag), (8 bytes).
    Removing spi.o(i.EUSCI_A_SPI_disable), (14 bytes).
    Removing spi.o(i.EUSCI_A_SPI_disableInterrupt), (8 bytes).
    Removing spi.o(i.EUSCI_A_SPI_enable), (14 bytes).
    Removing spi.o(i.EUSCI_A_SPI_enableInterrupt), (8 bytes).
    Removing spi.o(i.EUSCI_A_SPI_getInterruptStatus), (8 bytes).
    Removing spi.o(i.EUSCI_A_SPI_getReceiveBufferAddressForDMA), (8 bytes).
    Removing spi.o(i.EUSCI_A_SPI_getTransmitBufferAddressForDMA), (8 bytes).
    Removing spi.o(i.EUSCI_A_SPI_isBusy), (26 bytes).
    Removing spi.o(i.EUSCI_A_SPI_masterChangeClock), (30 bytes).
    Removing spi.o(i.EUSCI_A_SPI_receiveData), (8 bytes).
    Removing spi.o(i.EUSCI_A_SPI_select4PinFunctionality), (12 bytes).
    Removing spi.o(i.EUSCI_A_SPI_slaveInit), (42 bytes).
    Removing spi.o(i.EUSCI_A_SPI_transmitData), (4 bytes).
    Removing spi.o(i.EUSCI_B_SPI_changeClockPhasePolarity), (36 bytes).
    Removing spi.o(i.EUSCI_B_SPI_clearInterruptFlag), (8 bytes).
    Removing spi.o(i.EUSCI_B_SPI_disable), (14 bytes).
    Removing spi.o(i.EUSCI_B_SPI_disableInterrupt), (8 bytes).
    Removing spi.o(i.EUSCI_B_SPI_enable), (14 bytes).
    Removing spi.o(i.EUSCI_B_SPI_enableInterrupt), (8 bytes).
    Removing spi.o(i.EUSCI_B_SPI_getInterruptStatus), (8 bytes).
    Removing spi.o(i.EUSCI_B_SPI_getReceiveBufferAddressForDMA), (8 bytes).
    Removing spi.o(i.EUSCI_B_SPI_getTransmitBufferAddressForDMA), (8 bytes).
    Removing spi.o(i.EUSCI_B_SPI_isBusy), (26 bytes).
    Removing spi.o(i.EUSCI_B_SPI_masterChangeClock), (30 bytes).
    Removing spi.o(i.EUSCI_B_SPI_receiveData), (8 bytes).
    Removing spi.o(i.EUSCI_B_SPI_select4PinFunctionality), (12 bytes).
    Removing spi.o(i.EUSCI_B_SPI_slaveInit), (42 bytes).
    Removing spi.o(i.EUSCI_B_SPI_transmitData), (4 bytes).
    Removing spi.o(i.SPI_changeClockPhasePolarity), (40 bytes).
    Removing spi.o(i.SPI_changeMasterClock), (40 bytes).
    Removing spi.o(i.SPI_clearInterruptFlag), (34 bytes).
    Removing spi.o(i.SPI_disableInterrupt), (34 bytes).
    Removing spi.o(i.SPI_disableModule), (28 bytes).
    Removing spi.o(i.SPI_enableInterrupt), (34 bytes).
    Removing spi.o(i.SPI_enableModule), (28 bytes).
    Removing spi.o(i.SPI_getEnabledInterruptStatus), (40 bytes).
    Removing spi.o(i.SPI_getInterruptStatus), (34 bytes).
    Removing spi.o(i.SPI_getReceiveBufferAddressForDMA), (28 bytes).
    Removing spi.o(i.SPI_getTransmitBufferAddressForDMA), (28 bytes).
    Removing spi.o(i.SPI_initMaster), (138 bytes).
    Removing spi.o(i.SPI_initSlave), (102 bytes).
    Removing spi.o(i.SPI_isBusy), (28 bytes).
    Removing spi.o(i.SPI_receiveData), (28 bytes).
    Removing spi.o(i.SPI_registerInterrupt), (172 bytes).
    Removing spi.o(i.SPI_selectFourPinFunctionality), (34 bytes).
    Removing spi.o(i.SPI_transmitData), (34 bytes).
    Removing spi.o(i.SPI_unregisterInterrupt), (154 bytes).
    Removing spi.o(i.is_A_Module), (52 bytes).
    Removing sysctl.o(.rev16_text), (4 bytes).
    Removing sysctl.o(.revsh_text), (4 bytes).
    Removing sysctl.o(.rrx_text), (6 bytes).
    Removing sysctl.o(i.SysCtl_disableGlitchFilter), (20 bytes).
    Removing sysctl.o(i.SysCtl_disableNMISource), (16 bytes).
    Removing sysctl.o(i.SysCtl_disablePeripheralAtCPUHalt), (16 bytes).
    Removing sysctl.o(i.SysCtl_disableSRAMBank), (96 bytes).
    Removing sysctl.o(i.SysCtl_disableSRAMBankRetention), (32 bytes).
    Removing sysctl.o(i.SysCtl_enableGlitchFilter), (20 bytes).
    Removing sysctl.o(i.SysCtl_enableNMISource), (16 bytes).
    Removing sysctl.o(i.SysCtl_enablePeripheralAtCPUHalt), (16 bytes).
    Removing sysctl.o(i.SysCtl_enableSRAMBank), (28 bytes).
    Removing sysctl.o(i.SysCtl_enableSRAMBankRetention), (32 bytes).
    Removing sysctl.o(i.SysCtl_getFlashSize), (12 bytes).
    Removing sysctl.o(i.SysCtl_getNMISourceStatus), (16 bytes).
    Removing sysctl.o(i.SysCtl_getSRAMSize), (12 bytes).
    Removing sysctl.o(i.SysCtl_getTLVInfo), (80 bytes).
    Removing sysctl.o(i.SysCtl_getTempCalibrationConstant), (16 bytes).
    Removing sysctl.o(i.SysCtl_rebootDevice), (16 bytes).
    Removing sysctl.o(i.SysCtl_setWDTPasswordViolationResetType), (36 bytes).
    Removing sysctl.o(i.SysCtl_setWDTTimeoutResetType), (36 bytes).
    Removing sysctl_a.o(.rev16_text), (4 bytes).
    Removing sysctl_a.o(.revsh_text), (4 bytes).
    Removing sysctl_a.o(.rrx_text), (6 bytes).
    Removing systick.o(.rev16_text), (4 bytes).
    Removing systick.o(.revsh_text), (4 bytes).
    Removing systick.o(.rrx_text), (6 bytes).
    Removing systick.o(i.SysTick_disableInterrupt), (18 bytes).
    Removing systick.o(i.SysTick_disableModule), (18 bytes).
    Removing systick.o(i.SysTick_enableInterrupt), (18 bytes).
    Removing systick.o(i.SysTick_enableModule), (18 bytes).
    Removing systick.o(i.SysTick_getPeriod), (10 bytes).
    Removing systick.o(i.SysTick_getValue), (8 bytes).
    Removing systick.o(i.SysTick_registerInterrupt), (14 bytes).
    Removing systick.o(i.SysTick_setPeriod), (10 bytes).
    Removing systick.o(i.SysTick_unregisterInterrupt), (10 bytes).
    Removing timer_a.o(.rev16_text), (4 bytes).
    Removing timer_a.o(.revsh_text), (4 bytes).
    Removing timer_a.o(.rrx_text), (6 bytes).
    Removing timer_a.o(i.Timer_A_clearCaptureCompareInterrupt), (30 bytes).
    Removing timer_a.o(i.Timer_A_clearInterruptFlag), (14 bytes).
    Removing timer_a.o(i.Timer_A_clearTimer), (14 bytes).
    Removing timer_a.o(i.Timer_A_configureContinuousMode), (40 bytes).
    Removing timer_a.o(i.Timer_A_configureUpDownMode), (84 bytes).
    Removing timer_a.o(i.Timer_A_configureUpMode), (84 bytes).
    Removing timer_a.o(i.Timer_A_disableCaptureCompareInterrupt), (30 bytes).
    Removing timer_a.o(i.Timer_A_disableInterrupt), (14 bytes).
    Removing timer_a.o(i.Timer_A_enableCaptureCompareInterrupt), (30 bytes).
    Removing timer_a.o(i.Timer_A_enableInterrupt), (14 bytes).
    Removing timer_a.o(i.Timer_A_generatePWM), (90 bytes).
    Removing timer_a.o(i.Timer_A_getCaptureCompareCount), (20 bytes).
    Removing timer_a.o(i.Timer_A_getCaptureCompareEnabledInterruptStatus), (48 bytes).
    Removing timer_a.o(i.Timer_A_getCaptureCompareInterruptStatus), (22 bytes).
    Removing timer_a.o(i.Timer_A_getCounterValue), (38 bytes).
    Removing timer_a.o(i.Timer_A_getEnabledInterruptStatus), (24 bytes).
    Removing timer_a.o(i.Timer_A_getInterruptStatus), (10 bytes).
    Removing timer_a.o(i.Timer_A_getOutputForOutputModeOutBitValue), (38 bytes).
    Removing timer_a.o(i.Timer_A_getSynchronizedCaptureCompareInput), (30 bytes).
    Removing timer_a.o(i.Timer_A_initCapture), (58 bytes).
    Removing timer_a.o(i.Timer_A_initCompare), (52 bytes).
    Removing timer_a.o(i.Timer_A_registerInterrupt), (208 bytes).
    Removing timer_a.o(i.Timer_A_setCompareValue), (20 bytes).
    Removing timer_a.o(i.Timer_A_setOutputForOutputModeOutBitValue), (32 bytes).
    Removing timer_a.o(i.Timer_A_startCounter), (8 bytes).
    Removing timer_a.o(i.Timer_A_stopTimer), (10 bytes).
    Removing timer_a.o(i.Timer_A_unregisterInterrupt), (192 bytes).
    Removing timer_a.o(i.privateTimer_AProcessClockSourceDivider), (232 bytes).
    Removing timer32.o(.rev16_text), (4 bytes).
    Removing timer32.o(.revsh_text), (4 bytes).
    Removing timer32.o(.rrx_text), (6 bytes).
    Removing timer32.o(i.Timer32_clearInterruptFlag), (10 bytes).
    Removing timer32.o(i.Timer32_disableInterrupt), (10 bytes).
    Removing timer32.o(i.Timer32_enableInterrupt), (10 bytes).
    Removing timer32.o(i.Timer32_getInterruptStatus), (6 bytes).
    Removing timer32.o(i.Timer32_getValue), (6 bytes).
    Removing timer32.o(i.Timer32_haltTimer), (10 bytes).
    Removing timer32.o(i.Timer32_initModule), (94 bytes).
    Removing timer32.o(i.Timer32_registerInterrupt), (22 bytes).
    Removing timer32.o(i.Timer32_setCount), (34 bytes).
    Removing timer32.o(i.Timer32_setCountInBackground), (34 bytes).
    Removing timer32.o(i.Timer32_startTimer), (48 bytes).
    Removing timer32.o(i.Timer32_unregisterInterrupt), (18 bytes).
    Removing uart.o(.rev16_text), (4 bytes).
    Removing uart.o(.revsh_text), (4 bytes).
    Removing uart.o(.rrx_text), (6 bytes).
    Removing uart.o(i.UART_clearInterruptFlag), (8 bytes).
    Removing uart.o(i.UART_disableInterrupt), (22 bytes).
    Removing uart.o(i.UART_disableModule), (14 bytes).
    Removing uart.o(i.UART_enableInterrupt), (22 bytes).
    Removing uart.o(i.UART_enableModule), (14 bytes).
    Removing uart.o(i.UART_getEnabledInterruptStatus), (72 bytes).
    Removing uart.o(i.UART_getInterruptStatus), (8 bytes).
    Removing uart.o(i.UART_getReceiveBufferAddressForDMA), (8 bytes).
    Removing uart.o(i.UART_getTransmitBufferAddressForDMA), (8 bytes).
    Removing uart.o(i.UART_initModule), (246 bytes).
    Removing uart.o(i.UART_queryStatusFlags), (8 bytes).
    Removing uart.o(i.UART_receiveData), (44 bytes).
    Removing uart.o(i.UART_registerInterrupt), (108 bytes).
    Removing uart.o(i.UART_resetDormant), (14 bytes).
    Removing uart.o(i.UART_selectDeglitchTime), (12 bytes).
    Removing uart.o(i.UART_setDormant), (14 bytes).
    Removing uart.o(i.UART_transmitAddress), (18 bytes).
    Removing uart.o(i.UART_transmitBreak), (72 bytes).
    Removing uart.o(i.UART_transmitData), (40 bytes).
    Removing uart.o(i.UART_unregisterInterrupt), (96 bytes).
    Removing wdt_a.o(.rev16_text), (4 bytes).
    Removing wdt_a.o(.revsh_text), (4 bytes).
    Removing wdt_a.o(.rrx_text), (6 bytes).
    Removing wdt_a.o(i.WDT_A_clearTimer), (24 bytes).
    Removing wdt_a.o(i.WDT_A_initIntervalTimer), (20 bytes).
    Removing wdt_a.o(i.WDT_A_initWatchdogTimer), (20 bytes).
    Removing wdt_a.o(i.WDT_A_registerInterrupt), (20 bytes).
    Removing wdt_a.o(i.WDT_A_setPasswordViolationReset), (12 bytes).
    Removing wdt_a.o(i.WDT_A_setTimeoutReset), (12 bytes).
    Removing wdt_a.o(i.WDT_A_startTimer), (24 bytes).
    Removing wdt_a.o(i.WDT_A_unregisterInterrupt), (16 bytes).
    Removing system_msp432p401r.o(.rev16_text), (4 bytes).
    Removing system_msp432p401r.o(.revsh_text), (4 bytes).
    Removing system_msp432p401r.o(.rrx_text), (6 bytes).
    Removing startup_msp432p401r_uvision.o(HEAP), (0 bytes).
    Removing cpuport.o(i.rt_hw_cpu_reset), (16 bytes).
    Removing cpuport.o(i.rt_hw_cpu_shutdown), (28 bytes).
    Removing cpuport.o(i.rt_hw_exception_install), (12 bytes).
    Removing clock.o(i.rt_system_tick_init), (2 bytes).
    Removing clock.o(i.rt_tick_set), (28 bytes).
    Removing idle.o(i.rt_thread_idle_gethandler), (8 bytes).
    Removing ipc.o(i.rt_ipc_list_resume_all), (50 bytes).
    Removing ipc.o(i.rt_mb_control), (66 bytes).
    Removing ipc.o(i.rt_mb_create), (82 bytes).
    Removing ipc.o(i.rt_mb_delete), (36 bytes).
    Removing ipc.o(i.rt_mb_detach), (30 bytes).
    Removing ipc.o(i.rt_mb_init), (62 bytes).
    Removing ipc.o(i.rt_mb_recv), (250 bytes).
    Removing ipc.o(i.rt_mb_send), (18 bytes).
    Removing ipc.o(i.rt_mb_send_wait), (270 bytes).
    Removing ipc.o(i.rt_sem_control), (54 bytes).
    Removing ipc.o(i.rt_sem_create), (42 bytes).
    Removing ipc.o(i.rt_sem_delete), (22 bytes).
    Removing ipc.o(i.rt_sem_detach), (22 bytes).
    Removing ipc.o(i.rt_sem_trytake), (14 bytes).
    Removing irq.o(i.rt_interrupt_get_nest), (28 bytes).
    Removing kservice.o(i._rt_errno), (36 bytes).
    Removing kservice.o(i.rt_free_align), (16 bytes).
    Removing kservice.o(i.rt_get_errno), (36 bytes).
    Removing kservice.o(i.rt_kputs), (18 bytes).
    Removing kservice.o(i.rt_malloc_align), (70 bytes).
    Removing kservice.o(i.rt_memcmp), (38 bytes).
    Removing kservice.o(i.rt_memcpy), (124 bytes).
    Removing kservice.o(i.rt_memmove), (66 bytes).
    Removing kservice.o(i.rt_set_errno), (40 bytes).
    Removing kservice.o(i.rt_snprintf), (38 bytes).
    Removing kservice.o(i.rt_sprintf), (34 bytes).
    Removing kservice.o(i.rt_strcasecmp), (48 bytes).
    Removing kservice.o(i.rt_strcmp), (28 bytes).
    Removing kservice.o(i.rt_strdup), (40 bytes).
    Removing kservice.o(i.rt_strlen), (18 bytes).
    Removing kservice.o(i.rt_strncmp), (40 bytes).
    Removing kservice.o(i.rt_strnlen), (24 bytes).
    Removing kservice.o(i.rt_strstr), (58 bytes).
    Removing kservice.o(i.rt_vsprintf), (22 bytes).
    Removing kservice.o(.data), (4 bytes).
    Removing mem.o(i.rt_calloc), (34 bytes).
    Removing mem.o(i.rt_memory_info), (40 bytes).
    Removing mem.o(i.rt_realloc), (312 bytes).
    Removing object.o(i.rt_object_find), (82 bytes).
    Removing object.o(i.rt_object_get_length), (58 bytes).
    Removing object.o(i.rt_object_get_pointers), (86 bytes).
    Removing object.o(i.rt_object_get_type), (10 bytes).
    Removing object.o(i.rt_system_object_init), (2 bytes).
    Removing scheduler.o(i.rt_critical_level), (12 bytes).
    Removing thread.o(i.rt_thread_control), (136 bytes).
    Removing thread.o(i.rt_thread_delay), (12 bytes).
    Removing thread.o(i.rt_thread_delay_until), (110 bytes).
    Removing thread.o(i.rt_thread_delete), (88 bytes).
    Removing thread.o(i.rt_thread_detach), (104 bytes).
    Removing thread.o(i.rt_thread_find), (14 bytes).
    Removing timer.o(i.rt_timer_create), (54 bytes).
    Removing timer.o(i.rt_timer_delete), (40 bytes).
    Removing timer.o(i.rt_timer_list_next_timeout), (44 bytes).
    Removing timer.o(i.rt_timer_next_timeout_tick), (16 bytes).

693 unused section(s) (total 30104 bytes) removed from the image.

==============================================================================

Image Symbol Table

    Local Symbols

    Symbol Name                              Value     Ov Type        Size  Object(Section)

    RESET                                    0x00000000   Section      324  startup_msp432p401r_uvision.o(RESET)
    ../clib/microlib/init/entry.s            0x00000000   Number         0  entry5.o ABSOLUTE
    ../clib/microlib/init/entry.s            0x00000000   Number         0  entry10b.o ABSOLUTE
    ../clib/microlib/init/entry.s            0x00000000   Number         0  entry8b.o ABSOLUTE
    ../clib/microlib/init/entry.s            0x00000000   Number         0  entry.o ABSOLUTE
    ../clib/microlib/init/entry.s            0x00000000   Number         0  entry2.o ABSOLUTE
    ../clib/microlib/init/entry.s            0x00000000   Number         0  entry11b.o ABSOLUTE
    ../clib/microlib/init/entry.s            0x00000000   Number         0  entry7a.o ABSOLUTE
    ../clib/microlib/init/entry.s            0x00000000   Number         0  entry7b.o ABSOLUTE
    ../clib/microlib/init/entry.s            0x00000000   Number         0  entry8a.o ABSOLUTE
    ../clib/microlib/init/entry.s            0x00000000   Number         0  entry10a.o ABSOLUTE
    ../clib/microlib/init/entry.s            0x00000000   Number         0  entry9a.o ABSOLUTE
    ../clib/microlib/init/entry.s            0x00000000   Number         0  entry11a.o ABSOLUTE
    ../clib/microlib/init/entry.s            0x00000000   Number         0  entry9b.o ABSOLUTE
    ../clib/microlib/string/memcpy.c         0x00000000   Number         0  memcpya.o ABSOLUTE
    ../clib/microlib/string/memcpy.c         0x00000000   Number         0  memcpyb.o ABSOLUTE
    ..\Lib\ti\devices\msp432p4xx\driverlib\adc14.c 0x00000000   Number         0  adc14.o ABSOLUTE
    ..\Lib\ti\devices\msp432p4xx\driverlib\aes256.c 0x00000000   Number         0  aes256.o ABSOLUTE
    ..\Lib\ti\devices\msp432p4xx\driverlib\comp_e.c 0x00000000   Number         0  comp_e.o ABSOLUTE
    ..\Lib\ti\devices\msp432p4xx\driverlib\cpu.c 0x00000000   Number         0  cpu.o ABSOLUTE
    ..\Lib\ti\devices\msp432p4xx\driverlib\crc32.c 0x00000000   Number         0  crc32.o ABSOLUTE
    ..\Lib\ti\devices\msp432p4xx\driverlib\cs.c 0x00000000   Number         0  cs.o ABSOLUTE
    ..\Lib\ti\devices\msp432p4xx\driverlib\dma.c 0x00000000   Number         0  dma.o ABSOLUTE
    ..\Lib\ti\devices\msp432p4xx\driverlib\flash.c 0x00000000   Number         0  flash.o ABSOLUTE
    ..\Lib\ti\devices\msp432p4xx\driverlib\flash_a.c 0x00000000   Number         0  flash_a.o ABSOLUTE
    ..\Lib\ti\devices\msp432p4xx\driverlib\fpu.c 0x00000000   Number         0  fpu.o ABSOLUTE
    ..\Lib\ti\devices\msp432p4xx\driverlib\gpio.c 0x00000000   Number         0  gpio.o ABSOLUTE
    ..\Lib\ti\devices\msp432p4xx\driverlib\i2c.c 0x00000000   Number         0  i2c.o ABSOLUTE
    ..\Lib\ti\devices\msp432p4xx\driverlib\interrupt.c 0x00000000   Number         0  interrupt.o ABSOLUTE
    ..\Lib\ti\devices\msp432p4xx\driverlib\lcd_f.c 0x00000000   Number         0  lcd_f.o ABSOLUTE
    ..\Lib\ti\devices\msp432p4xx\driverlib\mpu.c 0x00000000   Number         0  mpu.o ABSOLUTE
    ..\Lib\ti\devices\msp432p4xx\driverlib\pcm.c 0x00000000   Number         0  pcm.o ABSOLUTE
    ..\Lib\ti\devices\msp432p4xx\driverlib\pmap.c 0x00000000   Number         0  pmap.o ABSOLUTE
    ..\Lib\ti\devices\msp432p4xx\driverlib\pss.c 0x00000000   Number         0  pss.o ABSOLUTE
    ..\Lib\ti\devices\msp432p4xx\driverlib\ref_a.c 0x00000000   Number         0  ref_a.o ABSOLUTE
    ..\Lib\ti\devices\msp432p4xx\driverlib\reset.c 0x00000000   Number         0  reset.o ABSOLUTE
    ..\Lib\ti\devices\msp432p4xx\driverlib\rtc_c.c 0x00000000   Number         0  rtc_c.o ABSOLUTE
    ..\Lib\ti\devices\msp432p4xx\driverlib\spi.c 0x00000000   Number         0  spi.o ABSOLUTE
    ..\Lib\ti\devices\msp432p4xx\driverlib\sysctl.c 0x00000000   Number         0  sysctl.o ABSOLUTE
    ..\Lib\ti\devices\msp432p4xx\driverlib\sysctl_a.c 0x00000000   Number         0  sysctl_a.o ABSOLUTE
    ..\Lib\ti\devices\msp432p4xx\driverlib\systick.c 0x00000000   Number         0  systick.o ABSOLUTE
    ..\Lib\ti\devices\msp432p4xx\driverlib\timer32.c 0x00000000   Number         0  timer32.o ABSOLUTE
    ..\Lib\ti\devices\msp432p4xx\driverlib\timer_a.c 0x00000000   Number         0  timer_a.o ABSOLUTE
    ..\Lib\ti\devices\msp432p4xx\driverlib\uart.c 0x00000000   Number         0  uart.o ABSOLUTE
    ..\Lib\ti\devices\msp432p4xx\driverlib\wdt_a.c 0x00000000   Number         0  wdt_a.o ABSOLUTE
    ..\Lib\ti\devices\msp432p4xx\startup_system_files\keil\startup_msp432p401r_uvision.s 0x00000000   Number         0  startup_msp432p401r_uvision.o ABSOLUTE
    ..\Lib\ti\devices\msp432p4xx\startup_system_files\system_msp432p401r.c 0x00000000   Number         0  system_msp432p401r.o ABSOLUTE
    ..\RTthread\bsp\board.c                  0x00000000   Number         0  board.o ABSOLUTE
    ..\RTthread\libcpu\arm\cortex-m4\context_rvds.S 0x00000000   Number         0  context_rvds.o ABSOLUTE
    ..\RTthread\libcpu\arm\cortex-m4\cpuport.c 0x00000000   Number         0  cpuport.o ABSOLUTE
    ..\RTthread\src\clock.c                  0x00000000   Number         0  clock.o ABSOLUTE
    ..\RTthread\src\components.c             0x00000000   Number         0  components.o ABSOLUTE
    ..\RTthread\src\cpu.c                    0x00000000   Number         0  cpu_1.o ABSOLUTE
    ..\RTthread\src\idle.c                   0x00000000   Number         0  idle.o ABSOLUTE
    ..\RTthread\src\ipc.c                    0x00000000   Number         0  ipc.o ABSOLUTE
    ..\RTthread\src\irq.c                    0x00000000   Number         0  irq.o ABSOLUTE
    ..\RTthread\src\kservice.c               0x00000000   Number         0  kservice.o ABSOLUTE
    ..\RTthread\src\mem.c                    0x00000000   Number         0  mem.o ABSOLUTE
    ..\RTthread\src\memheap.c                0x00000000   Number         0  memheap.o ABSOLUTE
    ..\RTthread\src\mempool.c                0x00000000   Number         0  mempool.o ABSOLUTE
    ..\RTthread\src\object.c                 0x00000000   Number         0  object.o ABSOLUTE
    ..\RTthread\src\scheduler.c              0x00000000   Number         0  scheduler.o ABSOLUTE
    ..\RTthread\src\slab.c                   0x00000000   Number         0  slab.o ABSOLUTE
    ..\RTthread\src\thread.c                 0x00000000   Number         0  thread.o ABSOLUTE
    ..\RTthread\src\timer.c                  0x00000000   Number         0  timer.o ABSOLUTE
    ..\User\main.c                           0x00000000   Number         0  main.o ABSOLUTE
    ..\\Lib\\ti\\devices\\msp432p4xx\\driverlib\\adc14.c 0x00000000   Number         0  adc14.o ABSOLUTE
    ..\\Lib\\ti\\devices\\msp432p4xx\\driverlib\\aes256.c 0x00000000   Number         0  aes256.o ABSOLUTE
    ..\\Lib\\ti\\devices\\msp432p4xx\\driverlib\\comp_e.c 0x00000000   Number         0  comp_e.o ABSOLUTE
    ..\\Lib\\ti\\devices\\msp432p4xx\\driverlib\\cpu.c 0x00000000   Number         0  cpu.o ABSOLUTE
    ..\\Lib\\ti\\devices\\msp432p4xx\\driverlib\\crc32.c 0x00000000   Number         0  crc32.o ABSOLUTE
    ..\\Lib\\ti\\devices\\msp432p4xx\\driverlib\\cs.c 0x00000000   Number         0  cs.o ABSOLUTE
    ..\\Lib\\ti\\devices\\msp432p4xx\\driverlib\\dma.c 0x00000000   Number         0  dma.o ABSOLUTE
    ..\\Lib\\ti\\devices\\msp432p4xx\\driverlib\\flash.c 0x00000000   Number         0  flash.o ABSOLUTE
    ..\\Lib\\ti\\devices\\msp432p4xx\\driverlib\\flash_a.c 0x00000000   Number         0  flash_a.o ABSOLUTE
    ..\\Lib\\ti\\devices\\msp432p4xx\\driverlib\\fpu.c 0x00000000   Number         0  fpu.o ABSOLUTE
    ..\\Lib\\ti\\devices\\msp432p4xx\\driverlib\\gpio.c 0x00000000   Number         0  gpio.o ABSOLUTE
    ..\\Lib\\ti\\devices\\msp432p4xx\\driverlib\\i2c.c 0x00000000   Number         0  i2c.o ABSOLUTE
    ..\\Lib\\ti\\devices\\msp432p4xx\\driverlib\\interrupt.c 0x00000000   Number         0  interrupt.o ABSOLUTE
    ..\\Lib\\ti\\devices\\msp432p4xx\\driverlib\\lcd_f.c 0x00000000   Number         0  lcd_f.o ABSOLUTE
    ..\\Lib\\ti\\devices\\msp432p4xx\\driverlib\\mpu.c 0x00000000   Number         0  mpu.o ABSOLUTE
    ..\\Lib\\ti\\devices\\msp432p4xx\\driverlib\\pcm.c 0x00000000   Number         0  pcm.o ABSOLUTE
    ..\\Lib\\ti\\devices\\msp432p4xx\\driverlib\\pmap.c 0x00000000   Number         0  pmap.o ABSOLUTE
    ..\\Lib\\ti\\devices\\msp432p4xx\\driverlib\\pss.c 0x00000000   Number         0  pss.o ABSOLUTE
    ..\\Lib\\ti\\devices\\msp432p4xx\\driverlib\\ref_a.c 0x00000000   Number         0  ref_a.o ABSOLUTE
    ..\\Lib\\ti\\devices\\msp432p4xx\\driverlib\\reset.c 0x00000000   Number         0  reset.o ABSOLUTE
    ..\\Lib\\ti\\devices\\msp432p4xx\\driverlib\\rtc_c.c 0x00000000   Number         0  rtc_c.o ABSOLUTE
    ..\\Lib\\ti\\devices\\msp432p4xx\\driverlib\\spi.c 0x00000000   Number         0  spi.o ABSOLUTE
    ..\\Lib\\ti\\devices\\msp432p4xx\\driverlib\\sysctl.c 0x00000000   Number         0  sysctl.o ABSOLUTE
    ..\\Lib\\ti\\devices\\msp432p4xx\\driverlib\\sysctl_a.c 0x00000000   Number         0  sysctl_a.o ABSOLUTE
    ..\\Lib\\ti\\devices\\msp432p4xx\\driverlib\\systick.c 0x00000000   Number         0  systick.o ABSOLUTE
    ..\\Lib\\ti\\devices\\msp432p4xx\\driverlib\\timer32.c 0x00000000   Number         0  timer32.o ABSOLUTE
    ..\\Lib\\ti\\devices\\msp432p4xx\\driverlib\\timer_a.c 0x00000000   Number         0  timer_a.o ABSOLUTE
    ..\\Lib\\ti\\devices\\msp432p4xx\\driverlib\\uart.c 0x00000000   Number         0  uart.o ABSOLUTE
    ..\\Lib\\ti\\devices\\msp432p4xx\\driverlib\\wdt_a.c 0x00000000   Number         0  wdt_a.o ABSOLUTE
    ..\\Lib\\ti\\devices\\msp432p4xx\\startup_system_files\\system_msp432p401r.c 0x00000000   Number         0  system_msp432p401r.o ABSOLUTE
    ..\\User\\main.c                         0x00000000   Number         0  main.o ABSOLUTE
    dc.s                                     0x00000000   Number         0  dc.o ABSOLUTE
    handlers.s                               0x00000000   Number         0  handlers.o ABSOLUTE
    init.s                                   0x00000000   Number         0  init.o ABSOLUTE
    .ARM.Collect$$$$00000000                 0x00000144   Section        0  entry.o(.ARM.Collect$$$$00000000)
    .ARM.Collect$$$$00000001                 0x00000144   Section        4  entry2.o(.ARM.Collect$$$$00000001)
    .ARM.Collect$$$$00000004                 0x00000148   Section        4  entry5.o(.ARM.Collect$$$$00000004)
    .ARM.Collect$$$$00000008                 0x0000014c   Section        0  entry7b.o(.ARM.Collect$$$$00000008)
    .ARM.Collect$$$$0000000A                 0x0000014c   Section        0  entry8b.o(.ARM.Collect$$$$0000000A)
    .ARM.Collect$$$$0000000B                 0x0000014c   Section        8  entry9a.o(.ARM.Collect$$$$0000000B)
    .ARM.Collect$$$$0000000D                 0x00000154   Section        0  entry10a.o(.ARM.Collect$$$$0000000D)
    .ARM.Collect$$$$0000000F                 0x00000154   Section        0  entry11a.o(.ARM.Collect$$$$0000000F)
    .ARM.Collect$$$$00002712                 0x00000154   Section        4  entry2.o(.ARM.Collect$$$$00002712)
    __lit__00000000                          0x00000154   Data           4  entry2.o(.ARM.Collect$$$$00002712)
    .text                                    0x00000158   Section       36  startup_msp432p401r_uvision.o(.text)
    $v0                                      0x00000158   Number         0  startup_msp432p401r_uvision.o(.text)
    .text                                    0x0000017c   Section      308  context_rvds.o(.text)
    $v0                                      0x0000017c   Number         0  context_rvds.o(.text)
    .text                                    0x000002b0   Section       36  init.o(.text)
    i.$Sub$$main                             0x000002d4   Section        0  components.o(i.$Sub$$main)
    i.GPIO_setAsOutputPin                    0x000002e0   Section        0  gpio.o(i.GPIO_setAsOutputPin)
    i.GPIO_toggleOutputOnPin                 0x00000300   Section        0  gpio.o(i.GPIO_toggleOutputOnPin)
    i.SysTick_Handler                        0x00000314   Section        0  board.o(i.SysTick_Handler)
    i.SystemCoreClockUpdate                  0x00000324   Section        0  system_msp432p401r.o(i.SystemCoreClockUpdate)
    i.SystemInit                             0x00000598   Section        0  system_msp432p401r.o(i.SystemInit)
    i.WDT_A_holdTimer                        0x00000604   Section        0  wdt_a.o(i.WDT_A_holdTimer)
    i._SysTick_Config                        0x0000061c   Section        0  board.o(i._SysTick_Config)
    _SysTick_Config                          0x0000061d   Thumb Code    44  board.o(i._SysTick_Config)
    i.__rt_ffs                               0x0000064c   Section        0  kservice.o(i.__rt_ffs)
    i.__scatterload_copy                     0x00000698   Section       14  handlers.o(i.__scatterload_copy)
    i.__scatterload_null                     0x000006a6   Section        2  handlers.o(i.__scatterload_null)
    i.__scatterload_zeroinit                 0x000006a8   Section       14  handlers.o(i.__scatterload_zeroinit)
    i._rt_thread_init                        0x000006b8   Section        0  thread.o(i._rt_thread_init)
    _rt_thread_init                          0x000006b9   Thumb Code   124  thread.o(i._rt_thread_init)
    i._rt_timer_init                         0x0000073c   Section        0  timer.o(i._rt_timer_init)
    _rt_timer_init                           0x0000073d   Thumb Code    66  timer.o(i._rt_timer_init)
    i._rt_timer_remove                       0x0000077e   Section        0  timer.o(i._rt_timer_remove)
    _rt_timer_remove                         0x0000077f   Thumb Code    28  timer.o(i._rt_timer_remove)
    i._thread_cleanup_execute                0x0000079a   Section        0  thread.o(i._thread_cleanup_execute)
    _thread_cleanup_execute                  0x0000079b   Thumb Code    28  thread.o(i._thread_cleanup_execute)
    i.blink_entry                            0x000007b6   Section        0  main.o(i.blink_entry)
    blink_entry                              0x000007b7   Thumb Code    32  main.o(i.blink_entry)
    i.main                                   0x000007d8   Section        0  main.o(i.main)
    i.main_thread_entry                      0x00000814   Section        0  components.o(i.main_thread_entry)
    i.plug_holes                             0x00000824   Section        0  mem.o(i.plug_holes)
    plug_holes                               0x00000825   Thumb Code   108  mem.o(i.plug_holes)
    i.print_number                           0x0000089c   Section        0  kservice.o(i.print_number)
    print_number                             0x0000089d   Thumb Code   400  kservice.o(i.print_number)
    i.rt_application_init                    0x00000a34   Section        0  components.o(i.rt_application_init)
    i.rt_components_board_init               0x00000a60   Section        0  components.o(i.rt_components_board_init)
    i.rt_components_init                     0x00000a7c   Section        0  components.o(i.rt_components_init)
    i.rt_enter_critical                      0x00000a98   Section        0  scheduler.o(i.rt_enter_critical)
    i.rt_exit_critical                       0x00000ab8   Section        0  scheduler.o(i.rt_exit_critical)
    i.rt_free                                0x00000afc   Section        0  mem.o(i.rt_free)
    i.rt_heap_begin_get                      0x00000bdc   Section        0  board.o(i.rt_heap_begin_get)
    i.rt_heap_end_get                        0x00000be4   Section        0  board.o(i.rt_heap_end_get)
    i.rt_hw_board_init                       0x00000bec   Section        0  board.o(i.rt_hw_board_init)
    i.rt_hw_console_output                   0x00000c20   Section        0  kservice.o(i.rt_hw_console_output)
    i.rt_hw_hard_fault_exception             0x00000c24   Section        0  cpuport.o(i.rt_hw_hard_fault_exception)
    i.rt_hw_stack_init                       0x00000e48   Section        0  cpuport.o(i.rt_hw_stack_init)
    i.rt_interrupt_enter                     0x00000e98   Section        0  irq.o(i.rt_interrupt_enter)
    i.rt_interrupt_leave                     0x00000eb8   Section        0  irq.o(i.rt_interrupt_leave)
    i.rt_ipc_list_resume                     0x00000ed8   Section        0  ipc.o(i.rt_ipc_list_resume)
    rt_ipc_list_resume                       0x00000ed9   Thumb Code    20  ipc.o(i.rt_ipc_list_resume)
    i.rt_ipc_list_suspend                    0x00000eec   Section        0  ipc.o(i.rt_ipc_list_suspend)
    rt_ipc_list_suspend                      0x00000eed   Thumb Code   110  ipc.o(i.rt_ipc_list_suspend)
    i.rt_ipc_object_init                     0x00000f5a   Section        0  ipc.o(i.rt_ipc_object_init)
    rt_ipc_object_init                       0x00000f5b   Thumb Code    16  ipc.o(i.rt_ipc_object_init)
    i.rt_kprintf                             0x00000f6c   Section        0  kservice.o(i.rt_kprintf)
    i.rt_list_init                           0x00000f9c   Section        0  ipc.o(i.rt_list_init)
    rt_list_init                             0x00000f9d   Thumb Code     6  ipc.o(i.rt_list_init)
    i.rt_list_init                           0x00000fa2   Section        0  scheduler.o(i.rt_list_init)
    rt_list_init                             0x00000fa3   Thumb Code     6  scheduler.o(i.rt_list_init)
    i.rt_list_init                           0x00000fa8   Section        0  timer.o(i.rt_list_init)
    rt_list_init                             0x00000fa9   Thumb Code     6  timer.o(i.rt_list_init)
    i.rt_list_insert_after                   0x00000fae   Section        0  object.o(i.rt_list_insert_after)
    rt_list_insert_after                     0x00000faf   Thumb Code    14  object.o(i.rt_list_insert_after)
    i.rt_list_insert_after                   0x00000fbc   Section        0  thread.o(i.rt_list_insert_after)
    rt_list_insert_after                     0x00000fbd   Thumb Code    14  thread.o(i.rt_list_insert_after)
    i.rt_list_insert_after                   0x00000fca   Section        0  timer.o(i.rt_list_insert_after)
    rt_list_insert_after                     0x00000fcb   Thumb Code    14  timer.o(i.rt_list_insert_after)
    i.rt_list_insert_before                  0x00000fd8   Section        0  ipc.o(i.rt_list_insert_before)
    rt_list_insert_before                    0x00000fd9   Thumb Code    14  ipc.o(i.rt_list_insert_before)
    i.rt_list_isempty                        0x00000fe6   Section        0  ipc.o(i.rt_list_isempty)
    rt_list_isempty                          0x00000fe7   Thumb Code    16  ipc.o(i.rt_list_isempty)
    i.rt_list_isempty                        0x00000ff6   Section        0  timer.o(i.rt_list_isempty)
    rt_list_isempty                          0x00000ff7   Thumb Code    16  timer.o(i.rt_list_isempty)
    i.rt_list_remove                         0x00001006   Section        0  object.o(i.rt_list_remove)
    rt_list_remove                           0x00001007   Thumb Code    18  object.o(i.rt_list_remove)
    i.rt_list_remove                         0x00001018   Section        0  thread.o(i.rt_list_remove)
    rt_list_remove                           0x00001019   Thumb Code    18  thread.o(i.rt_list_remove)
    i.rt_list_remove                         0x0000102a   Section        0  timer.o(i.rt_list_remove)
    rt_list_remove                           0x0000102b   Thumb Code    18  timer.o(i.rt_list_remove)
    i.rt_malloc                              0x0000103c   Section        0  mem.o(i.rt_malloc)
    i.rt_memset                              0x000011a8   Section        0  kservice.o(i.rt_memset)
    i.rt_object_allocate                     0x000011f0   Section        0  object.o(i.rt_object_allocate)
    i.rt_object_delete                       0x00001244   Section        0  object.o(i.rt_object_delete)
    i.rt_object_detach                       0x00001268   Section        0  object.o(i.rt_object_detach)
    i.rt_object_get_information              0x00001288   Section        0  object.o(i.rt_object_get_information)
    i.rt_object_init                         0x000012b0   Section        0  object.o(i.rt_object_init)
    i.rt_object_is_systemobject              0x00001306   Section        0  object.o(i.rt_object_is_systemobject)
    i.rt_schedule                            0x00001318   Section        0  scheduler.o(i.rt_schedule)
    i.rt_schedule_insert_thread              0x0000139c   Section        0  scheduler.o(i.rt_schedule_insert_thread)
    i.rt_schedule_remove_thread              0x000013ec   Section        0  scheduler.o(i.rt_schedule_remove_thread)
    i.rt_sem_init                            0x00001440   Section        0  ipc.o(i.rt_sem_init)
    i.rt_sem_release                         0x00001466   Section        0  ipc.o(i.rt_sem_release)
    i.rt_sem_take                            0x000014b8   Section        0  ipc.o(i.rt_sem_take)
    i.rt_show_version                        0x0000152c   Section        0  kservice.o(i.rt_show_version)
    i.rt_strncpy                             0x000015dc   Section        0  kservice.o(i.rt_strncpy)
    i.rt_system_heap_init                    0x00001610   Section        0  mem.o(i.rt_system_heap_init)
    i.rt_system_scheduler_init               0x00001708   Section        0  scheduler.o(i.rt_system_scheduler_init)
    i.rt_system_scheduler_start              0x00001754   Section        0  scheduler.o(i.rt_system_scheduler_start)
    i.rt_system_timer_init                   0x00001784   Section        0  timer.o(i.rt_system_timer_init)
    i.rt_system_timer_thread_init            0x000017a0   Section        0  timer.o(i.rt_system_timer_thread_init)
    i.rt_thread_create                       0x000017a2   Section        0  thread.o(i.rt_thread_create)
    i.rt_thread_exit                         0x000017f4   Section        0  thread.o(i.rt_thread_exit)
    i.rt_thread_idle_entry                   0x0000184c   Section        0  idle.o(i.rt_thread_idle_entry)
    rt_thread_idle_entry                     0x0000184d   Thumb Code     8  idle.o(i.rt_thread_idle_entry)
    i.rt_thread_idle_excute                  0x00001854   Section        0  idle.o(i.rt_thread_idle_excute)
    i.rt_thread_idle_init                    0x000018b4   Section        0  idle.o(i.rt_thread_idle_init)
    i.rt_thread_init                         0x000018f0   Section        0  thread.o(i.rt_thread_init)
    i.rt_thread_mdelay                       0x00001924   Section        0  thread.o(i.rt_thread_mdelay)
    i.rt_thread_resume                       0x00001938   Section        0  thread.o(i.rt_thread_resume)
    i.rt_thread_self                         0x00001974   Section        0  thread.o(i.rt_thread_self)
    i.rt_thread_sleep                        0x00001980   Section        0  thread.o(i.rt_thread_sleep)
    i.rt_thread_startup                      0x000019c4   Section        0  thread.o(i.rt_thread_startup)
    i.rt_thread_suspend                      0x000019f0   Section        0  thread.o(i.rt_thread_suspend)
    i.rt_thread_timeout                      0x00001a34   Section        0  thread.o(i.rt_thread_timeout)
    i.rt_thread_yield                        0x00001a54   Section        0  thread.o(i.rt_thread_yield)
    i.rt_tick_from_millisecond               0x00001ab8   Section        0  clock.o(i.rt_tick_from_millisecond)
    i.rt_tick_get                            0x00001af0   Section        0  clock.o(i.rt_tick_get)
    i.rt_tick_increase                       0x00001afc   Section        0  clock.o(i.rt_tick_increase)
    i.rt_timer_check                         0x00001b2c   Section        0  timer.o(i.rt_timer_check)
    i.rt_timer_control                       0x00001bd0   Section        0  timer.o(i.rt_timer_control)
    i.rt_timer_detach                        0x00001c32   Section        0  timer.o(i.rt_timer_detach)
    i.rt_timer_init                          0x00001c5a   Section        0  timer.o(i.rt_timer_init)
    i.rt_timer_start                         0x00001c88   Section        0  timer.o(i.rt_timer_start)
    i.rt_timer_stop                          0x00001d74   Section        0  timer.o(i.rt_timer_stop)
    i.rt_vsnprintf                           0x00001da4   Section        0  kservice.o(i.rt_vsnprintf)
    i.rti_board_end                          0x000020e4   Section        0  components.o(i.rti_board_end)
    rti_board_end                            0x000020e5   Thumb Code     4  components.o(i.rti_board_end)
    i.rti_board_start                        0x000020e8   Section        0  components.o(i.rti_board_start)
    rti_board_start                          0x000020e9   Thumb Code     4  components.o(i.rti_board_start)
    i.rti_end                                0x000020ec   Section        0  components.o(i.rti_end)
    rti_end                                  0x000020ed   Thumb Code     4  components.o(i.rti_end)
    i.rti_start                              0x000020f0   Section        0  components.o(i.rti_start)
    rti_start                                0x000020f1   Thumb Code     4  components.o(i.rti_start)
    i.rtthread_startup                       0x000020f4   Section        0  components.o(i.rtthread_startup)
    i.skip_atoi                              0x0000211e   Section        0  kservice.o(i.skip_atoi)
    skip_atoi                                0x0000211f   Thumb Code    38  kservice.o(i.skip_atoi)
    .constdata                               0x00002144   Section       76  gpio.o(.constdata)
    GPIO_PORT_TO_INT                         0x00002144   Data          28  gpio.o(.constdata)
    GPIO_PORT_TO_BASE                        0x00002160   Data          48  gpio.o(.constdata)
    .constdata                               0x00002190   Section      290  kservice.o(.constdata)
    small_digits                             0x00002290   Data          17  kservice.o(.constdata)
    large_digits                             0x000022a1   Data          17  kservice.o(.constdata)
    .rti_fn.0                                0x000022b4   Section        4  components.o(.rti_fn.0)
    __tagsym$$used                           0x000022b4   Number         0  components.o(.rti_fn.0)
    .rti_fn.0.end                            0x000022b8   Section        4  components.o(.rti_fn.0.end)
    __tagsym$$used                           0x000022b8   Number         0  components.o(.rti_fn.0.end)
    .rti_fn.1.end                            0x000022bc   Section        4  components.o(.rti_fn.1.end)
    __tagsym$$used                           0x000022bc   Number         0  components.o(.rti_fn.1.end)
    .rti_fn.6.end                            0x000022c0   Section        4  components.o(.rti_fn.6.end)
    __tagsym$$used                           0x000022c0   Number         0  components.o(.rti_fn.6.end)
    .data                                    0x20000000   Section        4  main.o(.data)
    .data                                    0x20000004   Section        4  system_msp432p401r.o(.data)
    .data                                    0x20000008   Section       16  cpuport.o(.data)
    rt_exception_hook                        0x20000014   Data           4  cpuport.o(.data)
    .data                                    0x20000018   Section        4  clock.o(.data)
    rt_tick                                  0x20000018   Data           4  clock.o(.data)
    .data                                    0x2000001c   Section        1  irq.o(.data)
    .data                                    0x20000020   Section       24  mem.o(.data)
    heap_ptr                                 0x20000020   Data           4  mem.o(.data)
    heap_end                                 0x20000024   Data           4  mem.o(.data)
    lfree                                    0x20000028   Data           4  mem.o(.data)
    mem_size_aligned                         0x2000002c   Data           4  mem.o(.data)
    used_mem                                 0x20000030   Data           4  mem.o(.data)
    max_mem                                  0x20000034   Data           4  mem.o(.data)
    .data                                    0x20000038   Section       64  object.o(.data)
    rt_object_container                      0x20000038   Data          64  object.o(.data)
    .data                                    0x20000078   Section       24  scheduler.o(.data)
    rt_scheduler_lock_nest                   0x2000007c   Data           2  scheduler.o(.data)
    .data                                    0x20000090   Section       12  timer.o(.data)
    rt_timer_list                            0x20000090   Data           8  timer.o(.data)
    random_nr                                0x20000098   Data           4  timer.o(.data)
    .bss                                     0x2000009c   Section     4096  board.o(.bss)
    rt_heap                                  0x2000009c   Data        4096  board.o(.bss)
    .bss                                     0x2000109c   Section      376  idle.o(.bss)
    idle                                     0x2000109c   Data         120  idle.o(.bss)
    rt_thread_stack                          0x20001114   Data         256  idle.o(.bss)
    .bss                                     0x20001214   Section      128  kservice.o(.bss)
    rt_log_buf                               0x20001214   Data         128  kservice.o(.bss)
    .bss                                     0x20001294   Section       32  mem.o(.bss)
    heap_sem                                 0x20001294   Data          32  mem.o(.bss)
    .bss                                     0x200012b4   Section       64  scheduler.o(.bss)
    STACK                                    0x200012f8   Section      512  startup_msp432p401r_uvision.o(STACK)

    Global Symbols

    Symbol Name                              Value     Ov Type        Size  Object(Section)

    BuildAttributes$$THM_ISAv4$E$P$D$K$B$S$7EM$VFPi3$EXTD16$VFPS$VFMA$PE$A:L22UL41UL21$X:L11$S22US41US21$IEEE1$IW$USESV6$~STKCKD$USESV7$~SHL$OSPACE$EBA8$MICROLIB$REQ8$PRES8$EABIv2 0x00000000   Number         0  anon$$obj.o ABSOLUTE
    __ARM_use_no_argv                        0x00000000   Number         0  main.o ABSOLUTE
    __Vectors                                0x00000000   Data           4  startup_msp432p401r_uvision.o(RESET)
    __cpp_initialize__aeabi_                  - Undefined Weak Reference
    __cxa_finalize                            - Undefined Weak Reference
    __decompress                              - Undefined Weak Reference
    _clock_init                               - Undefined Weak Reference
    _microlib_exit                            - Undefined Weak Reference
    __Vectors_End                            0x00000144   Data           0  startup_msp432p401r_uvision.o(RESET)
    __Vectors_Size                           0x00000144   Number         0  startup_msp432p401r_uvision.o ABSOLUTE
    __main                                   0x00000145   Thumb Code     0  entry.o(.ARM.Collect$$$$00000000)
    _main_stk                                0x00000145   Thumb Code     0  entry2.o(.ARM.Collect$$$$00000001)
    _main_scatterload                        0x00000149   Thumb Code     0  entry5.o(.ARM.Collect$$$$00000004)
    __main_after_scatterload                 0x0000014d   Thumb Code     0  entry5.o(.ARM.Collect$$$$00000004)
    _main_clock                              0x0000014d   Thumb Code     0  entry7b.o(.ARM.Collect$$$$00000008)
    _main_cpp_init                           0x0000014d   Thumb Code     0  entry8b.o(.ARM.Collect$$$$0000000A)
    _main_init                               0x0000014d   Thumb Code     0  entry9a.o(.ARM.Collect$$$$0000000B)
    __rt_final_cpp                           0x00000155   Thumb Code     0  entry10a.o(.ARM.Collect$$$$0000000D)
    __rt_final_exit                          0x00000155   Thumb Code     0  entry11a.o(.ARM.Collect$$$$0000000F)
    Reset_Handler                            0x00000159   Thumb Code     8  startup_msp432p401r_uvision.o(.text)
    NMI_Handler                              0x00000161   Thumb Code     2  startup_msp432p401r_uvision.o(.text)
    MemManage_Handler                        0x00000165   Thumb Code     2  startup_msp432p401r_uvision.o(.text)
    BusFault_Handler                         0x00000167   Thumb Code     2  startup_msp432p401r_uvision.o(.text)
    UsageFault_Handler                       0x00000169   Thumb Code     2  startup_msp432p401r_uvision.o(.text)
    SVC_Handler                              0x0000016b   Thumb Code     2  startup_msp432p401r_uvision.o(.text)
    DebugMon_Handler                         0x0000016d   Thumb Code     2  startup_msp432p401r_uvision.o(.text)
    ADC14_IRQHandler                         0x00000173   Thumb Code     0  startup_msp432p401r_uvision.o(.text)
    AES256_IRQHandler                        0x00000173   Thumb Code     0  startup_msp432p401r_uvision.o(.text)
    COMP_E0_IRQHandler                       0x00000173   Thumb Code     0  startup_msp432p401r_uvision.o(.text)
    COMP_E1_IRQHandler                       0x00000173   Thumb Code     0  startup_msp432p401r_uvision.o(.text)
    CS_IRQHandler                            0x00000173   Thumb Code     0  startup_msp432p401r_uvision.o(.text)
    DMA_ERR_IRQHandler                       0x00000173   Thumb Code     0  startup_msp432p401r_uvision.o(.text)
    DMA_INT0_IRQHandler                      0x00000173   Thumb Code     0  startup_msp432p401r_uvision.o(.text)
    DMA_INT1_IRQHandler                      0x00000173   Thumb Code     0  startup_msp432p401r_uvision.o(.text)
    DMA_INT2_IRQHandler                      0x00000173   Thumb Code     0  startup_msp432p401r_uvision.o(.text)
    DMA_INT3_IRQHandler                      0x00000173   Thumb Code     0  startup_msp432p401r_uvision.o(.text)
    EUSCIA0_IRQHandler                       0x00000173   Thumb Code     0  startup_msp432p401r_uvision.o(.text)
    EUSCIA1_IRQHandler                       0x00000173   Thumb Code     0  startup_msp432p401r_uvision.o(.text)
    EUSCIA2_IRQHandler                       0x00000173   Thumb Code     0  startup_msp432p401r_uvision.o(.text)
    EUSCIA3_IRQHandler                       0x00000173   Thumb Code     0  startup_msp432p401r_uvision.o(.text)
    EUSCIB0_IRQHandler                       0x00000173   Thumb Code     0  startup_msp432p401r_uvision.o(.text)
    EUSCIB1_IRQHandler                       0x00000173   Thumb Code     0  startup_msp432p401r_uvision.o(.text)
    EUSCIB2_IRQHandler                       0x00000173   Thumb Code     0  startup_msp432p401r_uvision.o(.text)
    EUSCIB3_IRQHandler                       0x00000173   Thumb Code     0  startup_msp432p401r_uvision.o(.text)
    FLCTL_IRQHandler                         0x00000173   Thumb Code     0  startup_msp432p401r_uvision.o(.text)
    FPU_IRQHandler                           0x00000173   Thumb Code     0  startup_msp432p401r_uvision.o(.text)
    PCM_IRQHandler                           0x00000173   Thumb Code     0  startup_msp432p401r_uvision.o(.text)
    PORT1_IRQHandler                         0x00000173   Thumb Code     0  startup_msp432p401r_uvision.o(.text)
    PORT2_IRQHandler                         0x00000173   Thumb Code     0  startup_msp432p401r_uvision.o(.text)
    PORT3_IRQHandler                         0x00000173   Thumb Code     0  startup_msp432p401r_uvision.o(.text)
    PORT4_IRQHandler                         0x00000173   Thumb Code     0  startup_msp432p401r_uvision.o(.text)
    PORT5_IRQHandler                         0x00000173   Thumb Code     0  startup_msp432p401r_uvision.o(.text)
    PORT6_IRQHandler                         0x00000173   Thumb Code     0  startup_msp432p401r_uvision.o(.text)
    PSS_IRQHandler                           0x00000173   Thumb Code     0  startup_msp432p401r_uvision.o(.text)
    RTC_C_IRQHandler                         0x00000173   Thumb Code     0  startup_msp432p401r_uvision.o(.text)
    T32_INT1_IRQHandler                      0x00000173   Thumb Code     0  startup_msp432p401r_uvision.o(.text)
    T32_INT2_IRQHandler                      0x00000173   Thumb Code     0  startup_msp432p401r_uvision.o(.text)
    T32_INTC_IRQHandler                      0x00000173   Thumb Code     0  startup_msp432p401r_uvision.o(.text)
    TA0_0_IRQHandler                         0x00000173   Thumb Code     0  startup_msp432p401r_uvision.o(.text)
    TA0_N_IRQHandler                         0x00000173   Thumb Code     0  startup_msp432p401r_uvision.o(.text)
    TA1_0_IRQHandler                         0x00000173   Thumb Code     0  startup_msp432p401r_uvision.o(.text)
    TA1_N_IRQHandler                         0x00000173   Thumb Code     0  startup_msp432p401r_uvision.o(.text)
    TA2_0_IRQHandler                         0x00000173   Thumb Code     0  startup_msp432p401r_uvision.o(.text)
    TA2_N_IRQHandler                         0x00000173   Thumb Code     0  startup_msp432p401r_uvision.o(.text)
    TA3_0_IRQHandler                         0x00000173   Thumb Code     0  startup_msp432p401r_uvision.o(.text)
    TA3_N_IRQHandler                         0x00000173   Thumb Code     0  startup_msp432p401r_uvision.o(.text)
    WDT_A_IRQHandler                         0x00000173   Thumb Code     0  startup_msp432p401r_uvision.o(.text)
    rt_hw_interrupt_disable                  0x0000017d   Thumb Code     8  context_rvds.o(.text)
    rt_hw_interrupt_enable                   0x00000185   Thumb Code     6  context_rvds.o(.text)
    rt_hw_context_switch                     0x0000018b   Thumb Code    32  context_rvds.o(.text)
    rt_hw_context_switch_interrupt           0x0000018b   Thumb Code     0  context_rvds.o(.text)
    PendSV_Handler                           0x000001ab   Thumb Code   108  context_rvds.o(.text)
    rt_hw_context_switch_to                  0x00000217   Thumb Code    68  context_rvds.o(.text)
    rt_hw_interrupt_thread_switch            0x0000025b   Thumb Code     2  context_rvds.o(.text)
    HardFault_Handler                        0x0000025d   Thumb Code    56  context_rvds.o(.text)
    __scatterload                            0x000002b1   Thumb Code    28  init.o(.text)
    __scatterload_rt2                        0x000002b1   Thumb Code     0  init.o(.text)
    main                                     0x000002d5   Thumb Code    10  components.o(i.$Sub$$main)
    GPIO_setAsOutputPin                      0x000002e1   Thumb Code    28  gpio.o(i.GPIO_setAsOutputPin)
    GPIO_toggleOutputOnPin                   0x00000301   Thumb Code    14  gpio.o(i.GPIO_toggleOutputOnPin)
    SysTick_Handler                          0x00000315   Thumb Code    16  board.o(i.SysTick_Handler)
    SystemCoreClockUpdate                    0x00000325   Thumb Code   576  system_msp432p401r.o(i.SystemCoreClockUpdate)
    SystemInit                               0x00000599   Thumb Code    86  system_msp432p401r.o(i.SystemInit)
    WDT_A_holdTimer                          0x00000605   Thumb Code    20  wdt_a.o(i.WDT_A_holdTimer)
    __rt_ffs                                 0x0000064d   Thumb Code    70  kservice.o(i.__rt_ffs)
    __scatterload_copy                       0x00000699   Thumb Code    14  handlers.o(i.__scatterload_copy)
    __scatterload_null                       0x000006a7   Thumb Code     2  handlers.o(i.__scatterload_null)
    __scatterload_zeroinit                   0x000006a9   Thumb Code    14  handlers.o(i.__scatterload_zeroinit)
    $Super$$main                             0x000007d9   Thumb Code    44  main.o(i.main)
    main_thread_entry                        0x00000815   Thumb Code    14  components.o(i.main_thread_entry)
    rt_application_init                      0x00000a35   Thumb Code    32  components.o(i.rt_application_init)
    rt_components_board_init                 0x00000a61   Thumb Code    20  components.o(i.rt_components_board_init)
    rt_components_init                       0x00000a7d   Thumb Code    20  components.o(i.rt_components_init)
    rt_enter_critical                        0x00000a99   Thumb Code    28  scheduler.o(i.rt_enter_critical)
    rt_exit_critical                         0x00000ab9   Thumb Code    60  scheduler.o(i.rt_exit_critical)
    rt_free                                  0x00000afd   Thumb Code   128  mem.o(i.rt_free)
    rt_heap_begin_get                        0x00000bdd   Thumb Code     4  board.o(i.rt_heap_begin_get)
    rt_heap_end_get                          0x00000be5   Thumb Code     4  board.o(i.rt_heap_end_get)
    rt_hw_board_init                         0x00000bed   Thumb Code    48  board.o(i.rt_hw_board_init)
    rt_hw_console_output                     0x00000c21   Thumb Code     2  kservice.o(i.rt_hw_console_output)
    rt_hw_hard_fault_exception               0x00000c25   Thumb Code   212  cpuport.o(i.rt_hw_hard_fault_exception)
    rt_hw_stack_init                         0x00000e49   Thumb Code    74  cpuport.o(i.rt_hw_stack_init)
    rt_interrupt_enter                       0x00000e99   Thumb Code    26  irq.o(i.rt_interrupt_enter)
    rt_interrupt_leave                       0x00000eb9   Thumb Code    26  irq.o(i.rt_interrupt_leave)
    rt_kprintf                               0x00000f6d   Thumb Code    44  kservice.o(i.rt_kprintf)
    rt_malloc                                0x0000103d   Thumb Code   336  mem.o(i.rt_malloc)
    rt_memset                                0x000011a9   Thumb Code    72  kservice.o(i.rt_memset)
    rt_object_allocate                       0x000011f1   Thumb Code    84  object.o(i.rt_object_allocate)
    rt_object_delete                         0x00001245   Thumb Code    36  object.o(i.rt_object_delete)
    rt_object_detach                         0x00001269   Thumb Code    30  object.o(i.rt_object_detach)
    rt_object_get_information                0x00001289   Thumb Code    36  object.o(i.rt_object_get_information)
    rt_object_init                           0x000012b1   Thumb Code    86  object.o(i.rt_object_init)
    rt_object_is_systemobject                0x00001307   Thumb Code    18  object.o(i.rt_object_is_systemobject)
    rt_schedule                              0x00001319   Thumb Code   106  scheduler.o(i.rt_schedule)
    rt_schedule_insert_thread                0x0000139d   Thumb Code    72  scheduler.o(i.rt_schedule_insert_thread)
    rt_schedule_remove_thread                0x000013ed   Thumb Code    76  scheduler.o(i.rt_schedule_remove_thread)
    rt_sem_init                              0x00001441   Thumb Code    38  ipc.o(i.rt_sem_init)
    rt_sem_release                           0x00001467   Thumb Code    82  ipc.o(i.rt_sem_release)
    rt_sem_take                              0x000014b9   Thumb Code   116  ipc.o(i.rt_sem_take)
    rt_show_version                          0x0000152d   Thumb Code    38  kservice.o(i.rt_show_version)
    rt_strncpy                               0x000015dd   Thumb Code    52  kservice.o(i.rt_strncpy)
    rt_system_heap_init                      0x00001611   Thumb Code   160  mem.o(i.rt_system_heap_init)
    rt_system_scheduler_init                 0x00001709   Thumb Code    52  scheduler.o(i.rt_system_scheduler_init)
    rt_system_scheduler_start                0x00001755   Thumb Code    36  scheduler.o(i.rt_system_scheduler_start)
    rt_system_timer_init                     0x00001785   Thumb Code    24  timer.o(i.rt_system_timer_init)
    rt_system_timer_thread_init              0x000017a1   Thumb Code     2  timer.o(i.rt_system_timer_thread_init)
    rt_thread_create                         0x000017a3   Thumb Code    80  thread.o(i.rt_thread_create)
    rt_thread_exit                           0x000017f5   Thumb Code    78  thread.o(i.rt_thread_exit)
    rt_thread_idle_excute                    0x00001855   Thumb Code    92  idle.o(i.rt_thread_idle_excute)
    rt_thread_idle_init                      0x000018b5   Thumb Code    38  idle.o(i.rt_thread_idle_init)
    rt_thread_init                           0x000018f1   Thumb Code    52  thread.o(i.rt_thread_init)
    rt_thread_mdelay                         0x00001925   Thumb Code    20  thread.o(i.rt_thread_mdelay)
    rt_thread_resume                         0x00001939   Thumb Code    60  thread.o(i.rt_thread_resume)
    rt_thread_self                           0x00001975   Thumb Code     6  thread.o(i.rt_thread_self)
    rt_thread_sleep                          0x00001981   Thumb Code    62  thread.o(i.rt_thread_sleep)
    rt_thread_startup                        0x000019c5   Thumb Code    44  thread.o(i.rt_thread_startup)
    rt_thread_suspend                        0x000019f1   Thumb Code    68  thread.o(i.rt_thread_suspend)
    rt_thread_timeout                        0x00001a35   Thumb Code    32  thread.o(i.rt_thread_timeout)
    rt_thread_yield                          0x00001a55   Thumb Code    92  thread.o(i.rt_thread_yield)
    rt_tick_from_millisecond                 0x00001ab9   Thumb Code    56  clock.o(i.rt_tick_from_millisecond)
    rt_tick_get                              0x00001af1   Thumb Code     6  clock.o(i.rt_tick_get)
    rt_tick_increase                         0x00001afd   Thumb Code    42  clock.o(i.rt_tick_increase)
    rt_timer_check                           0x00001b2d   Thumb Code   160  timer.o(i.rt_timer_check)
    rt_timer_control                         0x00001bd1   Thumb Code    98  timer.o(i.rt_timer_control)
    rt_timer_detach                          0x00001c33   Thumb Code    40  timer.o(i.rt_timer_detach)
    rt_timer_init                            0x00001c5b   Thumb Code    46  timer.o(i.rt_timer_init)
    rt_timer_start                           0x00001c89   Thumb Code   226  timer.o(i.rt_timer_start)
    rt_timer_stop                            0x00001d75   Thumb Code    48  timer.o(i.rt_timer_stop)
    rt_vsnprintf                             0x00001da5   Thumb Code   824  kservice.o(i.rt_vsnprintf)
    rtthread_startup                         0x000020f5   Thumb Code    42  components.o(i.rtthread_startup)
    __lowest_bit_bitmap                      0x00002190   Data         256  kservice.o(.constdata)
    __rt_init_rti_start                      0x000022b4   Data           4  components.o(.rti_fn.0)
    __rt_init_rti_board_start                0x000022b8   Data           4  components.o(.rti_fn.0.end)
    __rt_init_rti_board_end                  0x000022bc   Data           4  components.o(.rti_fn.1.end)
    __rt_init_rti_end                        0x000022c0   Data           4  components.o(.rti_fn.6.end)
    Region$$Table$$Base                      0x000022c4   Number         0  anon$$obj.o(Region$$Table)
    Region$$Table$$Limit                     0x000022e4   Number         0  anon$$obj.o(Region$$Table)
    blink_thread                             0x20000000   Data           4  main.o(.data)
    SystemCoreClock                          0x20000004   Data           4  system_msp432p401r.o(.data)
    rt_interrupt_from_thread                 0x20000008   Data           4  cpuport.o(.data)
    rt_interrupt_to_thread                   0x2000000c   Data           4  cpuport.o(.data)
    rt_thread_switch_interrupt_flag          0x20000010   Data           4  cpuport.o(.data)
    rt_interrupt_nest                        0x2000001c   Data           1  irq.o(.data)
    rt_thread_ready_priority_group           0x20000078   Data           4  scheduler.o(.data)
    rt_current_thread                        0x20000080   Data           4  scheduler.o(.data)
    rt_current_priority                      0x20000084   Data           1  scheduler.o(.data)
    rt_thread_defunct                        0x20000088   Data           8  scheduler.o(.data)
    rt_thread_priority_table                 0x200012b4   Data          64  scheduler.o(.bss)
    __initial_sp                             0x200014f8   Data           0  startup_msp432p401r_uvision.o(STACK)



==============================================================================

Memory Map of the image

  Image Entry point : 0x00000145

  Load Region LR_IROM1 (Base: 0x00000000, Size: 0x00002380, Max: 0x00040000, ABSOLUTE)

    Execution Region ER_IROM1 (Exec base: 0x00000000, Load base: 0x00000000, Size: 0x000022e4, Max: 0x00040000, ABSOLUTE)

    Exec Addr    Load Addr    Size         Type   Attr      Idx    E Section Name        Object

    0x00000000   0x00000000   0x00000144   Data   RO         3966    RESET               startup_msp432p401r_uvision.o
    0x00000144   0x00000144   0x00000000   Code   RO         5012  * .ARM.Collect$$$$00000000  mc_w.l(entry.o)
    0x00000144   0x00000144   0x00000004   Code   RO         5019    .ARM.Collect$$$$00000001  mc_w.l(entry2.o)
    0x00000148   0x00000148   0x00000004   Code   RO         5022    .ARM.Collect$$$$00000004  mc_w.l(entry5.o)
    0x0000014c   0x0000014c   0x00000000   Code   RO         5024    .ARM.Collect$$$$00000008  mc_w.l(entry7b.o)
    0x0000014c   0x0000014c   0x00000000   Code   RO         5026    .ARM.Collect$$$$0000000A  mc_w.l(entry8b.o)
    0x0000014c   0x0000014c   0x00000008   Code   RO         5027    .ARM.Collect$$$$0000000B  mc_w.l(entry9a.o)
    0x00000154   0x00000154   0x00000000   Code   RO         5029    .ARM.Collect$$$$0000000D  mc_w.l(entry10a.o)
    0x00000154   0x00000154   0x00000000   Code   RO         5031    .ARM.Collect$$$$0000000F  mc_w.l(entry11a.o)
    0x00000154   0x00000154   0x00000004   Code   RO         5020    .ARM.Collect$$$$00002712  mc_w.l(entry2.o)
    0x00000158   0x00000158   0x00000024   Code   RO         3967    .text               startup_msp432p401r_uvision.o
    0x0000017c   0x0000017c   0x00000134   Code   RO         4051    .text               context_rvds.o
    0x000002b0   0x000002b0   0x00000024   Code   RO         5033    .text               mc_w.l(init.o)
    0x000002d4   0x000002d4   0x0000000a   Code   RO         4093    i.$Sub$$main        components.o
    0x000002de   0x000002de   0x00000002   PAD
    0x000002e0   0x000002e0   0x00000020   Code   RO         1560    i.GPIO_setAsOutputPin  gpio.o
    0x00000300   0x00000300   0x00000014   Code   RO         1567    i.GPIO_toggleOutputOnPin  gpio.o
    0x00000314   0x00000314   0x00000010   Code   RO         3971    i.SysTick_Handler   board.o
    0x00000324   0x00000324   0x00000274   Code   RO         3931    i.SystemCoreClockUpdate  system_msp432p401r.o
    0x00000598   0x00000598   0x0000006c   Code   RO         3932    i.SystemInit        system_msp432p401r.o
    0x00000604   0x00000604   0x00000018   Code   RO         3860    i.WDT_A_holdTimer   wdt_a.o
    0x0000061c   0x0000061c   0x00000030   Code   RO         3972    i._SysTick_Config   board.o
    0x0000064c   0x0000064c   0x0000004c   Code   RO         4369    i.__rt_ffs          kservice.o
    0x00000698   0x00000698   0x0000000e   Code   RO         5037    i.__scatterload_copy  mc_w.l(handlers.o)
    0x000006a6   0x000006a6   0x00000002   Code   RO         5038    i.__scatterload_null  mc_w.l(handlers.o)
    0x000006a8   0x000006a8   0x0000000e   Code   RO         5039    i.__scatterload_zeroinit  mc_w.l(handlers.o)
    0x000006b6   0x000006b6   0x00000002   PAD
    0x000006b8   0x000006b8   0x00000084   Code   RO         4768    i._rt_thread_init   thread.o
    0x0000073c   0x0000073c   0x00000042   Code   RO         4900    i._rt_timer_init    timer.o
    0x0000077e   0x0000077e   0x0000001c   Code   RO         4901    i._rt_timer_remove  timer.o
    0x0000079a   0x0000079a   0x0000001c   Code   RO         4769    i._thread_cleanup_execute  thread.o
    0x000007b6   0x000007b6   0x00000020   Code   RO            4    i.blink_entry       main.o
    0x000007d6   0x000007d6   0x00000002   PAD
    0x000007d8   0x000007d8   0x0000003c   Code   RO            5    i.main              main.o
    0x00000814   0x00000814   0x0000000e   Code   RO         4094    i.main_thread_entry  components.o
    0x00000822   0x00000822   0x00000002   PAD
    0x00000824   0x00000824   0x00000078   Code   RO         4546    i.plug_holes        mem.o
    0x0000089c   0x0000089c   0x00000198   Code   RO         4371    i.print_number      kservice.o
    0x00000a34   0x00000a34   0x0000002c   Code   RO         4095    i.rt_application_init  components.o
    0x00000a60   0x00000a60   0x0000001c   Code   RO         4096    i.rt_components_board_init  components.o
    0x00000a7c   0x00000a7c   0x0000001c   Code   RO         4097    i.rt_components_init  components.o
    0x00000a98   0x00000a98   0x00000020   Code   RO         4696    i.rt_enter_critical  scheduler.o
    0x00000ab8   0x00000ab8   0x00000044   Code   RO         4697    i.rt_exit_critical  scheduler.o
    0x00000afc   0x00000afc   0x000000e0   Code   RO         4548    i.rt_free           mem.o
    0x00000bdc   0x00000bdc   0x00000008   Code   RO         3973    i.rt_heap_begin_get  board.o
    0x00000be4   0x00000be4   0x00000008   Code   RO         3974    i.rt_heap_end_get   board.o
    0x00000bec   0x00000bec   0x00000034   Code   RO         3975    i.rt_hw_board_init  board.o
    0x00000c20   0x00000c20   0x00000002   Code   RO         4374    i.rt_hw_console_output  kservice.o
    0x00000c22   0x00000c22   0x00000002   PAD
    0x00000c24   0x00000c24   0x00000224   Code   RO         4015    i.rt_hw_hard_fault_exception  cpuport.o
    0x00000e48   0x00000e48   0x00000050   Code   RO         4016    i.rt_hw_stack_init  cpuport.o
    0x00000e98   0x00000e98   0x00000020   Code   RO         4342    i.rt_interrupt_enter  irq.o
    0x00000eb8   0x00000eb8   0x00000020   Code   RO         4344    i.rt_interrupt_leave  irq.o
    0x00000ed8   0x00000ed8   0x00000014   Code   RO         4202    i.rt_ipc_list_resume  ipc.o
    0x00000eec   0x00000eec   0x0000006e   Code   RO         4204    i.rt_ipc_list_suspend  ipc.o
    0x00000f5a   0x00000f5a   0x00000010   Code   RO         4205    i.rt_ipc_object_init  ipc.o
    0x00000f6a   0x00000f6a   0x00000002   PAD
    0x00000f6c   0x00000f6c   0x00000030   Code   RO         4375    i.rt_kprintf        kservice.o
    0x00000f9c   0x00000f9c   0x00000006   Code   RO         4206    i.rt_list_init      ipc.o
    0x00000fa2   0x00000fa2   0x00000006   Code   RO         4698    i.rt_list_init      scheduler.o
    0x00000fa8   0x00000fa8   0x00000006   Code   RO         4902    i.rt_list_init      timer.o
    0x00000fae   0x00000fae   0x0000000e   Code   RO         4608    i.rt_list_insert_after  object.o
    0x00000fbc   0x00000fbc   0x0000000e   Code   RO         4770    i.rt_list_insert_after  thread.o
    0x00000fca   0x00000fca   0x0000000e   Code   RO         4903    i.rt_list_insert_after  timer.o
    0x00000fd8   0x00000fd8   0x0000000e   Code   RO         4207    i.rt_list_insert_before  ipc.o
    0x00000fe6   0x00000fe6   0x00000010   Code   RO         4208    i.rt_list_isempty   ipc.o
    0x00000ff6   0x00000ff6   0x00000010   Code   RO         4904    i.rt_list_isempty   timer.o
    0x00001006   0x00001006   0x00000012   Code   RO         4609    i.rt_list_remove    object.o
    0x00001018   0x00001018   0x00000012   Code   RO         4771    i.rt_list_remove    thread.o
    0x0000102a   0x0000102a   0x00000012   Code   RO         4905    i.rt_list_remove    timer.o
    0x0000103c   0x0000103c   0x0000016c   Code   RO         4549    i.rt_malloc         mem.o
    0x000011a8   0x000011a8   0x00000048   Code   RO         4381    i.rt_memset         kservice.o
    0x000011f0   0x000011f0   0x00000054   Code   RO         4610    i.rt_object_allocate  object.o
    0x00001244   0x00001244   0x00000024   Code   RO         4611    i.rt_object_delete  object.o
    0x00001268   0x00001268   0x0000001e   Code   RO         4612    i.rt_object_detach  object.o
    0x00001286   0x00001286   0x00000002   PAD
    0x00001288   0x00001288   0x00000028   Code   RO         4614    i.rt_object_get_information  object.o
    0x000012b0   0x000012b0   0x00000056   Code   RO         4618    i.rt_object_init    object.o
    0x00001306   0x00001306   0x00000012   Code   RO         4619    i.rt_object_is_systemobject  object.o
    0x00001318   0x00001318   0x00000084   Code   RO         4699    i.rt_schedule       scheduler.o
    0x0000139c   0x0000139c   0x00000050   Code   RO         4700    i.rt_schedule_insert_thread  scheduler.o
    0x000013ec   0x000013ec   0x00000054   Code   RO         4701    i.rt_schedule_remove_thread  scheduler.o
    0x00001440   0x00001440   0x00000026   Code   RO         4221    i.rt_sem_init       ipc.o
    0x00001466   0x00001466   0x00000052   Code   RO         4222    i.rt_sem_release    ipc.o
    0x000014b8   0x000014b8   0x00000074   Code   RO         4223    i.rt_sem_take       ipc.o
    0x0000152c   0x0000152c   0x000000b0   Code   RO         4383    i.rt_show_version   kservice.o
    0x000015dc   0x000015dc   0x00000034   Code   RO         4391    i.rt_strncpy        kservice.o
    0x00001610   0x00001610   0x000000f8   Code   RO         4552    i.rt_system_heap_init  mem.o
    0x00001708   0x00001708   0x0000004c   Code   RO         4702    i.rt_system_scheduler_init  scheduler.o
    0x00001754   0x00001754   0x00000030   Code   RO         4703    i.rt_system_scheduler_start  scheduler.o
    0x00001784   0x00001784   0x0000001c   Code   RO         4906    i.rt_system_timer_init  timer.o
    0x000017a0   0x000017a0   0x00000002   Code   RO         4907    i.rt_system_timer_thread_init  timer.o
    0x000017a2   0x000017a2   0x00000050   Code   RO         4773    i.rt_thread_create  thread.o
    0x000017f2   0x000017f2   0x00000002   PAD
    0x000017f4   0x000017f4   0x00000058   Code   RO         4778    i.rt_thread_exit    thread.o
    0x0000184c   0x0000184c   0x00000008   Code   RO         4167    i.rt_thread_idle_entry  idle.o
    0x00001854   0x00001854   0x00000060   Code   RO         4168    i.rt_thread_idle_excute  idle.o
    0x000018b4   0x000018b4   0x0000003c   Code   RO         4170    i.rt_thread_idle_init  idle.o
    0x000018f0   0x000018f0   0x00000034   Code   RO         4780    i.rt_thread_init    thread.o
    0x00001924   0x00001924   0x00000014   Code   RO         4781    i.rt_thread_mdelay  thread.o
    0x00001938   0x00001938   0x0000003c   Code   RO         4782    i.rt_thread_resume  thread.o
    0x00001974   0x00001974   0x0000000c   Code   RO         4783    i.rt_thread_self    thread.o
    0x00001980   0x00001980   0x00000044   Code   RO         4784    i.rt_thread_sleep   thread.o
    0x000019c4   0x000019c4   0x0000002c   Code   RO         4785    i.rt_thread_startup  thread.o
    0x000019f0   0x000019f0   0x00000044   Code   RO         4786    i.rt_thread_suspend  thread.o
    0x00001a34   0x00001a34   0x00000020   Code   RO         4787    i.rt_thread_timeout  thread.o
    0x00001a54   0x00001a54   0x00000064   Code   RO         4788    i.rt_thread_yield   thread.o
    0x00001ab8   0x00001ab8   0x00000038   Code   RO         4056    i.rt_tick_from_millisecond  clock.o
    0x00001af0   0x00001af0   0x0000000c   Code   RO         4057    i.rt_tick_get       clock.o
    0x00001afc   0x00001afc   0x00000030   Code   RO         4058    i.rt_tick_increase  clock.o
    0x00001b2c   0x00001b2c   0x000000a4   Code   RO         4908    i.rt_timer_check    timer.o
    0x00001bd0   0x00001bd0   0x00000062   Code   RO         4909    i.rt_timer_control  timer.o
    0x00001c32   0x00001c32   0x00000028   Code   RO         4912    i.rt_timer_detach   timer.o
    0x00001c5a   0x00001c5a   0x0000002e   Code   RO         4913    i.rt_timer_init     timer.o
    0x00001c88   0x00001c88   0x000000ec   Code   RO         4916    i.rt_timer_start    timer.o
    0x00001d74   0x00001d74   0x00000030   Code   RO         4917    i.rt_timer_stop     timer.o
    0x00001da4   0x00001da4   0x00000340   Code   RO         4394    i.rt_vsnprintf      kservice.o
    0x000020e4   0x000020e4   0x00000004   Code   RO         4098    i.rti_board_end     components.o
    0x000020e8   0x000020e8   0x00000004   Code   RO         4099    i.rti_board_start   components.o
    0x000020ec   0x000020ec   0x00000004   Code   RO         4100    i.rti_end           components.o
    0x000020f0   0x000020f0   0x00000004   Code   RO         4101    i.rti_start         components.o
    0x000020f4   0x000020f4   0x0000002a   Code   RO         4102    i.rtthread_startup  components.o
    0x0000211e   0x0000211e   0x00000026   Code   RO         4396    i.skip_atoi         kservice.o
    0x00002144   0x00002144   0x0000004c   Data   RO         1569    .constdata          gpio.o
    0x00002190   0x00002190   0x00000122   Data   RO         4398    .constdata          kservice.o
    0x000022b2   0x000022b2   0x00000002   PAD
    0x000022b4   0x000022b4   0x00000004   Data   RO         4103    .rti_fn.0           components.o
    0x000022b8   0x000022b8   0x00000004   Data   RO         4104    .rti_fn.0.end       components.o
    0x000022bc   0x000022bc   0x00000004   Data   RO         4105    .rti_fn.1.end       components.o
    0x000022c0   0x000022c0   0x00000004   Data   RO         4106    .rti_fn.6.end       components.o
    0x000022c4   0x000022c4   0x00000020   Data   RO         5035    Region$$Table       anon$$obj.o


    Execution Region RW_IRAM1 (Exec base: 0x20000000, Load base: 0x000022e4, Size: 0x000014f8, Max: 0x00010000, ABSOLUTE)

    Exec Addr    Load Addr    Size         Type   Attr      Idx    E Section Name        Object

    0x20000000   0x000022e4   0x00000004   Data   RW            6    .data               main.o
    0x20000004   0x000022e8   0x00000004   Data   RW         3933    .data               system_msp432p401r.o
    0x20000008   0x000022ec   0x00000010   Data   RW         4017    .data               cpuport.o
    0x20000018   0x000022fc   0x00000004   Data   RW         4060    .data               clock.o
    0x2000001c   0x00002300   0x00000001   Data   RW         4345    .data               irq.o
    0x2000001d   0x00002301   0x00000003   PAD
    0x20000020   0x00002304   0x00000018   Data   RW         4554    .data               mem.o
    0x20000038   0x0000231c   0x00000040   Data   RW         4621    .data               object.o
    0x20000078   0x0000235c   0x00000018   Data   RW         4705    .data               scheduler.o
    0x20000090   0x00002374   0x0000000c   Data   RW         4918    .data               timer.o
    0x2000009c        -       0x00001000   Zero   RW         3976    .bss                board.o
    0x2000109c        -       0x00000178   Zero   RW         4171    .bss                idle.o
    0x20001214        -       0x00000080   Zero   RW         4397    .bss                kservice.o
    0x20001294        -       0x00000020   Zero   RW         4553    .bss                mem.o
    0x200012b4        -       0x00000040   Zero   RW         4704    .bss                scheduler.o
    0x200012f4   0x00002380   0x00000004   PAD
    0x200012f8        -       0x00000200   Zero   RW         3964    STACK               startup_msp432p401r_uvision.o



  Load Region LR_IROM2 (Base: 0x00200000, Size: 0x00000000, Max: 0x00004000, ABSOLUTE)

    Execution Region ER_IROM2 (Exec base: 0x00200000, Load base: 0x00200000, Size: 0x00000000, Max: 0x00004000, ABSOLUTE)

    **** No section assigned to this execution region ****


==============================================================================

Image component sizes


      Code (inc. data)   RO Data    RW Data    ZI Data      Debug   Object Name

       132         16          0          0       4096       3413   board.o
       116         12          0          4          0       1744   clock.o
       182         28         16          0          0       5812   components.o
       308         28          0          0          0        824   context_rvds.o
       628        342          0         16          0       4094   cpuport.o
        52         10         76          0          0       2031   gpio.o
       164         26          0          0        376       4986   idle.o
       418          0          0          0          0       8277   ipc.o
        64         12          0          1          0       1518   irq.o
      1704        164        290          0        128       8755   kservice.o
        92         16          0          4          0      11230   main.o
       956        224          0         24         32       3848   mem.o
       326          4          0         64          0       8176   object.o
       526         90          0         24         64       8362   scheduler.o
        36          8        324          0        512        928   startup_msp432p401r_uvision.o
       736         80          0          4          0       1859   system_msp432p401r.o
       816         38          0          0          0      12388   thread.o
       810         24          0         12          0      11556   timer.o
        24          4          0          0          0        534   wdt_a.o

    ----------------------------------------------------------------------
      8104       1126        740        156       5212     100335   Object Totals
         0          0         32          0          0          0   (incl. Generated)
        14          0          2          3          4          0   (incl. Padding)

    ----------------------------------------------------------------------

      Code (inc. data)   RO Data    RW Data    ZI Data      Debug   Library Member Name

         0          0          0          0          0          0   entry.o
         0          0          0          0          0          0   entry10a.o
         0          0          0          0          0          0   entry11a.o
         8          4          0          0          0          0   entry2.o
         4          0          0          0          0          0   entry5.o
         0          0          0          0          0          0   entry7b.o
         0          0          0          0          0          0   entry8b.o
         8          4          0          0          0          0   entry9a.o
        30          0          0          0          0          0   handlers.o
        36          8          0          0          0         68   init.o

    ----------------------------------------------------------------------
        88         16          0          0          0         68   Library Totals
         2          0          0          0          0          0   (incl. Padding)

    ----------------------------------------------------------------------

      Code (inc. data)   RO Data    RW Data    ZI Data      Debug   Library Name

        86         16          0          0          0         68   mc_w.l

    ----------------------------------------------------------------------
        88         16          0          0          0         68   Library Totals

    ----------------------------------------------------------------------

==============================================================================


      Code (inc. data)   RO Data    RW Data    ZI Data      Debug   

      8192       1142        740        156       5212      91307   Grand Totals
      8192       1142        740        156       5212      91307   ELF Image Totals
      8192       1142        740        156          0          0   ROM Totals

==============================================================================

    Total RO  Size (Code + RO Data)                 8932 (   8.72kB)
    Total RW  Size (RW Data + ZI Data)              5368 (   5.24kB)
    Total ROM Size (Code + RO Data + RW Data)       9088 (   8.88kB)

==============================================================================

