Component: ARM Compiler 5.06 update 6 (build 750) Tool: armlink [4d35ed]

==============================================================================

Section Cross References

    main.o(i.blink_entry) refers to gpio.o(i.GPIO_setAsOutputPin) for GPIO_setAsOutputPin
    main.o(i.blink_entry) refers to gpio.o(i.GPIO_toggleOutputOnPin) for GPIO_toggleOutputOnPin
    main.o(i.blink_entry) refers to thread.o(i.rt_thread_mdelay) for rt_thread_mdelay
    main.o(i.encoder_entry) refers to encoder.o(i.init_encoder_left) for init_encoder_left
    main.o(i.encoder_entry) refers to encoder.o(i.init_encoder_right) for init_encoder_right
    main.o(i.encoder_entry) refers to timer.o(i.rt_timer_create) for rt_timer_create
    main.o(i.encoder_entry) refers to timer.o(i.rt_timer_start) for rt_timer_start
    main.o(i.encoder_entry) refers to main.o(i.sendEncoderBack) for sendEncoderBack
    main.o(i.hc05_entry) refers to hc-05.o(i.init_hc05) for init_hc05
    main.o(i.hc05_entry) refers to ipc.o(i.rt_sem_create) for rt_sem_create
    main.o(i.hc05_entry) refers to ipc.o(i.rt_sem_take) for rt_sem_take
    main.o(i.hc05_entry) refers to strcmp.o(.text) for strcmp
    main.o(i.hc05_entry) refers to hc-05.o(i.sendMsgByBlueTooth) for sendMsgByBlueTooth
    main.o(i.hc05_entry) refers to serial.o(i.sendText) for sendText
    main.o(i.hc05_entry) refers to hc-05.o(.data) for ProcessBtData
    main.o(i.hc05_entry) refers to hc-05.o(.bss) for btdata
    main.o(i.hcsr_entry) refers to hc-sr04.o(i.init_hc_sr04) for init_hc_sr04
    main.o(i.hcsr_entry) refers to ipc.o(i.rt_sem_create) for rt_sem_create
    main.o(i.hcsr_entry) refers to interrupt.o(i.Interrupt_enableInterrupt) for Interrupt_enableInterrupt
    main.o(i.hcsr_entry) refers to hc-sr04.o(i.trigger_measure) for trigger_measure
    main.o(i.hcsr_entry) refers to ipc.o(i.rt_sem_take) for rt_sem_take
    main.o(i.hcsr_entry) refers to hc-sr04.o(i.read_hc_sr04) for read_hc_sr04
    main.o(i.hcsr_entry) refers to f2d.o(.text) for __aeabi_f2d
    main.o(i.hcsr_entry) refers to printfa.o(i.__0sprintf) for __2sprintf
    main.o(i.hcsr_entry) refers to serial.o(i.sendText) for sendText
    main.o(i.hcsr_entry) refers to hc-sr04.o(.data) for AbleToConvert
    main.o(i.main) refers to wdt_a.o(i.WDT_A_holdTimer) for WDT_A_holdTimer
    main.o(i.main) refers to interrupt.o(i.Interrupt_enableMaster) for Interrupt_enableMaster
    main.o(i.main) refers to delay.o(i.Delay_Init) for Delay_Init
    main.o(i.main) refers to serial.o(i.initSerial) for initSerial
    main.o(i.main) refers to thread.o(i.rt_thread_create) for rt_thread_create
    main.o(i.main) refers to thread.o(i.rt_thread_startup) for rt_thread_startup
    main.o(i.main) refers to main.o(i.encoder_entry) for encoder_entry
    main.o(i.sendEncoderBack) refers to encoder.o(i.read_encoder) for read_encoder
    main.o(i.sendEncoderBack) refers to printfa.o(i.__0sprintf) for __2sprintf
    main.o(i.sendEncoderBack) refers to serial.o(i.sendText) for sendText
    adc14.o(i.ADC14_configureConversionMemory) refers to adc14.o(i.ADCIsConversionRunning) for ADCIsConversionRunning
    adc14.o(i.ADC14_configureConversionMemory) refers to adc14.o(i._getIndexForMemRegister) for _getIndexForMemRegister
    adc14.o(i.ADC14_configureConversionMemory) refers to adc14.o(.constdata) for _ctlRegs
    adc14.o(i.ADC14_configureMultiSequenceMode) refers to adc14.o(i.ADCIsConversionRunning) for ADCIsConversionRunning
    adc14.o(i.ADC14_configureMultiSequenceMode) refers to adc14.o(i._getIndexForMemRegister) for _getIndexForMemRegister
    adc14.o(i.ADC14_configureMultiSequenceMode) refers to adc14.o(.constdata) for _ctlRegs
    adc14.o(i.ADC14_configureSingleSampleMode) refers to adc14.o(i.ADCIsConversionRunning) for ADCIsConversionRunning
    adc14.o(i.ADC14_configureSingleSampleMode) refers to adc14.o(i._getIndexForMemRegister) for _getIndexForMemRegister
    adc14.o(i.ADC14_disableComparatorWindow) refers to adc14.o(i.ADCIsConversionRunning) for ADCIsConversionRunning
    adc14.o(i.ADC14_disableComparatorWindow) refers to adc14.o(i._getIndexForMemRegister) for _getIndexForMemRegister
    adc14.o(i.ADC14_disableComparatorWindow) refers to adc14.o(.constdata) for _ctlRegs
    adc14.o(i.ADC14_disableModule) refers to adc14.o(i.ADCIsConversionRunning) for ADCIsConversionRunning
    adc14.o(i.ADC14_disableReferenceBurst) refers to adc14.o(i.ADCIsConversionRunning) for ADCIsConversionRunning
    adc14.o(i.ADC14_disableSampleTimer) refers to adc14.o(i.ADCIsConversionRunning) for ADCIsConversionRunning
    adc14.o(i.ADC14_enableComparatorWindow) refers to adc14.o(i.ADCIsConversionRunning) for ADCIsConversionRunning
    adc14.o(i.ADC14_enableComparatorWindow) refers to adc14.o(i._getIndexForMemRegister) for _getIndexForMemRegister
    adc14.o(i.ADC14_enableComparatorWindow) refers to adc14.o(.constdata) for _ctlRegs
    adc14.o(i.ADC14_enableConversion) refers to adc14.o(i.ADCIsConversionRunning) for ADCIsConversionRunning
[...]
    ../fplib/microlib/fpadd.c                0x00000000   Number         0  dadd.o ABSOLUTE
    ../fplib/microlib/fpdiv.c                0x00000000   Number         0  ddiv.o ABSOLUTE
    ../fplib/microlib/fpepilogue.c           0x00000000   Number         0  fepilogue.o ABSOLUTE
    ../fplib/microlib/fpepilogue.c           0x00000000   Number         0  depilogue.o ABSOLUTE
    ../fplib/microlib/fpfix.c                0x00000000   Number         0  dfixul.o ABSOLUTE
    ../fplib/microlib/fpflt.c                0x00000000   Number         0  dfltui.o ABSOLUTE
    ../fplib/microlib/fpmul.c                0x00000000   Number         0  dmul.o ABSOLUTE
    ..\Lib\ti\devices\msp432p4xx\driverlib\adc14.c 0x00000000   Number         0  adc14.o ABSOLUTE
    ..\Lib\ti\devices\msp432p4xx\driverlib\aes256.c 0x00000000   Number         0  aes256.o ABSOLUTE
    ..\Lib\ti\devices\msp432p4xx\driverlib\comp_e.c 0x00000000   Number         0  comp_e.o ABSOLUTE
    ..\Lib\ti\devices\msp432p4xx\driverlib\cpu.c 0x00000000   Number         0  cpu.o ABSOLUTE
    ..\Lib\ti\devices\msp432p4xx\driverlib\crc32.c 0x00000000   Number         0  crc32.o ABSOLUTE
    ..\Lib\ti\devices\msp432p4xx\driverlib\cs.c 0x00000000   Number         0  cs.o ABSOLUTE
    ..\Lib\ti\devices\msp432p4xx\driverlib\dma.c 0x00000000   Number         0  dma.o ABSOLUTE
    ..\Lib\ti\devices\msp432p4xx\driverlib\flash.c 0x00000000   Number         0  flash.o ABSOLUTE
    ..\Lib\ti\devices\msp432p4xx\driverlib\flash_a.c 0x00000000   Number         0  flash_a.o ABSOLUTE
    ..\Lib\ti\devices\msp432p4xx\driverlib\fpu.c 0x00000000   Number         0  fpu.o ABSOLUTE
    ..\Lib\ti\devices\msp432p4xx\driverlib\gpio.c 0x00000000   Number         0  gpio.o ABSOLUTE
    ..\Lib\ti\devices\msp432p4xx\driverlib\i2c.c 0x00000000   Number         0  i2c.o ABSOLUTE
    ..\Lib\ti\devices\msp432p4xx\driverlib\interrupt.c 0x00000000   Number         0  interrupt.o ABSOLUTE
    ..\Lib\ti\devices\msp432p4xx\driverlib\lcd_f.c 0x00000000   Number         0  lcd_f.o ABSOLUTE
    ..\Lib\ti\devices\msp432p4xx\driverlib\mpu.c 0x00000000   Number         0  mpu.o ABSOLUTE
    ..\Lib\ti\devices\msp432p4xx\driverlib\pcm.c 0x00000000   Number         0  pcm.o ABSOLUTE
    ..\Lib\ti\devices\msp432p4xx\driverlib\pmap.c 0x00000000   Number         0  pmap.o ABSOLUTE
    ..\Lib\ti\devices\msp432p4xx\driverlib\pss.c 0x00000000   Number         0  pss.o ABSOLUTE
    ..\Lib\ti\devices\msp432p4xx\driverlib\ref_a.c 0x00000000   Number         0  ref_a.o ABSOLUTE
    ..\Lib\ti\devices\msp432p4xx\driverlib\reset.c 0x00000000   Number         0  reset.o ABSOLUTE
    ..\Lib\ti\devices\msp432p4xx\driverlib\rtc_c.c 0x00000000   Number         0  rtc_c.o ABSOLUTE
    ..\Lib\ti\devices\msp432p4xx\driverlib\spi.c 0x00000000   Number         0  spi.o ABSOLUTE
    ..\Lib\ti\devices\msp432p4xx\driverlib\sysctl.c 0x00000000   Number         0  sysctl.o ABSOLUTE
    ..\Lib\ti\devices\msp432p4xx\driverlib\sysctl_a.c 0x00000000   Number         0  sysctl_a.o ABSOLUTE
    ..\Lib\ti\devices\msp432p4xx\driverlib\systick.c 0x00000000   Number         0  systick.o ABSOLUTE
    ..\Lib\ti\devices\msp432p4xx\driverlib\timer32.c 0x00000000   Number         0  timer32.o ABSOLUTE
    ..\Lib\ti\devices\msp432p4xx\driverlib\timer_a.c 0x00000000   Number         0  timer_a.o ABSOLUTE
    ..\Lib\ti\devices\msp432p4xx\driverlib\uart.c 0x00000000   Number         0  uart.o ABSOLUTE
    ..\Lib\ti\devices\msp432p4xx\driverlib\wdt_a.c 0x00000000   Number         0  wdt_a.o ABSOLUTE
    ..\Lib\ti\devices\msp432p4xx\startup_system_files\keil\startup_msp432p401r_uvision.s 0x00000000   Number         0  startup_msp432p401r_uvision.o ABSOLUTE
    ..\Lib\ti\devices\msp432p4xx\startup_system_files\system_msp432p401r.c 0x00000000   Number         0  system_msp432p401r.o ABSOLUTE
    ..\RTthread\bsp\board.c                  0x00000000   Number         0  board.o ABSOLUTE
    ..\RTthread\libcpu\arm\cortex-m4\context_rvds.S 0x00000000   Number         0  context_rvds.o ABSOLUTE
    ..\RTthread\libcpu\arm\cortex-m4\cpuport.c 0x00000000   Number         0  cpuport.o ABSOLUTE
    ..\RTthread\src\clock.c                  0x00000000   Number         0  clock.o ABSOLUTE
    ..\RTthread\src\components.c             0x00000000   Number         0  components.o ABSOLUTE
    ..\RTthread\src\cpu.c                    0x00000000   Number         0  cpu_1.o ABSOLUTE
    ..\RTthread\src\idle.c                   0x00000000   Number         0  idle.o ABSOLUTE
    ..\RTthread\src\ipc.c                    0x00000000   Number         0  ipc.o ABSOLUTE
    ..\RTthread\src\irq.c                    0x00000000   Number         0  irq.o ABSOLUTE
    ..\RTthread\src\kservice.c               0x00000000   Number         0  kservice.o ABSOLUTE
    ..\RTthread\src\mem.c                    0x00000000   Number         0  mem.o ABSOLUTE
    ..\RTthread\src\memheap.c                0x00000000   Number         0  memheap.o ABSOLUTE
    ..\RTthread\src\mempool.c                0x00000000   Number         0  mempool.o ABSOLUTE
    ..\RTthread\src\object.c                 0x00000000   Number         0  object.o ABSOLUTE
    ..\RTthread\src\scheduler.c              0x00000000   Number         0  scheduler.o ABSOLUTE
    ..\RTthread\src\slab.c                   0x00000000   Number         0  slab.o ABSOLUTE
    ..\RTthread\src\thread.c                 0x00000000   Number         0  thread.o ABSOLUTE
    ..\RTthread\src\timer.c                  0x00000000   Number         0  timer.o ABSOLUTE
    ..\User\Driver\Delay.c                   0x00000000   Number         0  delay.o ABSOLUTE
    ..\User\Driver\Encoder.c                 0x00000000   Number         0  encoder.o ABSOLUTE
    ..\User\Driver\HC-05.c                   0x00000000   Number         0  hc-05.o ABSOLUTE
    ..\User\Driver\HC-SR04.c                 0x00000000   Number         0  hc-sr04.o ABSOLUTE
    ..\User\Driver\Interrupt.c               0x00000000   Number         0  interrupt_1.o ABSOLUTE
    ..\User\Driver\Serial.c                  0x00000000   Number         0  serial.o ABSOLUTE
    ..\User\main.c                           0x00000000   Number         0  main.o ABSOLUTE
    ..\\Lib\\ti\\devices\\msp432p4xx\\driverlib\\adc14.c 0x00000000   Number         0  adc14.o ABSOLUTE
    ..\\Lib\\ti\\devices\\msp432p4xx\\driverlib\\aes256.c 0x00000000   Number         0  aes256.o ABSOLUTE
    ..\\Lib\\ti\\devices\\msp432p4xx\\driverlib\\comp_e.c 0x00000000   Number         0  comp_e.o ABSOLUTE
    ..\\Lib\\ti\\devices\\msp432p4xx\\driverlib\\cpu.c 0x00000000   Number         0  cpu.o ABSOLUTE
    ..\\Lib\\ti\\devices\\msp432p4xx\\driverlib\\crc32.c 0x00000000   Number         0  crc32.o ABSOLUTE
    ..\\Lib\\ti\\devices\\msp432p4xx\\driverlib\\cs.c 0x00000000   Number         0  cs.o ABSOLUTE
    ..\\Lib\\ti\\devices\\msp432p4xx\\driverlib\\dma.c 0x00000000   Number         0  dma.o ABSOLUTE
    ..\\Lib\\ti\\devices\\msp432p4xx\\driverlib\\flash.c 0x00000000   Number         0  flash.o ABSOLUTE
    ..\\Lib\\ti\\devices\\msp432p4xx\\driverlib\\flash_a.c 0x00000000   Number         0  flash_a.o ABSOLUTE
    ..\\Lib\\ti\\devices\\msp432p4xx\\driverlib\\fpu.c 0x00000000   Number         0  fpu.o ABSOLUTE
    ..\\Lib\\ti\\devices\\msp432p4xx\\driverlib\\gpio.c 0x00000000   Number         0  gpio.o ABSOLUTE
    ..\\Lib\\ti\\devices\\msp432p4xx\\driverlib\\i2c.c 0x00000000   Number         0  i2c.o ABSOLUTE
    ..\\Lib\\ti\\devices\\msp432p4xx\\driverlib\\interrupt.c 0x00000000   Number         0  interrupt.o ABSOLUTE
    ..\\Lib\\ti\\devices\\msp432p4xx\\driverlib\\lcd_f.c 0x00000000   Number         0  lcd_f.o ABSOLUTE
    ..\\Lib\\ti\\devices\\msp432p4xx\\driverlib\\mpu.c 0x00000000   Number         0  mpu.o ABSOLUTE
    ..\\Lib\\ti\\devices\\msp432p4xx\\driverlib\\pcm.c 0x00000000   Number         0  pcm.o ABSOLUTE
    ..\\Lib\\ti\\devices\\msp432p4xx\\driverlib\\pmap.c 0x00000000   Number         0  pmap.o ABSOLUTE
    ..\\Lib\\ti\\devices\\msp432p4xx\\driverlib\\pss.c 0x00000000   Number         0  pss.o ABSOLUTE
    ..\\Lib\\ti\\devices\\msp432p4xx\\driverlib\\ref_a.c 0x00000000   Number         0  ref_a.o ABSOLUTE
    ..\\Lib\\ti\\devices\\msp432p4xx\\driverlib\\reset.c 0x00000000   Number         0  reset.o ABSOLUTE
    ..\\Lib\\ti\\devices\\msp432p4xx\\driverlib\\rtc_c.c 0x00000000   Number         0  rtc_c.o ABSOLUTE
    ..\\Lib\\ti\\devices\\msp432p4xx\\driverlib\\spi.c 0x00000000   Number         0  spi.o ABSOLUTE
    ..\\Lib\\ti\\devices\\msp432p4xx\\driverlib\\sysctl.c 0x00000000   Number         0  sysctl.o ABSOLUTE
    ..\\Lib\\ti\\devices\\msp432p4xx\\driverlib\\sysctl_a.c 0x00000000   Number         0  sysctl_a.o ABSOLUTE
    ..\\Lib\\ti\\devices\\msp432p4xx\\driverlib\\systick.c 0x00000000   Number         0  systick.o ABSOLUTE
    ..\\Lib\\ti\\devices\\msp432p4xx\\driverlib\\timer32.c 0x00000000   Number         0  timer32.o ABSOLUTE
    ..\\Lib\\ti\\devices\\msp432p4xx\\driverlib\\timer_a.c 0x00000000   Number         0  timer_a.o ABSOLUTE
    ..\\Lib\\ti\\devices\\msp432p4xx\\driverlib\\uart.c 0x00000000   Number         0  uart.o ABSOLUTE
    ..\\Lib\\ti\\devices\\msp432p4xx\\driverlib\\wdt_a.c 0x00000000   Number         0  wdt_a.o ABSOLUTE
    ..\\Lib\\ti\\devices\\msp432p4xx\\startup_system_files\\system_msp432p401r.c 0x00000000   Number         0  system_msp432p401r.o ABSOLUTE
    ..\\User\\Driver\\Delay.c                0x00000000   Number         0  delay.o ABSOLUTE
    ..\\User\\Driver\\Encoder.c              0x00000000   Number         0  encoder.o ABSOLUTE
    ..\\User\\Driver\\HC-05.c                0x00000000   Number         0  hc-05.o ABSOLUTE
    ..\\User\\Driver\\HC-SR04.c              0x00000000   Number         0  hc-sr04.o ABSOLUTE
    ..\\User\\Driver\\Interrupt.c            0x00000000   Number         0  interrupt_1.o ABSOLUTE
    ..\\User\\Driver\\Serial.c               0x00000000   Number         0  serial.o ABSOLUTE
    ..\\User\\main.c                         0x00000000   Number         0  main.o ABSOLUTE
    cdrcmple.s                               0x00000000   Number         0  cdrcmple.o ABSOLUTE
    dc.s                                     0x00000000   Number         0  dc.o ABSOLUTE
    handlers.s                               0x00000000   Number         0  handlers.o ABSOLUTE
    init.s                                   0x00000000   Number         0  init.o ABSOLUTE
    .ARM.Collect$$$$00000000                 0x00000144   Section        0  entry.o(.ARM.Collect$$$$00000000)
    .ARM.Collect$$$$00000001                 0x00000144   Section        4  entry2.o(.ARM.Collect$$$$00000001)
    .ARM.Collect$$$$00000004                 0x00000148   Section        4  entry5.o(.ARM.Collect$$$$00000004)
    .ARM.Collect$$$$00000008                 0x0000014c   Section        0  entry7b.o(.ARM.Collect$$$$00000008)
    .ARM.Collect$$$$0000000A                 0x0000014c   Section        0  entry8b.o(.ARM.Collect$$$$0000000A)
    .ARM.Collect$$$$0000000B                 0x0000014c   Section        8  entry9a.o(.ARM.Collect$$$$0000000B)
    .ARM.Collect$$$$0000000D                 0x00000154   Section        0  entry10a.o(.ARM.Collect$$$$0000000D)
    .ARM.Collect$$$$0000000F                 0x00000154   Section        0  entry11a.o(.ARM.Collect$$$$0000000F)
    .ARM.Collect$$$$00002712                 0x00000154   Section        4  entry2.o(.ARM.Collect$$$$00002712)
    __lit__00000000                          0x00000154   Data           4  entry2.o(.ARM.Collect$$$$00002712)
    .emb_text                                0x00000158   Section       38  cpu.o(.emb_text)
    $v0                                      0x00000158   Number         0  cpu.o(.emb_text)
    .text                                    0x00000180   Section       36  startup_msp432p401r_uvision.o(.text)
    $v0                                      0x00000180   Number         0  startup_msp432p401r_uvision.o(.text)
    .text                                    0x000001a4   Section      308  context_rvds.o(.text)
    $v0                                      0x000001a4   Number         0  context_rvds.o(.text)
    .text                                    0x000002d8   Section        0  dmul.o(.text)
    .text                                    0x000003bc   Section        0  uidiv.o(.text)
    .text                                    0x000003e8   Section        0  uldiv.o(.text)
    .text                                    0x0000044a   Section        0  iusefp.o(.text)
    .text                                    0x0000044a   Section        0  depilogue.o(.text)
    .text                                    0x00000504   Section        0  dadd.o(.text)
    .text                                    0x00000652   Section        0  ddiv.o(.text)
    .text                                    0x00000730   Section        0  dfixul.o(.text)
    .text                                    0x00000760   Section       48  cdrcmple.o(.text)
    .text                                    0x00000790   Section       36  init.o(.text)
    .text                                    0x000007b4   Section        0  llshl.o(.text)
    .text                                    0x000007d2   Section        0  llushr.o(.text)
    .text                                    0x000007f2   Section        0  llsshr.o(.text)
    i.$Sub$$main                             0x00000816   Section        0  components.o(i.$Sub$$main)
    i.CS_setDCOCenteredFrequency             0x00000820   Section        0  cs.o(i.CS_setDCOCenteredFrequency)
    i.CS_setDCOFrequency                     0x00000848   Section        0  cs.o(i.CS_setDCOFrequency)
    i.CS_tuneDCOFrequency                    0x000009b4   Section        0  cs.o(i.CS_tuneDCOFrequency)
    i.Delay_Init                             0x00000a08   Section        0  delay.o(i.Delay_Init)
    i.EUSCIA2_IRQHandler                     0x00000a24   Section        0  hc-05.o(i.EUSCIA2_IRQHandler)
    i.GPIO_clearInterruptFlag                0x00000aa8   Section        0  gpio.o(i.GPIO_clearInterruptFlag)
    i.GPIO_enableInterrupt                   0x00000abc   Section        0  gpio.o(i.GPIO_enableInterrupt)
    i.GPIO_getEnabledInterruptStatus         0x00000ad0   Section        0  gpio.o(i.GPIO_getEnabledInterruptStatus)
    i.GPIO_getInputPinValue                  0x00000b24   Section        0  gpio.o(i.GPIO_getInputPinValue)
    i.GPIO_getInterruptStatus                0x00000b44   Section        0  gpio.o(i.GPIO_getInterruptStatus)
    i.GPIO_setAsInputPinWithPullDownResistor 0x00000b58   Section        0  gpio.o(i.GPIO_setAsInputPinWithPullDownResistor)
    i.GPIO_setAsInputPinWithPullUpResistor   0x00000b84   Section        0  gpio.o(i.GPIO_setAsInputPinWithPullUpResistor)
    i.GPIO_setAsPeripheralModuleFunctionInputPin 0x00000bb0   Section        0  gpio.o(i.GPIO_setAsPeripheralModuleFunctionInputPin)
    i.Interrupt_disableInterrupt             0x00000c00   Section        0  interrupt.o(i.Interrupt_disableInterrupt)
    i.Interrupt_enableInterrupt              0x00000c74   Section        0  interrupt.o(i.Interrupt_enableInterrupt)
    i.Interrupt_enableMaster                 0x00000ce8   Section        0  interrupt.o(i.Interrupt_enableMaster)
    i.PORT2_IRQHandler                       0x00000cf8   Section        0  interrupt_1.o(i.PORT2_IRQHandler)
    i.PORT3_IRQHandler                       0x00000de0   Section        0  interrupt_1.o(i.PORT3_IRQHandler)
    i.SysCtl_getTLVInfo                      0x00000ea4   Section        0  sysctl.o(i.SysCtl_getTLVInfo)
    i.SysTick_Handler                        0x00000ef4   Section        0  board.o(i.SysTick_Handler)
    i.SystemCoreClockUpdate                  0x00000f04   Section        0  system_msp432p401r.o(i.SystemCoreClockUpdate)
    i.SystemInit                             0x00001178   Section        0  system_msp432p401r.o(i.SystemInit)
    i.TA0_N_IRQHandler                       0x000011e4   Section        0  interrupt_1.o(i.TA0_N_IRQHandler)
    i.Timer_A_clearCaptureCompareInterrupt   0x00001238   Section        0  timer_a.o(i.Timer_A_clearCaptureCompareInterrupt)
    i.Timer_A_clearTimer                     0x00001256   Section        0  timer_a.o(i.Timer_A_clearTimer)
    i.Timer_A_getCaptureCompareCount         0x00001264   Section        0  timer_a.o(i.Timer_A_getCaptureCompareCount)
    i.Timer_A_startCounter                   0x00001278   Section        0  timer_a.o(i.Timer_A_startCounter)
    i.Timer_A_stopTimer                      0x00001280   Section        0  timer_a.o(i.Timer_A_stopTimer)
    i.UART_clearInterruptFlag                0x0000128a   Section        0  uart.o(i.UART_clearInterruptFlag)
    i.UART_disableInterrupt                  0x00001292   Section        0  uart.o(i.UART_disableInterrupt)
    i.UART_enableModule                      0x000012a8   Section        0  uart.o(i.UART_enableModule)
    i.UART_getEnabledInterruptStatus         0x000012b6   Section        0  uart.o(i.UART_getEnabledInterruptStatus)
    i.UART_getInterruptStatus                0x000012fe   Section        0  uart.o(i.UART_getInterruptStatus)
    i.UART_initModule                        0x00001306   Section        0  uart.o(i.UART_initModule)
    i.UART_receiveData                       0x000013fc   Section        0  uart.o(i.UART_receiveData)
    i.UART_transmitData                      0x00001428   Section        0  uart.o(i.UART_transmitData)
    i.WDT_A_holdTimer                        0x00001450   Section        0  wdt_a.o(i.WDT_A_holdTimer)
    i._SysTick_Config                        0x00001468   Section        0  board.o(i._SysTick_Config)
    _SysTick_Config                          0x00001469   Thumb Code    44  board.o(i._SysTick_Config)
    i.__0sprintf                             0x00001498   Section        0  printfa.o(i.__0sprintf)
    i.__rt_ffs                               0x000014c0   Section        0  kservice.o(i.__rt_ffs)
    i.__scatterload_copy                     0x0000150c   Section       14  handlers.o(i.__scatterload_copy)
    i.__scatterload_null                     0x0000151a   Section        2  handlers.o(i.__scatterload_null)
    i.__scatterload_zeroinit                 0x0000151c   Section       14  handlers.o(i.__scatterload_zeroinit)
    i._fp_digits                             0x0000152c   Section        0  printfa.o(i._fp_digits)
    _fp_digits                               0x0000152d   Thumb Code   366  printfa.o(i._fp_digits)
    i._printf_core                           0x000016b0   Section        0  printfa.o(i._printf_core)
    _printf_core                             0x000016b1   Thumb Code  1744  printfa.o(i._printf_core)
    i._printf_post_padding                   0x00001d8c   Section        0  printfa.o(i._printf_post_padding)
    _printf_post_padding                     0x00001d8d   Thumb Code    36  printfa.o(i._printf_post_padding)
    i._printf_pre_padding                    0x00001db0   Section        0  printfa.o(i._printf_pre_padding)
    _printf_pre_padding                      0x00001db1   Thumb Code    46  printfa.o(i._printf_pre_padding)
    i._rt_thread_init                        0x00001de0   Section        0  thread.o(i._rt_thread_init)
    _rt_thread_init                          0x00001de1   Thumb Code   128  thread.o(i._rt_thread_init)
    i._rt_timer_init                         0x00001e68   Section        0  timer.o(i._rt_timer_init)
    _rt_timer_init                           0x00001e69   Thumb Code    66  timer.o(i._rt_timer_init)
    i._rt_timer_remove                       0x00001eaa   Section        0  timer.o(i._rt_timer_remove)
    _rt_timer_remove                         0x00001eab   Thumb Code    28  timer.o(i._rt_timer_remove)
    i._sputc                                 0x00001ec6   Section        0  printfa.o(i._sputc)
    _sputc                                   0x00001ec7   Thumb Code    10  printfa.o(i._sputc)
    i._thread_cleanup_execute                0x00001ed0   Section        0  thread.o(i._thread_cleanup_execute)
    _thread_cleanup_execute                  0x00001ed1   Thumb Code    28  thread.o(i._thread_cleanup_execute)
    i.encoder_entry                          0x00001eec   Section        0  main.o(i.encoder_entry)
    encoder_entry                            0x00001eed   Thumb Code    38  main.o(i.encoder_entry)
    i.initSerial                             0x00001f28   Section        0  serial.o(i.initSerial)
    i.init_encoder_left                      0x00001f60   Section        0  encoder.o(i.init_encoder_left)
    i.init_encoder_right                     0x00001f82   Section        0  encoder.o(i.init_encoder_right)
    i.main                                   0x00001fa4   Section        0  main.o(i.main)
    i.main_thread_entry                      0x00001fe8   Section        0  components.o(i.main_thread_entry)
    i.plug_holes                             0x00001ff8   Section        0  mem.o(i.plug_holes)
    plug_holes                               0x00001ff9   Thumb Code   108  mem.o(i.plug_holes)
    i.print_number                           0x00002070   Section        0  kservice.o(i.print_number)
    print_number                             0x00002071   Thumb Code   400  kservice.o(i.print_number)
    i.read_encoder                           0x00002208   Section        0  encoder.o(i.read_encoder)
    i.rt_application_init                    0x00002230   Section        0  components.o(i.rt_application_init)
    i.rt_components_board_init               0x00002260   Section        0  components.o(i.rt_components_board_init)
    i.rt_components_init                     0x0000227c   Section        0  components.o(i.rt_components_init)
    i.rt_enter_critical                      0x00002298   Section        0  scheduler.o(i.rt_enter_critical)
    i.rt_exit_critical                       0x000022b8   Section        0  scheduler.o(i.rt_exit_critical)
    i.rt_free                                0x000022fc   Section        0  mem.o(i.rt_free)
    i.rt_heap_begin_get                      0x000023dc   Section        0  board.o(i.rt_heap_begin_get)
    i.rt_heap_end_get                        0x000023e4   Section        0  board.o(i.rt_heap_end_get)
    i.rt_hw_board_init                       0x000023ec   Section        0  board.o(i.rt_hw_board_init)
    i.rt_hw_console_output                   0x00002420   Section        0  kservice.o(i.rt_hw_console_output)
    i.rt_hw_hard_fault_exception             0x00002424   Section        0  cpuport.o(i.rt_hw_hard_fault_exception)
    i.rt_hw_stack_init                       0x00002648   Section        0  cpuport.o(i.rt_hw_stack_init)
    i.rt_interrupt_enter                     0x00002698   Section        0  irq.o(i.rt_interrupt_enter)
    i.rt_interrupt_leave                     0x000026b8   Section        0  irq.o(i.rt_interrupt_leave)
    i.rt_ipc_list_resume                     0x000026d8   Section        0  ipc.o(i.rt_ipc_list_resume)
    rt_ipc_list_resume                       0x000026d9   Thumb Code    20  ipc.o(i.rt_ipc_list_resume)
    i.rt_ipc_list_suspend                    0x000026ec   Section        0  ipc.o(i.rt_ipc_list_suspend)
    rt_ipc_list_suspend                      0x000026ed   Thumb Code   110  ipc.o(i.rt_ipc_list_suspend)
    i.rt_ipc_object_init                     0x0000275a   Section        0  ipc.o(i.rt_ipc_object_init)
    rt_ipc_object_init                       0x0000275b   Thumb Code    16  ipc.o(i.rt_ipc_object_init)
    i.rt_kprintf                             0x0000276c   Section        0  kservice.o(i.rt_kprintf)
    i.rt_list_init                           0x0000279c   Section        0  ipc.o(i.rt_list_init)
    rt_list_init                             0x0000279d   Thumb Code     6  ipc.o(i.rt_list_init)
    i.rt_list_init                           0x000027a2   Section        0  scheduler.o(i.rt_list_init)
    rt_list_init                             0x000027a3   Thumb Code     6  scheduler.o(i.rt_list_init)
    i.rt_list_init                           0x000027a8   Section        0  timer.o(i.rt_list_init)
    rt_list_init                             0x000027a9   Thumb Code     6  timer.o(i.rt_list_init)
    i.rt_list_insert_after                   0x000027ae   Section        0  object.o(i.rt_list_insert_after)
    rt_list_insert_after                     0x000027af   Thumb Code    14  object.o(i.rt_list_insert_after)
    i.rt_list_insert_after                   0x000027bc   Section        0  thread.o(i.rt_list_insert_after)
    rt_list_insert_after                     0x000027bd   Thumb Code    14  thread.o(i.rt_list_insert_after)
    i.rt_list_insert_after                   0x000027ca   Section        0  timer.o(i.rt_list_insert_after)
    rt_list_insert_after                     0x000027cb   Thumb Code    14  timer.o(i.rt_list_insert_after)
    i.rt_list_insert_before                  0x000027d8   Section        0  ipc.o(i.rt_list_insert_before)
    rt_list_insert_before                    0x000027d9   Thumb Code    14  ipc.o(i.rt_list_insert_before)
    i.rt_list_isempty                        0x000027e6   Section        0  ipc.o(i.rt_list_isempty)
    rt_list_isempty                          0x000027e7   Thumb Code    16  ipc.o(i.rt_list_isempty)
    i.rt_list_isempty                        0x000027f6   Section        0  timer.o(i.rt_list_isempty)
    rt_list_isempty                          0x000027f7   Thumb Code    16  timer.o(i.rt_list_isempty)
    i.rt_list_remove                         0x00002806   Section        0  object.o(i.rt_list_remove)
    rt_list_remove                           0x00002807   Thumb Code    18  object.o(i.rt_list_remove)
    i.rt_list_remove                         0x00002818   Section        0  thread.o(i.rt_list_remove)
    rt_list_remove                           0x00002819   Thumb Code    18  thread.o(i.rt_list_remove)
    i.rt_list_remove                         0x0000282a   Section        0  timer.o(i.rt_list_remove)
    rt_list_remove                           0x0000282b   Thumb Code    18  timer.o(i.rt_list_remove)
    i.rt_malloc                              0x0000283c   Section        0  mem.o(i.rt_malloc)
    i.rt_memset                              0x000029a8   Section        0  kservice.o(i.rt_memset)
    i.rt_object_allocate                     0x000029f0   Section        0  object.o(i.rt_object_allocate)
    i.rt_object_delete                       0x00002a44   Section        0  object.o(i.rt_object_delete)
    i.rt_object_detach                       0x00002a68   Section        0  object.o(i.rt_object_detach)
    i.rt_object_get_information              0x00002a88   Section        0  object.o(i.rt_object_get_information)
    i.rt_object_init                         0x00002ab0   Section        0  object.o(i.rt_object_init)
    i.rt_object_is_systemobject              0x00002b06   Section        0  object.o(i.rt_object_is_systemobject)
    i.rt_schedule                            0x00002b18   Section        0  scheduler.o(i.rt_schedule)
    i.rt_schedule_insert_thread              0x00002bac   Section        0  scheduler.o(i.rt_schedule_insert_thread)
    i.rt_schedule_remove_thread              0x00002c18   Section        0  scheduler.o(i.rt_schedule_remove_thread)
    i.rt_sem_init                            0x00002c8c   Section        0  ipc.o(i.rt_sem_init)
    i.rt_sem_release                         0x00002cb2   Section        0  ipc.o(i.rt_sem_release)
    i.rt_sem_take                            0x00002d04   Section        0  ipc.o(i.rt_sem_take)
    i.rt_show_version                        0x00002d78   Section        0  kservice.o(i.rt_show_version)
    i.rt_strncpy                             0x00002e28   Section        0  kservice.o(i.rt_strncpy)
    i.rt_system_heap_init                    0x00002e5c   Section        0  mem.o(i.rt_system_heap_init)
    i.rt_system_scheduler_init               0x00002f54   Section        0  scheduler.o(i.rt_system_scheduler_init)
    i.rt_system_scheduler_start              0x00002fb0   Section        0  scheduler.o(i.rt_system_scheduler_start)
    i.rt_system_timer_init                   0x00002ff4   Section        0  timer.o(i.rt_system_timer_init)
    i.rt_system_timer_thread_init            0x00003010   Section        0  timer.o(i.rt_system_timer_thread_init)
    i.rt_thread_create                       0x00003012   Section        0  thread.o(i.rt_thread_create)
    i.rt_thread_exit                         0x00003064   Section        0  thread.o(i.rt_thread_exit)
    i.rt_thread_idle_entry                   0x000030bc   Section        0  idle.o(i.rt_thread_idle_entry)
    rt_thread_idle_entry                     0x000030bd   Thumb Code     8  idle.o(i.rt_thread_idle_entry)
    i.rt_thread_idle_excute                  0x000030c4   Section        0  idle.o(i.rt_thread_idle_excute)
    i.rt_thread_idle_init                    0x00003124   Section        0  idle.o(i.rt_thread_idle_init)
    i.rt_thread_init                         0x00003160   Section        0  thread.o(i.rt_thread_init)
    i.rt_thread_resume                       0x00003194   Section        0  thread.o(i.rt_thread_resume)
    i.rt_thread_self                         0x000031d0   Section        0  thread.o(i.rt_thread_self)
    i.rt_thread_startup                      0x000031dc   Section        0  thread.o(i.rt_thread_startup)
    i.rt_thread_suspend                      0x0000321a   Section        0  thread.o(i.rt_thread_suspend)
    i.rt_thread_timeout                      0x0000325e   Section        0  thread.o(i.rt_thread_timeout)
    i.rt_thread_yield                        0x00003280   Section        0  thread.o(i.rt_thread_yield)
    i.rt_tick_get                            0x000032e4   Section        0  clock.o(i.rt_tick_get)
    i.rt_tick_increase                       0x000032f0   Section        0  clock.o(i.rt_tick_increase)
    i.rt_timer_check                         0x00003320   Section        0  timer.o(i.rt_timer_check)
    i.rt_timer_control                       0x000033c4   Section        0  timer.o(i.rt_timer_control)
    i.rt_timer_create                        0x00003426   Section        0  timer.o(i.rt_timer_create)
    i.rt_timer_detach                        0x0000345c   Section        0  timer.o(i.rt_timer_detach)
    i.rt_timer_init                          0x00003484   Section        0  timer.o(i.rt_timer_init)
    i.rt_timer_start                         0x000034b4   Section        0  timer.o(i.rt_timer_start)
    i.rt_timer_stop                          0x000035a0   Section        0  timer.o(i.rt_timer_stop)
    i.rt_vsnprintf                           0x000035d0   Section        0  kservice.o(i.rt_vsnprintf)
    i.rti_board_end                          0x00003910   Section        0  components.o(i.rti_board_end)
    rti_board_end                            0x00003911   Thumb Code     4  components.o(i.rti_board_end)
    i.rti_board_start                        0x00003914   Section        0  components.o(i.rti_board_start)
    rti_board_start                          0x00003915   Thumb Code     4  components.o(i.rti_board_start)
    i.rti_end                                0x00003918   Section        0  components.o(i.rti_end)
    rti_end                                  0x00003919   Thumb Code     4  components.o(i.rti_end)
    i.rti_start                              0x0000391c   Section        0  components.o(i.rti_start)
    rti_start                                0x0000391d   Thumb Code     4  components.o(i.rti_start)
    i.rtthread_startup                       0x00003920   Section        0  components.o(i.rtthread_startup)
    i.sendEncoderBack                        0x0000394c   Section        0  main.o(i.sendEncoderBack)
    i.sendText                               0x0000398c   Section        0  serial.o(i.sendText)
    i.skip_atoi                              0x000039a8   Section        0  kservice.o(i.skip_atoi)
    skip_atoi                                0x000039a9   Thumb Code    38  kservice.o(i.skip_atoi)
    .constdata                               0x000039d0   Section       76  gpio.o(.constdata)
    GPIO_PORT_TO_INT                         0x000039d0   Data          28  gpio.o(.constdata)
    GPIO_PORT_TO_BASE                        0x000039ec   Data          48  gpio.o(.constdata)
    .constdata                               0x00003a1c   Section      144  interrupt.o(.constdata)
    g_pulPriority                            0x00003a1c   Data          32  interrupt.o(.constdata)
    g_pulRegs                                0x00003a3c   Data          80  interrupt.o(.constdata)
    g_pulEnRegs                              0x00003a8c   Data           8  interrupt.o(.constdata)
    g_pulDisRegs                             0x00003a94   Data           8  interrupt.o(.constdata)
    g_pulPendRegs                            0x00003a9c   Data           8  interrupt.o(.constdata)
    g_pulUnpendRegs                          0x00003aa4   Data           8  interrupt.o(.constdata)
    .constdata                               0x00003aac   Section      290  kservice.o(.constdata)
    small_digits                             0x00003bac   Data          17  kservice.o(.constdata)
    large_digits                             0x00003bbd   Data          17  kservice.o(.constdata)
    .constdata                               0x00003bd0   Section       40  serial.o(.constdata)
    .rti_fn.0                                0x00003bf8   Section        4  components.o(.rti_fn.0)
    __tagsym$$used                           0x00003bf8   Number         0  components.o(.rti_fn.0)
    .rti_fn.0.end                            0x00003bfc   Section        4  components.o(.rti_fn.0.end)
    __tagsym$$used                           0x00003bfc   Number         0  components.o(.rti_fn.0.end)
    .rti_fn.1.end                            0x00003c00   Section        4  components.o(.rti_fn.1.end)
    __tagsym$$used                           0x00003c00   Number         0  components.o(.rti_fn.1.end)
    .rti_fn.6.end                            0x00003c04   Section        4  components.o(.rti_fn.6.end)
    __tagsym$$used                           0x00003c04   Number         0  components.o(.rti_fn.6.end)
    .data                                    0x20000000   Section        4  system_msp432p401r.o(.data)
    .data                                    0x20000004   Section       16  cpuport.o(.data)
    rt_exception_hook                        0x20000010   Data           4  cpuport.o(.data)
    .data                                    0x20000014   Section        4  clock.o(.data)
    rt_tick                                  0x20000014   Data           4  clock.o(.data)
    .data                                    0x20000018   Section        1  irq.o(.data)
    .data                                    0x2000001c   Section       24  mem.o(.data)
    heap_ptr                                 0x2000001c   Data           4  mem.o(.data)
    heap_end                                 0x20000020   Data           4  mem.o(.data)
    lfree                                    0x20000024   Data           4  mem.o(.data)
    mem_size_aligned                         0x20000028   Data           4  mem.o(.data)
    used_mem                                 0x2000002c   Data           4  mem.o(.data)
    max_mem                                  0x20000030   Data           4  mem.o(.data)
    .data                                    0x20000034   Section       64  object.o(.data)
    rt_object_container                      0x20000034   Data          64  object.o(.data)
    .data                                    0x20000074   Section       24  scheduler.o(.data)
    rt_scheduler_lock_nest                   0x20000078   Data           2  scheduler.o(.data)
    .data                                    0x2000008c   Section       12  timer.o(.data)
    rt_timer_list                            0x2000008c   Data           8  timer.o(.data)
    random_nr                                0x20000094   Data           4  timer.o(.data)
    .data                                    0x20000098   Section        8  hc-sr04.o(.data)
    .data                                    0x200000a0   Section        1  delay.o(.data)
    fac_us                                   0x200000a0   Data           1  delay.o(.data)
    .data                                    0x200000a4   Section        6  hc-05.o(.data)
    .data                                    0x200000ac   Section        8  encoder.o(.data)
    .bss                                     0x200000b4   Section     4096  board.o(.bss)
    rt_heap                                  0x200000b4   Data        4096  board.o(.bss)
    .bss                                     0x200010b4   Section      380  idle.o(.bss)
    idle                                     0x200010b4   Data         124  idle.o(.bss)
    rt_thread_stack                          0x20001130   Data         256  idle.o(.bss)
    .bss                                     0x20001230   Section      128  kservice.o(.bss)
    rt_log_buf                               0x20001230   Data         128  kservice.o(.bss)
    .bss                                     0x200012b0   Section       32  mem.o(.bss)
    heap_sem                                 0x200012b0   Data          32  mem.o(.bss)
    .bss                                     0x200012d0   Section     1056  scheduler.o(.bss)
    .bss                                     0x200016f0   Section       20  hc-05.o(.bss)
    STACK                                    0x20001708   Section      512  startup_msp432p401r_uvision.o(STACK)

    Global Symbols

    Symbol Name                              Value     Ov Type        Size  Object(Section)

    BuildAttributes$$THM_ISAv4$E$P$D$K$B$S$7EM$VFPi3$EXTD16$VFPS$VFMA$PE$A:L22UL41UL21$X:L11$S22US41US21$IEEE1$IW$USESV6$~STKCKD$USESV7$~SHL$OTIME$ROPI$EBA8$MICROLIB$REQ8$PRES8$EABIv2 0x00000000   Number         0  anon$$obj.o ABSOLUTE
    __ARM_use_no_argv                        0x00000000   Number         0  main.o ABSOLUTE
    __Vectors                                0x00000000   Data           4  startup_msp432p401r_uvision.o(RESET)
    _printf_a                                0x00000000   Number         0  stubs.o ABSOLUTE
    _printf_c                                0x00000000   Number         0  stubs.o ABSOLUTE
    _printf_charcount                        0x00000000   Number         0  stubs.o ABSOLUTE
    _printf_d                                0x00000000   Number         0  stubs.o ABSOLUTE
    _printf_e                                0x00000000   Number         0  stubs.o ABSOLUTE
    _printf_f                                0x00000000   Number         0  stubs.o ABSOLUTE
    _printf_flags                            0x00000000   Number         0  stubs.o ABSOLUTE
    _printf_fp_dec                           0x00000000   Number         0  stubs.o ABSOLUTE
    _printf_fp_hex                           0x00000000   Number         0  stubs.o ABSOLUTE
    _printf_g                                0x00000000   Number         0  stubs.o ABSOLUTE
    _printf_i                                0x00000000   Number         0  stubs.o ABSOLUTE
    _printf_int_dec                          0x00000000   Number         0  stubs.o ABSOLUTE
    _printf_l                                0x00000000   Number         0  stubs.o ABSOLUTE
    _printf_lc                               0x00000000   Number         0  stubs.o ABSOLUTE
    _printf_ll                               0x00000000   Number         0  stubs.o ABSOLUTE
    _printf_lld                              0x00000000   Number         0  stubs.o ABSOLUTE
    _printf_lli                              0x00000000   Number         0  stubs.o ABSOLUTE
    _printf_llo                              0x00000000   Number         0  stubs.o ABSOLUTE
    _printf_llu                              0x00000000   Number         0  stubs.o ABSOLUTE
    _printf_llx                              0x00000000   Number         0  stubs.o ABSOLUTE
    _printf_longlong_dec                     0x00000000   Number         0  stubs.o ABSOLUTE
    _printf_longlong_hex                     0x00000000   Number         0  stubs.o ABSOLUTE
    _printf_longlong_oct                     0x00000000   Number         0  stubs.o ABSOLUTE
    _printf_ls                               0x00000000   Number         0  stubs.o ABSOLUTE
    _printf_mbtowc                           0x00000000   Number         0  stubs.o ABSOLUTE
    _printf_n                                0x00000000   Number         0  stubs.o ABSOLUTE
    _printf_o                                0x00000000   Number         0  stubs.o ABSOLUTE
    _printf_p                                0x00000000   Number         0  stubs.o ABSOLUTE
    _printf_percent                          0x00000000   Number         0  stubs.o ABSOLUTE
    _printf_pre_padding                      0x00000000   Number         0  stubs.o ABSOLUTE
    _printf_return_value                     0x00000000   Number         0  stubs.o ABSOLUTE
    _printf_s                                0x00000000   Number         0  stubs.o ABSOLUTE
    _printf_sizespec                         0x00000000   Number         0  stubs.o ABSOLUTE
    _printf_str                              0x00000000   Number         0  stubs.o ABSOLUTE
    _printf_truncate_signed                  0x00000000   Number         0  stubs.o ABSOLUTE
    _printf_truncate_unsigned                0x00000000   Number         0  stubs.o ABSOLUTE
    _printf_u                                0x00000000   Number         0  stubs.o ABSOLUTE
    _printf_wc                               0x00000000   Number         0  stubs.o ABSOLUTE
    _printf_wctomb                           0x00000000   Number         0  stubs.o ABSOLUTE
    _printf_widthprec                        0x00000000   Number         0  stubs.o ABSOLUTE
    _printf_x                                0x00000000   Number         0  stubs.o ABSOLUTE
    __cpp_initialize__aeabi_                  - Undefined Weak Reference
    __cxa_finalize                            - Undefined Weak Reference
    __decompress                              - Undefined Weak Reference
    _clock_init                               - Undefined Weak Reference
    _microlib_exit                            - Undefined Weak Reference
    __Vectors_End                            0x00000144   Data           0  startup_msp432p401r_uvision.o(RESET)
    __Vectors_Size                           0x00000144   Number         0  startup_msp432p401r_uvision.o ABSOLUTE
    __main                                   0x00000145   Thumb Code     0  entry.o(.ARM.Collect$$$$00000000)
    _main_stk                                0x00000145   Thumb Code     0  entry2.o(.ARM.Collect$$$$00000001)
    _main_scatterload                        0x00000149   Thumb Code     0  entry5.o(.ARM.Collect$$$$00000004)
    __main_after_scatterload                 0x0000014d   Thumb Code     0  entry5.o(.ARM.Collect$$$$00000004)
    _main_clock                              0x0000014d   Thumb Code     0  entry7b.o(.ARM.Collect$$$$00000008)
    _main_cpp_init                           0x0000014d   Thumb Code     0  entry8b.o(.ARM.Collect$$$$0000000A)
    _main_init                               0x0000014d   Thumb Code     0  entry9a.o(.ARM.Collect$$$$0000000B)
    __rt_final_cpp                           0x00000155   Thumb Code     0  entry10a.o(.ARM.Collect$$$$0000000D)
    __rt_final_exit                          0x00000155   Thumb Code     0  entry11a.o(.ARM.Collect$$$$0000000F)
    CPU_cpsid                                0x00000159   Thumb Code     8  cpu.o(.emb_text)
    CPU_primask                              0x00000161   Thumb Code     6  cpu.o(.emb_text)
    CPU_cpsie                                0x00000167   Thumb Code     8  cpu.o(.emb_text)
    CPU_wfi                                  0x0000016f   Thumb Code     4  cpu.o(.emb_text)
    CPU_basepriSet                           0x00000173   Thumb Code     6  cpu.o(.emb_text)
    CPU_basepriGet                           0x00000179   Thumb Code     6  cpu.o(.emb_text)
    Reset_Handler                            0x00000181   Thumb Code     8  startup_msp432p401r_uvision.o(.text)
    NMI_Handler                              0x00000189   Thumb Code     2  startup_msp432p401r_uvision.o(.text)
    MemManage_Handler                        0x0000018d   Thumb Code     2  startup_msp432p401r_uvision.o(.text)
    BusFault_Handler                         0x0000018f   Thumb Code     2  startup_msp432p401r_uvision.o(.text)
    UsageFault_Handler                       0x00000191   Thumb Code     2  startup_msp432p401r_uvision.o(.text)
    SVC_Handler                              0x00000193   Thumb Code     2  startup_msp432p401r_uvision.o(.text)
    DebugMon_Handler                         0x00000195   Thumb Code     2  startup_msp432p401r_uvision.o(.text)
    ADC14_IRQHandler                         0x0000019b   Thumb Code     0  startup_msp432p401r_uvision.o(.text)
    AES256_IRQHandler                        0x0000019b   Thumb Code     0  startup_msp432p401r_uvision.o(.text)
    COMP_E0_IRQHandler                       0x0000019b   Thumb Code     0  startup_msp432p401r_uvision.o(.text)
    COMP_E1_IRQHandler                       0x0000019b   Thumb Code     0  startup_msp432p401r_uvision.o(.text)
    CS_IRQHandler                            0x0000019b   Thumb Code     0  startup_msp432p401r_uvision.o(.text)
    DMA_ERR_IRQHandler                       0x0000019b   Thumb Code     0  startup_msp432p401r_uvision.o(.text)
    DMA_INT0_IRQHandler                      0x0000019b   Thumb Code     0  startup_msp432p401r_uvision.o(.text)
    DMA_INT1_IRQHandler                      0x0000019b   Thumb Code     0  startup_msp432p401r_uvision.o(.text)
    DMA_INT2_IRQHandler                      0x0000019b   Thumb Code     0  startup_msp432p401r_uvision.o(.text)
    DMA_INT3_IRQHandler                      0x0000019b   Thumb Code     0  startup_msp432p401r_uvision.o(.text)
    EUSCIA0_IRQHandler                       0x0000019b   Thumb Code     0  startup_msp432p401r_uvision.o(.text)
    EUSCIA1_IRQHandler                       0x0000019b   Thumb Code     0  startup_msp432p401r_uvision.o(.text)
    EUSCIA3_IRQHandler                       0x0000019b   Thumb Code     0  startup_msp432p401r_uvision.o(.text)
    EUSCIB0_IRQHandler                       0x0000019b   Thumb Code     0  startup_msp432p401r_uvision.o(.text)
    EUSCIB1_IRQHandler                       0x0000019b   Thumb Code     0  startup_msp432p401r_uvision.o(.text)
    EUSCIB2_IRQHandler                       0x0000019b   Thumb Code     0  startup_msp432p401r_uvision.o(.text)
    EUSCIB3_IRQHandler                       0x0000019b   Thumb Code     0  startup_msp432p401r_uvision.o(.text)
    FLCTL_IRQHandler                         0x0000019b   Thumb Code     0  startup_msp432p401r_uvision.o(.text)
    FPU_IRQHandler                           0x0000019b   Thumb Code     0  startup_msp432p401r_uvision.o(.text)
    PCM_IRQHandler                           0x0000019b   Thumb Code     0  startup_msp432p401r_uvision.o(.text)
    PORT1_IRQHandler                         0x0000019b   Thumb Code     0  startup_msp432p401r_uvision.o(.text)
    PORT4_IRQHandler                         0x0000019b   Thumb Code     0  startup_msp432p401r_uvision.o(.text)
    PORT5_IRQHandler                         0x0000019b   Thumb Code     0  startup_msp432p401r_uvision.o(.text)
    PORT6_IRQHandler                         0x0000019b   Thumb Code     0  startup_msp432p401r_uvision.o(.text)
    PSS_IRQHandler                           0x0000019b   Thumb Code     0  startup_msp432p401r_uvision.o(.text)
    RTC_C_IRQHandler                         0x0000019b   Thumb Code     0  startup_msp432p401r_uvision.o(.text)
    T32_INT1_IRQHandler                      0x0000019b   Thumb Code     0  startup_msp432p401r_uvision.o(.text)
    T32_INT2_IRQHandler                      0x0000019b   Thumb Code     0  startup_msp432p401r_uvision.o(.text)
    T32_INTC_IRQHandler                      0x0000019b   Thumb Code     0  startup_msp432p401r_uvision.o(.text)
    TA0_0_IRQHandler                         0x0000019b   Thumb Code     0  startup_msp432p401r_uvision.o(.text)
    TA1_0_IRQHandler                         0x0000019b   Thumb Code     0  startup_msp432p401r_uvision.o(.text)
    TA1_N_IRQHandler                         0x0000019b   Thumb Code     0  startup_msp432p401r_uvision.o(.text)
    TA2_0_IRQHandler                         0x0000019b   Thumb Code     0  startup_msp432p401r_uvision.o(.text)
    TA2_N_IRQHandler                         0x0000019b   Thumb Code     0  startup_msp432p401r_uvision.o(.text)
    TA3_0_IRQHandler                         0x0000019b   Thumb Code     0  startup_msp432p401r_uvision.o(.text)
    TA3_N_IRQHandler                         0x0000019b   Thumb Code     0  startup_msp432p401r_uvision.o(.text)
    WDT_A_IRQHandler                         0x0000019b   Thumb Code     0  startup_msp432p401r_uvision.o(.text)
    rt_hw_interrupt_disable                  0x000001a5   Thumb Code     8  context_rvds.o(.text)
    rt_hw_interrupt_enable                   0x000001ad   Thumb Code     6  context_rvds.o(.text)
    rt_hw_context_switch                     0x000001b3   Thumb Code    32  context_rvds.o(.text)
    rt_hw_context_switch_interrupt           0x000001b3   Thumb Code     0  context_rvds.o(.text)
    PendSV_Handler                           0x000001d3   Thumb Code   108  context_rvds.o(.text)
    rt_hw_context_switch_to                  0x0000023f   Thumb Code    68  context_rvds.o(.text)
    rt_hw_interrupt_thread_switch            0x00000283   Thumb Code     2  context_rvds.o(.text)
    HardFault_Handler                        0x00000285   Thumb Code    56  context_rvds.o(.text)
    __aeabi_dmul                             0x000002d9   Thumb Code   228  dmul.o(.text)
    __aeabi_uidiv                            0x000003bd   Thumb Code     0  uidiv.o(.text)
    __aeabi_uidivmod                         0x000003bd   Thumb Code    44  uidiv.o(.text)
    __aeabi_uldivmod                         0x000003e9   Thumb Code    98  uldiv.o(.text)
    __I$use$fp                               0x0000044b   Thumb Code     0  iusefp.o(.text)
    _double_round                            0x0000044b   Thumb Code    30  depilogue.o(.text)
    _double_epilogue                         0x00000469   Thumb Code   156  depilogue.o(.text)
    __aeabi_dadd                             0x00000505   Thumb Code   322  dadd.o(.text)
    __aeabi_dsub                             0x00000647   Thumb Code     6  dadd.o(.text)
    __aeabi_drsub                            0x0000064d   Thumb Code     6  dadd.o(.text)
    __aeabi_ddiv                             0x00000653   Thumb Code   222  ddiv.o(.text)
    __aeabi_d2ulz                            0x00000731   Thumb Code    48  dfixul.o(.text)
    __aeabi_cdrcmple                         0x00000761   Thumb Code    48  cdrcmple.o(.text)
    __scatterload                            0x00000791   Thumb Code    28  init.o(.text)
    __scatterload_rt2                        0x00000791   Thumb Code     0  init.o(.text)
    __aeabi_llsl                             0x000007b5   Thumb Code    30  llshl.o(.text)
    _ll_shift_l                              0x000007b5   Thumb Code     0  llshl.o(.text)
    __aeabi_llsr                             0x000007d3   Thumb Code    32  llushr.o(.text)
    _ll_ushift_r                             0x000007d3   Thumb Code     0  llushr.o(.text)
    __aeabi_lasr                             0x000007f3   Thumb Code    36  llsshr.o(.text)
    _ll_sshift_r                             0x000007f3   Thumb Code     0  llsshr.o(.text)
    main                                     0x00000817   Thumb Code    10  components.o(i.$Sub$$main)
    CS_setDCOCenteredFrequency               0x00000821   Thumb Code    30  cs.o(i.CS_setDCOCenteredFrequency)
    CS_setDCOFrequency                       0x00000849   Thumb Code   308  cs.o(i.CS_setDCOFrequency)
    CS_tuneDCOFrequency                      0x000009b5   Thumb Code    74  cs.o(i.CS_tuneDCOFrequency)
    Delay_Init                               0x00000a09   Thumb Code    16  delay.o(i.Delay_Init)
    EUSCIA2_IRQHandler                       0x00000a25   Thumb Code   110  hc-05.o(i.EUSCIA2_IRQHandler)
    GPIO_clearInterruptFlag                  0x00000aa9   Thumb Code    14  gpio.o(i.GPIO_clearInterruptFlag)
    GPIO_enableInterrupt                     0x00000abd   Thumb Code    14  gpio.o(i.GPIO_enableInterrupt)
    GPIO_getEnabledInterruptStatus           0x00000ad1   Thumb Code    80  gpio.o(i.GPIO_getEnabledInterruptStatus)
    GPIO_getInputPinValue                    0x00000b25   Thumb Code    26  gpio.o(i.GPIO_getInputPinValue)
    GPIO_getInterruptStatus                  0x00000b45   Thumb Code    14  gpio.o(i.GPIO_getInterruptStatus)
    GPIO_setAsInputPinWithPullDownResistor   0x00000b59   Thumb Code    40  gpio.o(i.GPIO_setAsInputPinWithPullDownResistor)
    GPIO_setAsInputPinWithPullUpResistor     0x00000b85   Thumb Code    40  gpio.o(i.GPIO_setAsInputPinWithPullUpResistor)
    GPIO_setAsPeripheralModuleFunctionInputPin 0x00000bb1   Thumb Code    76  gpio.o(i.GPIO_setAsPeripheralModuleFunctionInputPin)
    Interrupt_disableInterrupt               0x00000c01   Thumb Code   108  interrupt.o(i.Interrupt_disableInterrupt)
    Interrupt_enableInterrupt                0x00000c75   Thumb Code   108  interrupt.o(i.Interrupt_enableInterrupt)
    Interrupt_enableMaster                   0x00000ce9   Thumb Code    16  interrupt.o(i.Interrupt_enableMaster)
    PORT2_IRQHandler                         0x00000cf9   Thumb Code   226  interrupt_1.o(i.PORT2_IRQHandler)
    PORT3_IRQHandler                         0x00000de1   Thumb Code   190  interrupt_1.o(i.PORT3_IRQHandler)
    SysCtl_getTLVInfo                        0x00000ea5   Thumb Code    72  sysctl.o(i.SysCtl_getTLVInfo)
    SysTick_Handler                          0x00000ef5   Thumb Code    16  board.o(i.SysTick_Handler)
    SystemCoreClockUpdate                    0x00000f05   Thumb Code   576  system_msp432p401r.o(i.SystemCoreClockUpdate)
    SystemInit                               0x00001179   Thumb Code    86  system_msp432p401r.o(i.SystemInit)
    TA0_N_IRQHandler                         0x000011e5   Thumb Code    74  interrupt_1.o(i.TA0_N_IRQHandler)
    Timer_A_clearCaptureCompareInterrupt     0x00001239   Thumb Code    30  timer_a.o(i.Timer_A_clearCaptureCompareInterrupt)
    Timer_A_clearTimer                       0x00001257   Thumb Code    14  timer_a.o(i.Timer_A_clearTimer)
    Timer_A_getCaptureCompareCount           0x00001265   Thumb Code    20  timer_a.o(i.Timer_A_getCaptureCompareCount)
    Timer_A_startCounter                     0x00001279   Thumb Code     8  timer_a.o(i.Timer_A_startCounter)
    Timer_A_stopTimer                        0x00001281   Thumb Code    10  timer_a.o(i.Timer_A_stopTimer)
    UART_clearInterruptFlag                  0x0000128b   Thumb Code     8  uart.o(i.UART_clearInterruptFlag)
    UART_disableInterrupt                    0x00001293   Thumb Code    22  uart.o(i.UART_disableInterrupt)
    UART_enableModule                        0x000012a9   Thumb Code    14  uart.o(i.UART_enableModule)
    UART_getEnabledInterruptStatus           0x000012b7   Thumb Code    72  uart.o(i.UART_getEnabledInterruptStatus)
    UART_getInterruptStatus                  0x000012ff   Thumb Code     8  uart.o(i.UART_getInterruptStatus)
    UART_initModule                          0x00001307   Thumb Code   246  uart.o(i.UART_initModule)
    UART_receiveData                         0x000013fd   Thumb Code    44  uart.o(i.UART_receiveData)
    UART_transmitData                        0x00001429   Thumb Code    40  uart.o(i.UART_transmitData)
    WDT_A_holdTimer                          0x00001451   Thumb Code    20  wdt_a.o(i.WDT_A_holdTimer)
    __0sprintf                               0x00001499   Thumb Code    34  printfa.o(i.__0sprintf)
    __1sprintf                               0x00001499   Thumb Code     0  printfa.o(i.__0sprintf)
    __2sprintf                               0x00001499   Thumb Code     0  printfa.o(i.__0sprintf)
    __c89sprintf                             0x00001499   Thumb Code     0  printfa.o(i.__0sprintf)
    sprintf                                  0x00001499   Thumb Code     0  printfa.o(i.__0sprintf)
    __rt_ffs                                 0x000014c1   Thumb Code    70  kservice.o(i.__rt_ffs)
    __scatterload_copy                       0x0000150d   Thumb Code    14  handlers.o(i.__scatterload_copy)
    __scatterload_null                       0x0000151b   Thumb Code     2  handlers.o(i.__scatterload_null)
    __scatterload_zeroinit                   0x0000151d   Thumb Code    14  handlers.o(i.__scatterload_zeroinit)
    initSerial                               0x00001f29   Thumb Code    38  serial.o(i.initSerial)
    init_encoder_left                        0x00001f61   Thumb Code    34  encoder.o(i.init_encoder_left)
    init_encoder_right                       0x00001f83   Thumb Code    34  encoder.o(i.init_encoder_right)
    $Super$$main                             0x00001fa5   Thumb Code    54  main.o(i.main)
    main_thread_entry                        0x00001fe9   Thumb Code    14  components.o(i.main_thread_entry)
    read_encoder                             0x00002209   Thumb Code    30  encoder.o(i.read_encoder)
    rt_application_init                      0x00002231   Thumb Code    34  components.o(i.rt_application_init)
    rt_components_board_init                 0x00002261   Thumb Code    20  components.o(i.rt_components_board_init)
    rt_components_init                       0x0000227d   Thumb Code    20  components.o(i.rt_components_init)
    rt_enter_critical                        0x00002299   Thumb Code    28  scheduler.o(i.rt_enter_critical)
    rt_exit_critical                         0x000022b9   Thumb Code    60  scheduler.o(i.rt_exit_critical)
    rt_free                                  0x000022fd   Thumb Code   128  mem.o(i.rt_free)
    rt_heap_begin_get                        0x000023dd   Thumb Code     4  board.o(i.rt_heap_begin_get)
    rt_heap_end_get                          0x000023e5   Thumb Code     4  board.o(i.rt_heap_end_get)
    rt_hw_board_init                         0x000023ed   Thumb Code    48  board.o(i.rt_hw_board_init)
    rt_hw_console_output                     0x00002421   Thumb Code     2  kservice.o(i.rt_hw_console_output)
    rt_hw_hard_fault_exception               0x00002425   Thumb Code   212  cpuport.o(i.rt_hw_hard_fault_exception)
    rt_hw_stack_init                         0x00002649   Thumb Code    74  cpuport.o(i.rt_hw_stack_init)
    rt_interrupt_enter                       0x00002699   Thumb Code    26  irq.o(i.rt_interrupt_enter)
    rt_interrupt_leave                       0x000026b9   Thumb Code    26  irq.o(i.rt_interrupt_leave)
    rt_kprintf                               0x0000276d   Thumb Code    44  kservice.o(i.rt_kprintf)
    rt_malloc                                0x0000283d   Thumb Code   336  mem.o(i.rt_malloc)
    rt_memset                                0x000029a9   Thumb Code    72  kservice.o(i.rt_memset)
    rt_object_allocate                       0x000029f1   Thumb Code    84  object.o(i.rt_object_allocate)
    rt_object_delete                         0x00002a45   Thumb Code    36  object.o(i.rt_object_delete)
    rt_object_detach                         0x00002a69   Thumb Code    30  object.o(i.rt_object_detach)
    rt_object_get_information                0x00002a89   Thumb Code    36  object.o(i.rt_object_get_information)
    rt_object_init                           0x00002ab1   Thumb Code    86  object.o(i.rt_object_init)
    rt_object_is_systemobject                0x00002b07   Thumb Code    18  object.o(i.rt_object_is_systemobject)
    rt_schedule                              0x00002b19   Thumb Code   120  scheduler.o(i.rt_schedule)
    rt_schedule_insert_thread                0x00002bad   Thumb Code    94  scheduler.o(i.rt_schedule_insert_thread)
    rt_schedule_remove_thread                0x00002c19   Thumb Code   104  scheduler.o(i.rt_schedule_remove_thread)
    rt_sem_init                              0x00002c8d   Thumb Code    38  ipc.o(i.rt_sem_init)
    rt_sem_release                           0x00002cb3   Thumb Code    82  ipc.o(i.rt_sem_release)
    rt_sem_take                              0x00002d05   Thumb Code   116  ipc.o(i.rt_sem_take)
    rt_show_version                          0x00002d79   Thumb Code    38  kservice.o(i.rt_show_version)
    rt_strncpy                               0x00002e29   Thumb Code    52  kservice.o(i.rt_strncpy)
    rt_system_heap_init                      0x00002e5d   Thumb Code   160  mem.o(i.rt_system_heap_init)
    rt_system_scheduler_init                 0x00002f55   Thumb Code    62  scheduler.o(i.rt_system_scheduler_init)
    rt_system_scheduler_start                0x00002fb1   Thumb Code    50  scheduler.o(i.rt_system_scheduler_start)
    rt_system_timer_init                     0x00002ff5   Thumb Code    24  timer.o(i.rt_system_timer_init)
    rt_system_timer_thread_init              0x00003011   Thumb Code     2  timer.o(i.rt_system_timer_thread_init)
    rt_thread_create                         0x00003013   Thumb Code    80  thread.o(i.rt_thread_create)
    rt_thread_exit                           0x00003065   Thumb Code    78  thread.o(i.rt_thread_exit)
    rt_thread_idle_excute                    0x000030c5   Thumb Code    92  idle.o(i.rt_thread_idle_excute)
    rt_thread_idle_init                      0x00003125   Thumb Code    38  idle.o(i.rt_thread_idle_init)
    rt_thread_init                           0x00003161   Thumb Code    52  thread.o(i.rt_thread_init)
    rt_thread_resume                         0x00003195   Thumb Code    60  thread.o(i.rt_thread_resume)
    rt_thread_self                           0x000031d1   Thumb Code     6  thread.o(i.rt_thread_self)
    rt_thread_startup                        0x000031dd   Thumb Code    62  thread.o(i.rt_thread_startup)
    rt_thread_suspend                        0x0000321b   Thumb Code    68  thread.o(i.rt_thread_suspend)
    rt_thread_timeout                        0x0000325f   Thumb Code    32  thread.o(i.rt_thread_timeout)
    rt_thread_yield                          0x00003281   Thumb Code    92  thread.o(i.rt_thread_yield)
    rt_tick_get                              0x000032e5   Thumb Code     6  clock.o(i.rt_tick_get)
    rt_tick_increase                         0x000032f1   Thumb Code    42  clock.o(i.rt_tick_increase)
    rt_timer_check                           0x00003321   Thumb Code   160  timer.o(i.rt_timer_check)
    rt_timer_control                         0x000033c5   Thumb Code    98  timer.o(i.rt_timer_control)
    rt_timer_create                          0x00003427   Thumb Code    54  timer.o(i.rt_timer_create)
    rt_timer_detach                          0x0000345d   Thumb Code    40  timer.o(i.rt_timer_detach)
    rt_timer_init                            0x00003485   Thumb Code    46  timer.o(i.rt_timer_init)
    rt_timer_start                           0x000034b5   Thumb Code   226  timer.o(i.rt_timer_start)
    rt_timer_stop                            0x000035a1   Thumb Code    48  timer.o(i.rt_timer_stop)
    rt_vsnprintf                             0x000035d1   Thumb Code   824  kservice.o(i.rt_vsnprintf)
    rtthread_startup                         0x00003921   Thumb Code    42  components.o(i.rtthread_startup)
    sendEncoderBack                          0x0000394d   Thumb Code    42  main.o(i.sendEncoderBack)
    sendText                                 0x0000398d   Thumb Code    24  serial.o(i.sendText)
    __lowest_bit_bitmap                      0x00003aac   Data         256  kservice.o(.constdata)
    uartConfig                               0x00003bd0   Data          40  serial.o(.constdata)
    __rt_init_rti_start                      0x00003bf8   Data           4  components.o(.rti_fn.0)
    __rt_init_rti_board_start                0x00003bfc   Data           4  components.o(.rti_fn.0.end)
    __rt_init_rti_board_end                  0x00003c00   Data           4  components.o(.rti_fn.1.end)
    __rt_init_rti_end                        0x00003c04   Data           4  components.o(.rti_fn.6.end)
    Region$$Table$$Base                      0x00003c08   Number         0  anon$$obj.o(Region$$Table)
    Region$$Table$$Limit                     0x00003c28   Number         0  anon$$obj.o(Region$$Table)
    SystemCoreClock                          0x20000000   Data           4  system_msp432p401r.o(.data)
    rt_interrupt_from_thread                 0x20000004   Data           4  cpuport.o(.data)
    rt_interrupt_to_thread                   0x20000008   Data           4  cpuport.o(.data)
    rt_thread_switch_interrupt_flag          0x2000000c   Data           4  cpuport.o(.data)
    rt_interrupt_nest                        0x20000018   Data           1  irq.o(.data)
    rt_thread_ready_priority_group           0x20000074   Data           4  scheduler.o(.data)
    rt_current_thread                        0x2000007c   Data           4  scheduler.o(.data)
    rt_current_priority                      0x20000080   Data           1  scheduler.o(.data)
    rt_thread_defunct                        0x20000084   Data           8  scheduler.o(.data)
    countValue                               0x20000098   Data           4  hc-sr04.o(.data)
    AbleToConvert                            0x2000009c   Data           4  hc-sr04.o(.data)
    ProcessBtData                            0x200000a4   Data           4  hc-05.o(.data)
    state                                    0x200000a8   Data           1  hc-05.o(.data)
    dataPtr                                  0x200000a9   Data           1  hc-05.o(.data)
    encoder_left                             0x200000ac   Data           4  encoder.o(.data)
    encoder_right                            0x200000b0   Data           4  encoder.o(.data)
    rt_thread_priority_table                 0x200012d0   Data        1024  scheduler.o(.bss)
    rt_thread_ready_table                    0x200016d0   Data          32  scheduler.o(.bss)
    btdata                                   0x200016f0   Data          20  hc-05.o(.bss)
    __initial_sp                             0x20001908   Data           0  startup_msp432p401r_uvision.o(STACK)



==============================================================================

Memory Map of the image

  Image Entry point : 0x00000145

  Load Region LR_IROM1 (Base: 0x00000000, Size: 0x00003cdc, Max: 0x00040000, ABSOLUTE)

    Execution Region ER_IROM1 (Exec base: 0x00000000, Load base: 0x00000000, Size: 0x00003c28, Max: 0x00040000, ABSOLUTE)

    Exec Addr    Load Addr    Size         Type   Attr      Idx    E Section Name        Object

    0x00000000   0x00000000   0x00000144   Data   RO         4009    RESET               startup_msp432p401r_uvision.o
    0x00000144   0x00000144   0x00000000   Code   RO         5291  * .ARM.Collect$$$$00000000  mc_w.l(entry.o)
    0x00000144   0x00000144   0x00000004   Code   RO         5569    .ARM.Collect$$$$00000001  mc_w.l(entry2.o)
    0x00000148   0x00000148   0x00000004   Code   RO         5572    .ARM.Collect$$$$00000004  mc_w.l(entry5.o)
    0x0000014c   0x0000014c   0x00000000   Code   RO         5574    .ARM.Collect$$$$00000008  mc_w.l(entry7b.o)
    0x0000014c   0x0000014c   0x00000000   Code   RO         5576    .ARM.Collect$$$$0000000A  mc_w.l(entry8b.o)
    0x0000014c   0x0000014c   0x00000008   Code   RO         5577    .ARM.Collect$$$$0000000B  mc_w.l(entry9a.o)
    0x00000154   0x00000154   0x00000000   Code   RO         5579    .ARM.Collect$$$$0000000D  mc_w.l(entry10a.o)
    0x00000154   0x00000154   0x00000000   Code   RO         5581    .ARM.Collect$$$$0000000F  mc_w.l(entry11a.o)
    0x00000154   0x00000154   0x00000004   Code   RO         5570    .ARM.Collect$$$$00002712  mc_w.l(entry2.o)
    0x00000158   0x00000158   0x00000026   Code   RO          740    .emb_text           cpu.o
    0x0000017e   0x0000017e   0x00000002   PAD
    0x00000180   0x00000180   0x00000024   Code   RO         4010    .text               startup_msp432p401r_uvision.o
    0x000001a4   0x000001a4   0x00000134   Code   RO         4094    .text               context_rvds.o
    0x000002d8   0x000002d8   0x000000e4   Code   RO         5561    .text               mf_w.l(dmul.o)
    0x000003bc   0x000003bc   0x0000002c   Code   RO         5586    .text               mc_w.l(uidiv.o)
    0x000003e8   0x000003e8   0x00000062   Code   RO         5588    .text               mc_w.l(uldiv.o)
    0x0000044a   0x0000044a   0x00000000   Code   RO         5590    .text               mc_w.l(iusefp.o)
    0x0000044a   0x0000044a   0x000000ba   Code   RO         5593    .text               mf_w.l(depilogue.o)
    0x00000504   0x00000504   0x0000014e   Code   RO         5595    .text               mf_w.l(dadd.o)
    0x00000652   0x00000652   0x000000de   Code   RO         5597    .text               mf_w.l(ddiv.o)
    0x00000730   0x00000730   0x00000030   Code   RO         5599    .text               mf_w.l(dfixul.o)
    0x00000760   0x00000760   0x00000030   Code   RO         5601    .text               mf_w.l(cdrcmple.o)
    0x00000790   0x00000790   0x00000024   Code   RO         5603    .text               mc_w.l(init.o)
    0x000007b4   0x000007b4   0x0000001e   Code   RO         5606    .text               mc_w.l(llshl.o)
    0x000007d2   0x000007d2   0x00000020   Code   RO         5608    .text               mc_w.l(llushr.o)
    0x000007f2   0x000007f2   0x00000024   Code   RO         5610    .text               mc_w.l(llsshr.o)
    0x00000816   0x00000816   0x0000000a   Code   RO         4136    i.$Sub$$main        components.o
    0x00000820   0x00000820   0x00000028   Code   RO          854    i.CS_setDCOCenteredFrequency  cs.o
    0x00000848   0x00000848   0x0000016c   Code   RO          856    i.CS_setDCOFrequency  cs.o
    0x000009b4   0x000009b4   0x00000054   Code   RO          864    i.CS_tuneDCOFrequency  cs.o
    0x00000a08   0x00000a08   0x0000001c   Code   RO         5134    i.Delay_Init        delay.o
    0x00000a24   0x00000a24   0x00000084   Code   RO         5208    i.EUSCIA2_IRQHandler  hc-05.o
    0x00000aa8   0x00000aa8   0x00000014   Code   RO         1592    i.GPIO_clearInterruptFlag  gpio.o
    0x00000abc   0x00000abc   0x00000014   Code   RO         1594    i.GPIO_enableInterrupt  gpio.o
    0x00000ad0   0x00000ad0   0x00000054   Code   RO         1595    i.GPIO_getEnabledInterruptStatus  gpio.o
    0x00000b24   0x00000b24   0x00000020   Code   RO         1596    i.GPIO_getInputPinValue  gpio.o
    0x00000b44   0x00000b44   0x00000014   Code   RO         1597    i.GPIO_getInterruptStatus  gpio.o
    0x00000b58   0x00000b58   0x0000002c   Code   RO         1601    i.GPIO_setAsInputPinWithPullDownResistor  gpio.o
    0x00000b84   0x00000b84   0x0000002c   Code   RO         1602    i.GPIO_setAsInputPinWithPullUpResistor  gpio.o
    0x00000bb0   0x00000bb0   0x00000050   Code   RO         1604    i.GPIO_setAsPeripheralModuleFunctionInputPin  gpio.o
    0x00000c00   0x00000c00   0x00000074   Code   RO         2009    i.Interrupt_disableInterrupt  interrupt.o
    0x00000c74   0x00000c74   0x00000074   Code   RO         2012    i.Interrupt_enableInterrupt  interrupt.o
    0x00000ce8   0x00000ce8   0x00000010   Code   RO         2013    i.Interrupt_enableMaster  interrupt.o
    0x00000cf8   0x00000cf8   0x000000e8   Code   RO         5172    i.PORT2_IRQHandler  interrupt_1.o
    0x00000de0   0x00000de0   0x000000c4   Code   RO         5173    i.PORT3_IRQHandler  interrupt_1.o
    0x00000ea4   0x00000ea4   0x00000050   Code   RO         3286    i.SysCtl_getTLVInfo  sysctl.o
    0x00000ef4   0x00000ef4   0x00000010   Code   RO         4014    i.SysTick_Handler   board.o
    0x00000f04   0x00000f04   0x00000274   Code   RO         3974    i.SystemCoreClockUpdate  system_msp432p401r.o
    0x00001178   0x00001178   0x0000006c   Code   RO         3975    i.SystemInit        system_msp432p401r.o
    0x000011e4   0x000011e4   0x00000054   Code   RO         5174    i.TA0_N_IRQHandler  interrupt_1.o
    0x00001238   0x00001238   0x0000001e   Code   RO         3489    i.Timer_A_clearCaptureCompareInterrupt  timer_a.o
    0x00001256   0x00001256   0x0000000e   Code   RO         3491    i.Timer_A_clearTimer  timer_a.o
    0x00001264   0x00001264   0x00000014   Code   RO         3500    i.Timer_A_getCaptureCompareCount  timer_a.o
    0x00001278   0x00001278   0x00000008   Code   RO         3513    i.Timer_A_startCounter  timer_a.o
    0x00001280   0x00001280   0x0000000a   Code   RO         3514    i.Timer_A_stopTimer  timer_a.o
    0x0000128a   0x0000128a   0x00000008   Code   RO         3764    i.UART_clearInterruptFlag  uart.o
    0x00001292   0x00001292   0x00000016   Code   RO         3765    i.UART_disableInterrupt  uart.o
    0x000012a8   0x000012a8   0x0000000e   Code   RO         3768    i.UART_enableModule  uart.o
    0x000012b6   0x000012b6   0x00000048   Code   RO         3769    i.UART_getEnabledInterruptStatus  uart.o
    0x000012fe   0x000012fe   0x00000008   Code   RO         3770    i.UART_getInterruptStatus  uart.o
    0x00001306   0x00001306   0x000000f6   Code   RO         3773    i.UART_initModule   uart.o
    0x000013fc   0x000013fc   0x0000002c   Code   RO         3775    i.UART_receiveData  uart.o
    0x00001428   0x00001428   0x00000028   Code   RO         3782    i.UART_transmitData  uart.o
    0x00001450   0x00001450   0x00000018   Code   RO         3903    i.WDT_A_holdTimer   wdt_a.o
    0x00001468   0x00001468   0x00000030   Code   RO         4015    i._SysTick_Config   board.o
    0x00001498   0x00001498   0x00000028   Code   RO         5535    i.__0sprintf        mc_w.l(printfa.o)
    0x000014c0   0x000014c0   0x0000004c   Code   RO         4412    i.__rt_ffs          kservice.o
    0x0000150c   0x0000150c   0x0000000e   Code   RO         5615    i.__scatterload_copy  mc_w.l(handlers.o)
    0x0000151a   0x0000151a   0x00000002   Code   RO         5616    i.__scatterload_null  mc_w.l(handlers.o)
    0x0000151c   0x0000151c   0x0000000e   Code   RO         5617    i.__scatterload_zeroinit  mc_w.l(handlers.o)
    0x0000152a   0x0000152a   0x00000002   PAD
    0x0000152c   0x0000152c   0x00000184   Code   RO         5540    i._fp_digits        mc_w.l(printfa.o)
    0x000016b0   0x000016b0   0x000006dc   Code   RO         5541    i._printf_core      mc_w.l(printfa.o)
    0x00001d8c   0x00001d8c   0x00000024   Code   RO         5542    i._printf_post_padding  mc_w.l(printfa.o)
    0x00001db0   0x00001db0   0x0000002e   Code   RO         5543    i._printf_pre_padding  mc_w.l(printfa.o)
    0x00001dde   0x00001dde   0x00000002   PAD
    0x00001de0   0x00001de0   0x00000088   Code   RO         4811    i._rt_thread_init   thread.o
    0x00001e68   0x00001e68   0x00000042   Code   RO         4943    i._rt_timer_init    timer.o
    0x00001eaa   0x00001eaa   0x0000001c   Code   RO         4944    i._rt_timer_remove  timer.o
    0x00001ec6   0x00001ec6   0x0000000a   Code   RO         5545    i._sputc            mc_w.l(printfa.o)
    0x00001ed0   0x00001ed0   0x0000001c   Code   RO         4812    i._thread_cleanup_execute  thread.o
    0x00001eec   0x00001eec   0x0000003c   Code   RO            5    i.encoder_entry     main.o
    0x00001f28   0x00001f28   0x00000038   Code   RO         5101    i.initSerial        serial.o
    0x00001f60   0x00001f60   0x00000022   Code   RO         5252    i.init_encoder_left  encoder.o
    0x00001f82   0x00001f82   0x00000022   Code   RO         5253    i.init_encoder_right  encoder.o
    0x00001fa4   0x00001fa4   0x00000044   Code   RO            8    i.main              main.o
    0x00001fe8   0x00001fe8   0x0000000e   Code   RO         4137    i.main_thread_entry  components.o
    0x00001ff6   0x00001ff6   0x00000002   PAD
    0x00001ff8   0x00001ff8   0x00000078   Code   RO         4589    i.plug_holes        mem.o
    0x00002070   0x00002070   0x00000198   Code   RO         4414    i.print_number      kservice.o
    0x00002208   0x00002208   0x00000028   Code   RO         5254    i.read_encoder      encoder.o
    0x00002230   0x00002230   0x00000030   Code   RO         4138    i.rt_application_init  components.o
    0x00002260   0x00002260   0x0000001c   Code   RO         4139    i.rt_components_board_init  components.o
    0x0000227c   0x0000227c   0x0000001c   Code   RO         4140    i.rt_components_init  components.o
    0x00002298   0x00002298   0x00000020   Code   RO         4739    i.rt_enter_critical  scheduler.o
    0x000022b8   0x000022b8   0x00000044   Code   RO         4740    i.rt_exit_critical  scheduler.o
    0x000022fc   0x000022fc   0x000000e0   Code   RO         4591    i.rt_free           mem.o
    0x000023dc   0x000023dc   0x00000008   Code   RO         4016    i.rt_heap_begin_get  board.o
    0x000023e4   0x000023e4   0x00000008   Code   RO         4017    i.rt_heap_end_get   board.o
    0x000023ec   0x000023ec   0x00000034   Code   RO         4018    i.rt_hw_board_init  board.o
    0x00002420   0x00002420   0x00000002   Code   RO         4417    i.rt_hw_console_output  kservice.o
    0x00002422   0x00002422   0x00000002   PAD
    0x00002424   0x00002424   0x00000224   Code   RO         4058    i.rt_hw_hard_fault_exception  cpuport.o
    0x00002648   0x00002648   0x00000050   Code   RO         4059    i.rt_hw_stack_init  cpuport.o
    0x00002698   0x00002698   0x00000020   Code   RO         4385    i.rt_interrupt_enter  irq.o
    0x000026b8   0x000026b8   0x00000020   Code   RO         4387    i.rt_interrupt_leave  irq.o
    0x000026d8   0x000026d8   0x00000014   Code   RO         4245    i.rt_ipc_list_resume  ipc.o
    0x000026ec   0x000026ec   0x0000006e   Code   RO         4247    i.rt_ipc_list_suspend  ipc.o
    0x0000275a   0x0000275a   0x00000010   Code   RO         4248    i.rt_ipc_object_init  ipc.o
    0x0000276a   0x0000276a   0x00000002   PAD
    0x0000276c   0x0000276c   0x00000030   Code   RO         4418    i.rt_kprintf        kservice.o
    0x0000279c   0x0000279c   0x00000006   Code   RO         4249    i.rt_list_init      ipc.o
    0x000027a2   0x000027a2   0x00000006   Code   RO         4741    i.rt_list_init      scheduler.o
    0x000027a8   0x000027a8   0x00000006   Code   RO         4945    i.rt_list_init      timer.o
    0x000027ae   0x000027ae   0x0000000e   Code   RO         4651    i.rt_list_insert_after  object.o
    0x000027bc   0x000027bc   0x0000000e   Code   RO         4813    i.rt_list_insert_after  thread.o
    0x000027ca   0x000027ca   0x0000000e   Code   RO         4946    i.rt_list_insert_after  timer.o
    0x000027d8   0x000027d8   0x0000000e   Code   RO         4250    i.rt_list_insert_before  ipc.o
    0x000027e6   0x000027e6   0x00000010   Code   RO         4251    i.rt_list_isempty   ipc.o
    0x000027f6   0x000027f6   0x00000010   Code   RO         4947    i.rt_list_isempty   timer.o
    0x00002806   0x00002806   0x00000012   Code   RO         4652    i.rt_list_remove    object.o
    0x00002818   0x00002818   0x00000012   Code   RO         4814    i.rt_list_remove    thread.o
    0x0000282a   0x0000282a   0x00000012   Code   RO         4948    i.rt_list_remove    timer.o
    0x0000283c   0x0000283c   0x0000016c   Code   RO         4592    i.rt_malloc         mem.o
    0x000029a8   0x000029a8   0x00000048   Code   RO         4424    i.rt_memset         kservice.o
    0x000029f0   0x000029f0   0x00000054   Code   RO         4653    i.rt_object_allocate  object.o
    0x00002a44   0x00002a44   0x00000024   Code   RO         4654    i.rt_object_delete  object.o
    0x00002a68   0x00002a68   0x0000001e   Code   RO         4655    i.rt_object_detach  object.o
    0x00002a86   0x00002a86   0x00000002   PAD
    0x00002a88   0x00002a88   0x00000028   Code   RO         4657    i.rt_object_get_information  object.o
    0x00002ab0   0x00002ab0   0x00000056   Code   RO         4661    i.rt_object_init    object.o
    0x00002b06   0x00002b06   0x00000012   Code   RO         4662    i.rt_object_is_systemobject  object.o
    0x00002b18   0x00002b18   0x00000094   Code   RO         4742    i.rt_schedule       scheduler.o
    0x00002bac   0x00002bac   0x0000006c   Code   RO         4743    i.rt_schedule_insert_thread  scheduler.o
    0x00002c18   0x00002c18   0x00000074   Code   RO         4744    i.rt_schedule_remove_thread  scheduler.o
    0x00002c8c   0x00002c8c   0x00000026   Code   RO         4264    i.rt_sem_init       ipc.o
    0x00002cb2   0x00002cb2   0x00000052   Code   RO         4265    i.rt_sem_release    ipc.o
    0x00002d04   0x00002d04   0x00000074   Code   RO         4266    i.rt_sem_take       ipc.o
    0x00002d78   0x00002d78   0x000000b0   Code   RO         4426    i.rt_show_version   kservice.o
    0x00002e28   0x00002e28   0x00000034   Code   RO         4434    i.rt_strncpy        kservice.o
    0x00002e5c   0x00002e5c   0x000000f8   Code   RO         4595    i.rt_system_heap_init  mem.o
    0x00002f54   0x00002f54   0x0000005c   Code   RO         4745    i.rt_system_scheduler_init  scheduler.o
    0x00002fb0   0x00002fb0   0x00000044   Code   RO         4746    i.rt_system_scheduler_start  scheduler.o
    0x00002ff4   0x00002ff4   0x0000001c   Code   RO         4949    i.rt_system_timer_init  timer.o
    0x00003010   0x00003010   0x00000002   Code   RO         4950    i.rt_system_timer_thread_init  timer.o
    0x00003012   0x00003012   0x00000050   Code   RO         4816    i.rt_thread_create  thread.o
    0x00003062   0x00003062   0x00000002   PAD
    0x00003064   0x00003064   0x00000058   Code   RO         4821    i.rt_thread_exit    thread.o
    0x000030bc   0x000030bc   0x00000008   Code   RO         4210    i.rt_thread_idle_entry  idle.o
    0x000030c4   0x000030c4   0x00000060   Code   RO         4211    i.rt_thread_idle_excute  idle.o
    0x00003124   0x00003124   0x0000003c   Code   RO         4213    i.rt_thread_idle_init  idle.o
    0x00003160   0x00003160   0x00000034   Code   RO         4823    i.rt_thread_init    thread.o
    0x00003194   0x00003194   0x0000003c   Code   RO         4825    i.rt_thread_resume  thread.o
    0x000031d0   0x000031d0   0x0000000c   Code   RO         4826    i.rt_thread_self    thread.o
    0x000031dc   0x000031dc   0x0000003e   Code   RO         4828    i.rt_thread_startup  thread.o
    0x0000321a   0x0000321a   0x00000044   Code   RO         4829    i.rt_thread_suspend  thread.o
    0x0000325e   0x0000325e   0x00000020   Code   RO         4830    i.rt_thread_timeout  thread.o
    0x0000327e   0x0000327e   0x00000002   PAD
    0x00003280   0x00003280   0x00000064   Code   RO         4831    i.rt_thread_yield   thread.o
    0x000032e4   0x000032e4   0x0000000c   Code   RO         4100    i.rt_tick_get       clock.o
    0x000032f0   0x000032f0   0x00000030   Code   RO         4101    i.rt_tick_increase  clock.o
    0x00003320   0x00003320   0x000000a4   Code   RO         4951    i.rt_timer_check    timer.o
    0x000033c4   0x000033c4   0x00000062   Code   RO         4952    i.rt_timer_control  timer.o
    0x00003426   0x00003426   0x00000036   Code   RO         4953    i.rt_timer_create   timer.o
    0x0000345c   0x0000345c   0x00000028   Code   RO         4955    i.rt_timer_detach   timer.o
    0x00003484   0x00003484   0x0000002e   Code   RO         4956    i.rt_timer_init     timer.o
    0x000034b2   0x000034b2   0x00000002   PAD
    0x000034b4   0x000034b4   0x000000ec   Code   RO         4959    i.rt_timer_start    timer.o
    0x000035a0   0x000035a0   0x00000030   Code   RO         4960    i.rt_timer_stop     timer.o
    0x000035d0   0x000035d0   0x00000340   Code   RO         4437    i.rt_vsnprintf      kservice.o
    0x00003910   0x00003910   0x00000004   Code   RO         4141    i.rti_board_end     components.o
    0x00003914   0x00003914   0x00000004   Code   RO         4142    i.rti_board_start   components.o
    0x00003918   0x00003918   0x00000004   Code   RO         4143    i.rti_end           components.o
    0x0000391c   0x0000391c   0x00000004   Code   RO         4144    i.rti_start         components.o
    0x00003920   0x00003920   0x0000002a   Code   RO         4145    i.rtthread_startup  components.o
    0x0000394a   0x0000394a   0x00000002   PAD
    0x0000394c   0x0000394c   0x00000040   Code   RO            9    i.sendEncoderBack   main.o
    0x0000398c   0x0000398c   0x0000001c   Code   RO         5102    i.sendText          serial.o
    0x000039a8   0x000039a8   0x00000026   Code   RO         4439    i.skip_atoi         kservice.o
    0x000039ce   0x000039ce   0x00000002   PAD
    0x000039d0   0x000039d0   0x0000004c   Data   RO         1612    .constdata          gpio.o
    0x00003a1c   0x00003a1c   0x00000090   Data   RO         2028    .constdata          interrupt.o
    0x00003aac   0x00003aac   0x00000122   Data   RO         4441    .constdata          kservice.o
    0x00003bce   0x00003bce   0x00000002   PAD
    0x00003bd0   0x00003bd0   0x00000028   Data   RO         5103    .constdata          serial.o
    0x00003bf8   0x00003bf8   0x00000004   Data   RO         4146    .rti_fn.0           components.o
    0x00003bfc   0x00003bfc   0x00000004   Data   RO         4147    .rti_fn.0.end       components.o
    0x00003c00   0x00003c00   0x00000004   Data   RO         4148    .rti_fn.1.end       components.o
    0x00003c04   0x00003c04   0x00000004   Data   RO         4149    .rti_fn.6.end       components.o
    0x00003c08   0x00003c08   0x00000020   Data   RO         5613    Region$$Table       anon$$obj.o


    Execution Region RW_IRAM1 (Exec base: 0x20000000, Load base: 0x00003c28, Size: 0x00001908, Max: 0x00010000, ABSOLUTE)

    Exec Addr    Load Addr    Size         Type   Attr      Idx    E Section Name        Object

    0x20000000   0x00003c28   0x00000004   Data   RW         3976    .data               system_msp432p401r.o
    0x20000004   0x00003c2c   0x00000010   Data   RW         4060    .data               cpuport.o
    0x20000014   0x00003c3c   0x00000004   Data   RW         4103    .data               clock.o
    0x20000018   0x00003c40   0x00000001   Data   RW         4388    .data               irq.o
    0x20000019   0x00003c41   0x00000003   PAD
    0x2000001c   0x00003c44   0x00000018   Data   RW         4597    .data               mem.o
    0x20000034   0x00003c5c   0x00000040   Data   RW         4664    .data               object.o
    0x20000074   0x00003c9c   0x00000018   Data   RW         4748    .data               scheduler.o
    0x2000008c   0x00003cb4   0x0000000c   Data   RW         4961    .data               timer.o
    0x20000098   0x00003cc0   0x00000008   Data   RW         5062    .data               hc-sr04.o
    0x200000a0   0x00003cc8   0x00000001   Data   RW         5137    .data               delay.o
    0x200000a1   0x00003cc9   0x00000003   PAD
    0x200000a4   0x00003ccc   0x00000006   Data   RW         5213    .data               hc-05.o
    0x200000aa   0x00003cd2   0x00000002   PAD
    0x200000ac   0x00003cd4   0x00000008   Data   RW         5255    .data               encoder.o
    0x200000b4        -       0x00001000   Zero   RW         4019    .bss                board.o
    0x200010b4        -       0x0000017c   Zero   RW         4214    .bss                idle.o
    0x20001230        -       0x00000080   Zero   RW         4440    .bss                kservice.o
    0x200012b0        -       0x00000020   Zero   RW         4596    .bss                mem.o
    0x200012d0        -       0x00000420   Zero   RW         4747    .bss                scheduler.o
    0x200016f0        -       0x00000014   Zero   RW         5211    .bss                hc-05.o
    0x20001704   0x00003cdc   0x00000004   PAD
    0x20001708        -       0x00000200   Zero   RW         4007    STACK               startup_msp432p401r_uvision.o



  Load Region LR_IROM2 (Base: 0x00200000, Size: 0x00000000, Max: 0x00004000, ABSOLUTE)

    Execution Region ER_IROM2 (Exec base: 0x00200000, Load base: 0x00200000, Size: 0x00000000, Max: 0x00004000, ABSOLUTE)

    **** No section assigned to this execution region ****


==============================================================================

Image component sizes


      Code (inc. data)   RO Data    RW Data    ZI Data      Debug   Object Name

       132         16          0          0       4096       3413   board.o
        60         12          0          4          0       1169   clock.o
       186         30         16          0          0       5812   components.o
       308         28          0          0          0        824   context_rvds.o
        38          0          0          0          0        640   cpu.o
       628        342          0         16          0       4094   cpuport.o
       488         76          0          0          0       3052   cs.o
        28         12          0          1          0        617   delay.o
       108         10          0          8          0       1833   encoder.o
       344         52         76          0          0       6413   gpio.o
       132         22          0          6         20       1300   hc-05.o
         0          0          0          8          0        780   hc-sr04.o
       164         26          0          0        380       4986   idle.o
       248         16        144          0          0       2822   interrupt.o
       512         22          0          0          0       1785   interrupt_1.o
       418          0          0          0          0       8277   ipc.o
        64         12          0          1          0       1518   irq.o
      1704        164        290          0        128       8755   kservice.o
       192         58          0          0          0      24041   main.o
       956        224          0         24         32       3848   mem.o
       326          4          0         64          0       8176   object.o
       638        114          0         24       1056       8512   scheduler.o
        84         22         40          0          0       1513   serial.o
        36          8        324          0        512        928   startup_msp432p401r_uvision.o
        80          8          0          0          0       1284   sysctl.o
       736         80          0          4          0       1859   system_msp432p401r.o
       750         32          0          0          0      11223   thread.o
       864         24          0         12          0      12406   timer.o
        82          0          0          0          0       3076   timer_a.o
       454          0          0          0          0       5646   uart.o
        24          4          0          0          0        534   wdt_a.o

    ----------------------------------------------------------------------
     10804       1418        924        180       6228     141136   Object Totals
         0          0         32          0          0          0   (incl. Generated)
        20          0          2          8          4          0   (incl. Padding)

    ----------------------------------------------------------------------

      Code (inc. data)   RO Data    RW Data    ZI Data      Debug   Library Member Name

         0          0          0          0          0          0   entry.o
         0          0          0          0          0          0   entry10a.o
         0          0          0          0          0          0   entry11a.o
         8          4          0          0          0          0   entry2.o
         4          0          0          0          0          0   entry5.o
         0          0          0          0          0          0   entry7b.o
         0          0          0          0          0          0   entry8b.o
         8          4          0          0          0          0   entry9a.o
        30          0          0          0          0          0   handlers.o
        36          8          0          0          0         68   init.o
         0          0          0          0          0          0   iusefp.o
        30          0          0          0          0         68   llshl.o
        36          0          0          0          0         68   llsshr.o
        32          0          0          0          0         68   llushr.o
      2276         86          0          0          0        520   printfa.o
        44          0          0          0          0         80   uidiv.o
        98          0          0          0          0         92   uldiv.o
        48          0          0          0          0         68   cdrcmple.o
       334          0          0          0          0        148   dadd.o
       222          0          0          0          0        100   ddiv.o
       186          0          0          0          0        176   depilogue.o
        48          0          0          0          0         68   dfixul.o
       228          0          0          0          0         96   dmul.o

    ----------------------------------------------------------------------
      3672        102          0          0          0       1620   Library Totals
         4          0          0          0          0          0   (incl. Padding)

    ----------------------------------------------------------------------

      Code (inc. data)   RO Data    RW Data    ZI Data      Debug   Library Name

      2602        102          0          0          0        964   mc_w.l
      1066          0          0          0          0        656   mf_w.l

    ----------------------------------------------------------------------
      3672        102          0          0          0       1620   Library Totals

    ----------------------------------------------------------------------

==============================================================================


      Code (inc. data)   RO Data    RW Data    ZI Data      Debug   

     14476       1520        924        180       6228     129228   Grand Totals
     14476       1520        924        180       6228     129228   ELF Image Totals
     14476       1520        924        180          0          0   ROM Totals

==============================================================================

    Total RO  Size (Code + RO Data)                15400 (  15.04kB)
    Total RW  Size (RW Data + ZI Data)              6408 (   6.26kB)
    Total ROM Size (Code + RO Data + RW Data)      15580 (  15.21kB)

==============================================================================

