<html>
<body>
<pre>
<h1>µVision Build Log</h1>
<h2>Tool Versions:</h2>
IDE-Version: ¦ÌVision V5.26.2.0
Copyright (C) 2018 ARM Ltd and ARM Germany GmbH. All rights reserved.
License Information: Ziang 1940918445@qq.com, WHU, LIC=EXJT4-FR8DN-EVM1R-KY4ZX-UFX8Y-EQIVY
 
Tool Versions:
Toolchain:       MDK-ARM Plus  Version: 5.26.2.0
Toolchain Path:  D:\Environment\keil\ARM\ARMCC\Bin
C Compiler:      Armcc.exe V5.06 update 6 (build 750)
Assembler:       Armasm.exe V5.06 update 6 (build 750)
Linker/Locator:  ArmLink.exe V5.06 update 6 (build 750)
Library Manager: ArmAr.exe V5.06 update 6 (build 750)
Hex Converter:   FromElf.exe V5.06 update 6 (build 750)
CPU DLL:         SARMCM3.DLL V5.26.2.0
Dialog DLL:      DCM.DLL V1.17.2.0
Target DLL:      CMSIS_AGDI.dll V1.30.6.0
Dialog DLL:      TCM.DLL V1.36.1.0
 
<h2>Project:</h2>
D:\code\stm32\msp\template-rtthread\Keil\template.uvprojx
Project File Date:  06/19/2023

<h2>Output:</h2>
*** Using Compiler 'V5.06 update 6 (build 750)', folder: 'D:\Environment\keil\ARM\ARMCC\Bin'
Rebuild target 'template'
compiling cpu.c...
compiling adc14.c...
compiling crc32.c...
compiling comp_e.c...
compiling dma.c...
compiling flash_a.c...
compiling aes256.c...
compiling fpu.c...
compiling cs.c...
compiling flash.c...
compiling main.c...
..\User\Driver\HC-05.h(13): warning:  #1295-D: Deprecated declaration connectDevice - give arg types
  bool connectDevice();
..\User\Driver\HC-05.h(15): warning:  #1-D: last line of file ends without a newline
  #endif
..\User\Driver\Encoder.h(14): warning:  #1295-D: Deprecated declaration init_encoder_left - give arg types
  void init_encoder_left();
..\User\Driver\Encoder.h(15): warning:  #1295-D: Deprecated declaration init_encoder_right - give arg types
  void init_encoder_right();
..\User\Driver\Encoder.h(17): warning:  #1-D: last line of file ends without a newline
  int read_decoder(uint8_t side);
..\User\main.c(106): warning:  #550-D: variable "connected"  was set but never used
  	bool connected=false;
..\User\main.c(136): warning:  #223-D: function "read_encoder" declared implicitly
  	encoder_left=read_encoder(0);
..\User\main.c(148): warning:  #167-D: argument of type "void (*)()" is incompatible with parameter of type "void (*)(void *)"
  	rt_timer_t EncoderTimer=rt_timer_create("EncoderTimer",sendEncoderBack,RT_NULL,100,RT_TIMER_FLAG_PERIODIC);
..\User\main.c(166): warning:  #167-D: argument of type "void (*)()" is incompatible with parameter of type "void (*)(void *)"
  	rt_thread_t encoder_thread=rt_thread_create("Encoder",encoder_entry,RT_NULL,1024,25,50);
..\User\main.c(71): warning:  #177-D: function "blink_entry"  was declared but never referenced
  static void blink_entry()
..\User\main.c(82): warning:  #177-D: function "hcsr_entry"  was declared but never referenced
  static void hcsr_entry()
..\User\main.c(102): warning:  #177-D: function "hc05_entry"  was declared but never referenced
  static void hc05_entry()
..\User\main.c: 12 warnings, 0 errors
compiling mpu.c...
compiling lcd_f.c...
compiling interrupt.c...
compiling gpio.c...
..\Lib\ti\devices\msp432p4xx\driverlib\gpio.c(52): warning:  #1296-D: extended constant initialiser used
      (uint32_t)P1,
..\Lib\ti\devices\msp432p4xx\driverlib\gpio.c(53): warning:  #1296-D: extended constant initialiser used
      (uint32_t)P1+1,
..\Lib\ti\devices\msp432p4xx\driverlib\gpio.c(54): warning:  #1296-D: extended constant initialiser used
      (uint32_t)P3,
..\Lib\ti\devices\msp432p4xx\driverlib\gpio.c(55): warning:  #1296-D: extended constant initialiser used
      (uint32_t)P3+1,
..\Lib\ti\devices\msp432p4xx\driverlib\gpio.c(56): warning:  #1296-D: extended constant initialiser used
      (uint32_t)P5,
..\Lib\ti\devices\msp432p4xx\driverlib\gpio.c(57): warning:  #1296-D: extended constant initialiser used
      (uint32_t)P5+1,
..\Lib\ti\devices\msp432p4xx\driverlib\gpio.c(58): warning:  #1296-D: extended constant initialiser used
      (uint32_t)P7,
..\Lib\ti\devices\msp432p4xx\driverlib\gpio.c(59): warning:  #1296-D: extended constant initialiser used
      (uint32_t)P7+1,
..\Lib\ti\devices\msp432p4xx\driverlib\gpio.c(60): warning:  #1296-D: extended constant initialiser used
      (uint32_t)P9,
..\Lib\ti\devices\msp432p4xx\driverlib\gpio.c(61): warning:  #1296-D: extended constant initialiser used
      (uint32_t)P9+1,
..\Lib\ti\devices\msp432p4xx\driverlib\gpio.c(62): warning:  #1296-D: extended constant initialiser used
      (uint32_t)PJ
..\Lib\ti\devices\msp432p4xx\driverlib\gpio.c: 11 warnings, 0 errors
compiling i2c.c...
compiling reset.c...
compiling ref_a.c...
compiling pss.c...
compiling pmap.c...
compiling pcm.c...
compiling rtc_c.c...
assembling startup_msp432p401r_uvision.s...
compiling board.c...
compiling sysctl_a.c...
compiling cpuport.c...
compiling sysctl.c...
compiling spi.c...
compiling systick.c...
assembling context_rvds.S...
compiling clock.c...
compiling timer_a.c...
compiling components.c...
compiling cpu.c...
compiling timer32.c...
compiling idle.c...
compiling uart.c...
compiling system_msp432p401r.c...
compiling wdt_a.c...
compiling irq.c...
compiling ipc.c...
compiling kservice.c...
compiling mem.c...
compiling memheap.c...
compiling mempool.c...
compiling object.c...
compiling slab.c...
compiling scheduler.c...
compiling thread.c...
compiling timer.c...
compiling Serial.c...
compiling Delay.c...
compiling Encoder.c...
..\User\Driver\Encoder.h(14): warning:  #1295-D: Deprecated declaration init_encoder_left - give arg types
  void init_encoder_left();
..\User\Driver\Encoder.h(15): warning:  #1295-D: Deprecated declaration init_encoder_right - give arg types
  void init_encoder_right();
..\User\Driver\Encoder.h(17): warning:  #1-D: last line of file ends without a newline
  int read_decoder(uint8_t side);
..\User\Driver\Encoder.c: 3 warnings, 0 errors
compiling HC-05.c...
..\User\Driver\HC-05.h(13): warning:  #1295-D: Deprecated declaration connectDevice - give arg types
  bool connectDevice();
..\User\Driver\HC-05.h(15): warning:  #1-D: last line of file ends without a newline
  #endif
..\User\Driver\HC-05.c: 2 warnings, 0 errors
compiling HC-SR04.c...
compiling Interrupt.c...
..\User\Driver\Encoder.h(14): warning:  #1295-D: Deprecated declaration init_encoder_left - give arg types
  void init_encoder_left();
..\User\Driver\Encoder.h(15): warning:  #1295-D: Deprecated declaration init_encoder_right - give arg types
  void init_encoder_right();
..\User\Driver\Encoder.h(17): warning:  #1-D: last line of file ends without a newline
  int read_decoder(uint8_t side);
..\User\Driver\Interrupt.c(154): warning:  #1-D: last line of file ends without a newline
  }
..\User\Driver\Interrupt.c: 4 warnings, 0 errors
linking...
Program Size: Code=14476 RO-data=924 RW-data=180 ZI-data=6228  
".\Objects\template.axf" - 0 Error(s), 32 Warning(s).

<h2>Software Packages used:</h2>

Package Vendor: TexasInstruments
                http://software-dl.ti.com/msp430/msp430_public_sw/mcu/msp430/msp432cmsis/latest/exports/TexasInstruments.MSP432P4xx_DFP.3.2.6.pack
                TexasInstruments.MSP432P4xx_DFP.3.2.6
                Device Family Pack for Texas Instruments SimpleLink(TM) MSP432 Series

<h2>Collection of Component include folders:</h2>
  .\RTE\_template
  D:\Environment\keil\ARM\PACK\TexasInstruments\MSP432P4xx_DFP\3.2.6\Device\Include

<h2>Collection of Component Files used:</h2>
Build Time Elapsed:  00:00:05
</pre>
</body>
</html>
